<html>
<body>
<pre>
<h1>礦ision Build Log</h1>
<h2>Tool Versions:</h2>
IDE-Version: μVision V5.35.0.0
Copyright (C) 2021 ARM Ltd and ARM Germany GmbH. All rights reserved.
License Information: AAA RUANYONGYI, XIAONAN, LIC=21E4T-RU3XD-AR6XW-QQZSI-KKDD0-62BNS
 
Tool Versions:
Toolchain:       MDK-ARM Plus  Version: 5.35.0.2
Toolchain Path:  D:\Keil_v5\ARM\ARMCC\Bin
C Compiler:      Armcc.exe V5.06 update 7 (build 960)
Assembler:       Armasm.exe V5.06 update 7 (build 960)
Linker/Locator:  ArmLink.exe V5.06 update 7 (build 960)
Library Manager: ArmAr.exe V5.06 update 7 (build 960)
Hex Converter:   FromElf.exe V5.06 update 7 (build 960)
CPU DLL:         SARMCM3.DLL V5.35.0.2
Dialog DLL:      DCM.DLL V1.17.3.0
Target DLL:      CMSIS_AGDI.dll V1.33.0.0
Dialog DLL:      TCM.DLL V1.53.0.0
 
<h2>Project:</h2>
D:\小火车-LSC\软件\Odrive\OdriveTrainRev2.0-240923\ModularReader.uvprojx
Project File Date:  09/23/2024

<h2>Output:</h2>
*** Using Compiler 'V5.06 update 7 (build 960)', folder: 'D:\Keil_v5\ARM\ARMCC\Bin'
Rebuild target 'ModularReader'
compiling lcd.c...
compiling driver_crc.c...
compiling clockcount.c...
compiling app_Init.c...
compiling driver_clockCount.c...
compiling control.c...
compiling CAN2_Task.c...
compiling MYADC.c...
compiling supervisor.c...
compiling main.c...
compiling XHC_Task.c...
compiling balance.c...
Applications\balance.c(70): warning:  #1035-D: single-precision operand implicitly converted to double-precision
  			}else if(OdReceivedData.vel_estimate[1].float_temp * 0.2199f  > 0.2){
Applications\balance.c: 1 warning, 0 errors
compiling BSP_eeprom.c...
compiling pid.c...
Applications\pid.c(291): warning:  #550-D: variable "last_dev"  was set but never used
  	 static float Bias,Pwm,Last_bias=0,Prev_bias=0,Incremental_KP,Incremental_KI,Incremental_KD,last_dev,this_dev,alpha;
Applications\pid.c(291): warning:  #177-D: variable "alpha"  was declared but never referenced
  	 static float Bias,Pwm,Last_bias=0,Prev_bias=0,Incremental_KP,Incremental_KI,Incremental_KD,last_dev,this_dev,alpha;
Applications\pid.c(373): warning:  #1035-D: single-precision operand implicitly converted to double-precision
  	if(Pwm>0.1) Pwm  =  0.1;
Applications\pid.c(493): warning:  #550-D: variable "last_Input"  was set but never used
      static float Bias,Pwm,Last_Bias,Integral_bias=0,Position_KP,Position_KI,Position_KD,last_dev,this_dev,alpha,last_Input;
Applications\pid.c: 4 warnings, 0 errors
compiling ISP_USART.c...
compiling app.c...
Applications\APP\app.c(753): warning:  #940-D: missing return statement at end of non-void function "LoadingStation" 
  }
Applications\APP\app.c: 1 warning, 0 errors
compiling State.c...
Applications\STATE\State.c(806): warning:  #1035-D: single-precision operand implicitly converted to double-precision
  	SendDataBuf3[14+3+TrainBasketMaxNum] = PIDA.PWM*0.03;
Applications\STATE\State.c: 1 warning, 0 errors
compiling odrive.c...
Applications\odrive.c(1294): warning:  #111-D: statement is unreachable
  						break;								
Applications\odrive.c(1352): warning:  #111-D: statement is unreachable
  						break;								
Applications\odrive.c(1412): warning:  #111-D: statement is unreachable
  						break;								
Applications\odrive.c(1470): warning:  #111-D: statement is unreachable
  						break;								
Applications\odrive.c: 4 warnings, 0 errors
compiling driver_rgb.c...
compiling BSP_DMA.c...
compiling BSP_USART.c...
compiling driver_usbvcp.c...
compiling JY60.c...
BSP\JY60.c(94): warning:  #223-D: function "fabs" declared implicitly
  	if(fabs(bbb[0]>0)){
BSP\JY60.c: 1 warning, 0 errors
compiling bsp_can.c...
compiling isp_spi.c...
compiling isp_exit.c...
compiling bsp_exit.c...
compiling bsp_gpio.c...
compiling driver_key.c...
compiling driver_lcd.c...
compiling isp_tim.c...
compiling bsp_watchDog.c...
compiling bsp_spi_hw.c...
compiling bsp_pwm.c...
compiling bsp_timer.c...
compiling vofa.c...
compiling bsp_iic.c...
compiling misc.c...
compiling stm32f4xx_adc.c...
compiling stm32f4xx_can.c...
compiling stm32f4xx_syscfg.c...
compiling stm32f4xx_gpio.c...
compiling stm32f4xx_spi.c...
compiling stm32f4xx_rcc.c...
compiling stm32f4xx_usart.c...
compiling stm32f4xx_exti.c...
compiling cigan.c...
compiling stm32f4xx_dma.c...
compiling stm32f4xx_dac.c...
compiling encoder.c...
compiling stm32f4xx_tim.c...
compiling usartx.c...
BSP\usartx.c(838): warning:  #188-D: enumerated type mixed with another type
  				OdriveData.AxisState[0] = 27;
BSP\usartx.c(959): warning:  #177-D: variable "ucRxBuffer"  was declared but never referenced
  	static unsigned char ucRxBuffer[250];
BSP\usartx.c: 2 warnings, 0 errors
compiling list.c...
compiling heap_4.c...
compiling croutine.c...
compiling stm32f4xx_i2c.c...
compiling stm32f4xx_flash.c...
compiling port.c...
compiling event_groups.c...
compiling stm32f4xx_it.c...
compiling queue.c...
compiling timers.c...
compiling stm32f4xx_wwdg.c...
compiling stm32f4xx_iwdg.c...
compiling stm32f4xx_sdio.c...
compiling tasks.c...
assembling startup_stm32f40_41xxx.s...
compiling ramp.c...
compiling usb_dcd.c...
compiling usb_core.c...
compiling usbd_core.c...
compiling usbd_ioreq.c...
compiling usb_dcd_int.c...
compiling usbd_req.c...
compiling matrix.c...
compiling driver_laser.c...
compiling Ano_Math.c...
compiling MODBUSProtocol.c...
compiling algebra.c...
compiling system_stm32f4xx.c...
compiling cpu_utils.c...
compiling rotations.c...
compiling util.c...
compiling srcdkf.c...
compiling driver_flash.c...
compiling bsp_flash.c...
compiling config.c...
linking...
Program Size: Code=44088 RO-data=488 RW-data=1212 ZI-data=80272  
FromELF: creating hex file...
After Build - User command #1: fromelf --bin -o ".\bin_file\ModularReader.bin" "D:\小火车-LSC\软件\Odrive\OdriveTrainRev2.0-240923\Objects\ModularReader.axf"
".\Objects\ModularReader.axf" - 0 Error(s), 14 Warning(s).

<h2>Software Packages used:</h2>

Package Vendor: Keil
                http://www.keil.com/pack/Keil.STM32F4xx_DFP.2.7.0.pack
                Keil.STM32F4xx_DFP.2.7.0
                STMicroelectronics STM32F4 Series Device Support, Drivers and Examples

<h2>Collection of Component include folders:</h2>
  C:\Users\RUANYONGYI\AppData\Local\Arm\Packs\Keil\STM32F4xx_DFP\2.7.0\Drivers\CMSIS\Device\ST\STM32F4xx\Include

<h2>Collection of Component Files used:</h2>
Build Time Elapsed:  00:00:08
</pre>
</body>
</html>
