Component: ARM Compiler 5.06 update 7 (build 960) Tool: armlink [4d3601]

==============================================================================

Section Cross References

    app_init.o(i.appInit) refers to misc.o(i.NVIC_PriorityGroupConfig) for NVIC_PriorityGroupConfig
    app_init.o(i.appInit) refers to event_groups.o(i.xEventGroupCreate) for xEventGroupCreate
    app_init.o(i.appInit) refers to config.o(i.configInit) for configInit
    app_init.o(i.appInit) refers to odrive.o(i.OdriveInit) for OdriveInit
    app_init.o(i.appInit) refers to control.o(i.controlInit) for controlInit
    app_init.o(i.appInit) refers to xhc_task.o(i.XHCDataInit) for XHCDataInit
    app_init.o(i.appInit) refers to can2_task.o(i.CAN2DataInit) for CAN2DataInit
    app_init.o(i.appInit) refers to balance.o(i.balanceInit) for balanceInit
    app_init.o(i.appInit) refers to tasks.o(i.vTaskDelete) for vTaskDelete
    app_init.o(i.appInit) refers to app_init.o(.data) for taskInitData
    app_init.o(i.appInit) refers to driver_clockcount.o(.data) for clockClass
    control.o(i.congtrolGlobalInit) refers to usartx.o(i.uart1_init) for uart1_init
    control.o(i.controlInit) refers to tasks.o(i.xTaskCreate) for xTaskCreate
    control.o(i.controlInit) refers to supervisor.o(i.getsupervisorData) for getsupervisorData
    control.o(i.controlInit) refers to control.o(.bss) for controlData
    control.o(i.controlInit) refers to control.o(i.controlUpdateTask) for controlUpdateTask
    control.o(i.controlUpdateTask) refers to tasks.o(i.xTaskGetTickCount) for xTaskGetTickCount
    control.o(i.controlUpdateTask) refers to control.o(i.getcontrolData) for getcontrolData
    control.o(i.controlUpdateTask) refers to tasks.o(i.vTaskDelayUntil) for vTaskDelayUntil
    control.o(i.controlUpdateTask) refers to control.o(i.congtrolGlobalInit) for congtrolGlobalInit
    control.o(i.controlUpdateTask) refers to state.o(i.CanSendDataTask) for CanSendDataTask
    control.o(i.controlUpdateTask) refers to control.o(.bss) for controlData
    control.o(i.getcontrolData) refers to control.o(.bss) for controlData
    clockcount.o(i.getClockCount) refers to dfltui.o(.text) for __aeabi_ui2d
    clockcount.o(i.getClockCount) refers to dmul.o(.text) for __aeabi_dmul
    clockcount.o(i.getClockCount) refers to clockcount.o(.bss) for clockCountData
    odrive.o(i.CAN2_RX0_IRQHandler) refers to stm32f4xx_can.o(i.CAN_GetITStatus) for CAN_GetITStatus
    odrive.o(i.CAN2_RX0_IRQHandler) refers to stm32f4xx_can.o(i.CAN_ClearITPendingBit) for CAN_ClearITPendingBit
    odrive.o(i.CAN2_RX0_IRQHandler) refers to stm32f4xx_can.o(i.CAN_ClearFlag) for CAN_ClearFlag
    odrive.o(i.CAN2_RX0_IRQHandler) refers to stm32f4xx_can.o(i.CAN_Receive) for CAN_Receive
    odrive.o(i.CAN2_RX0_IRQHandler) refers to odrive.o(i.ODReadHeartBeatData) for ODReadHeartBeatData
    odrive.o(i.CAN2_RX0_IRQHandler) refers to odrive.o(i.ODReadVbusData) for ODReadVbusData
    odrive.o(i.CAN2_RX0_IRQHandler) refers to odrive.o(i.ODReadMotorErrorData) for ODReadMotorErrorData
    odrive.o(i.CAN2_RX0_IRQHandler) refers to odrive.o(i.ODReadEncoderCountData) for ODReadEncoderCountData
    odrive.o(i.CAN2_RX0_IRQHandler) refers to odrive.o(i.ODReadEncodeEstimatesData) for ODReadEncodeEstimatesData
    odrive.o(i.CAN2_RX0_IRQHandler) refers to odrive.o(i.ODReadEncodeErrorData) for ODReadEncodeErrorData
    odrive.o(i.CAN2_RX0_IRQHandler) refers to odrive.o(i.ODReadLimitData) for ODReadLimitData
    odrive.o(i.CAN2_RX0_IRQHandler) refers to odrive.o(i.ODReadPos_gainData) for ODReadPos_gainData
    odrive.o(i.CAN2_RX0_IRQHandler) refers to odrive.o(i.ODReadVel_gainsData) for ODReadVel_gainsData
    odrive.o(i.CAN2_RX0_IRQHandler) refers to odrive.o(i.ODReadTempData) for ODReadTempData
    odrive.o(i.CAN2_RX0_IRQHandler) refers to odrive.o(.data) for rxbuf2
    odrive.o(i.CAN2_RX0_IRQHandler) refers to odrive.o(.bss) for OdriveData
    odrive.o(i.CAN2_RX0_IRQHandler) refers to app.o(.data) for OdriveLifeFlag
    odrive.o(i.CAN2_TX_IRQHandler) refers to stm32f4xx_can.o(i.CAN_GetITStatus) for CAN_GetITStatus
    odrive.o(i.CAN2_TX_IRQHandler) refers to stm32f4xx_can.o(i.CAN_ClearITPendingBit) for CAN_ClearITPendingBit
    odrive.o(i.ODChangePos_gain) refers to odrive.o(i.ODSendPos_gainData) for ODSendPos_gainData
    odrive.o(i.ODChangePos_gain) refers to odrive.o(.bss) for OdriveData
    odrive.o(i.ODChangeVel_gain) refers to odrive.o(i.ODSendVel_gainsData) for ODSendVel_gainsData
    odrive.o(i.ODChangeVel_gain) refers to odrive.o(.bss) for OdriveData
    odrive.o(i.ODClearError) refers to odrive.o(i.OdriveSend_RemoteCmd) for OdriveSend_RemoteCmd
    odrive.o(i.ODClearError) refers to odrive.o(.bss) for OdriveData
    odrive.o(i.ODFlashSave) refers to odrive.o(i.OdriveSend_RemoteCmd) for OdriveSend_RemoteCmd
    odrive.o(i.ODFlashSave) refers to odrive.o(.bss) for OdriveData
    odrive.o(i.ODRESET_ODRIVE) refers to odrive.o(i.OdriveSend_RemoteCmd) for OdriveSend_RemoteCmd
[...]
    FrontCarPositionPokec1                   0x2000027a   Data           2  app.o(.data)
    FrontCarPositionPokec2                   0x2000027c   Data           2  app.o(.data)
    FrontCarPositionFlag                     0x2000027e   Data           1  app.o(.data)
    FrontCarInStationCount                   0x2000027f   Data           1  app.o(.data)
    FrontCarPositionHead                     0x20000280   Data           2  app.o(.data)
    CarPositionPocket                        0x20000282   Data           2  app.o(.data)
    CarDistance                              0x20000284   Data           2  app.o(.data)
    SendDataFlag                             0x20000286   Data           1  app.o(.data)
    ReciveRightFlag                          0x20000287   Data           1  app.o(.data)
    CarSignalNum                             0x20000288   Data           1  app.o(.data)
    TrainBasketPosition                      0x2000028a   Data           2  app.o(.data)
    gPowerValueFloat                         0x2000028c   Data           4  app.o(.data)
    powervol                                 0x20000290   Data           2  app.o(.data)
    gCarBatPower                             0x20000294   Data           4  app.o(.data)
    carpower                                 0x20000298   Data           2  app.o(.data)
    ST1ACKFlag                               0x2000029a   Data           1  app.o(.data)
    TrainApplyForExitFlag                    0x2000029b   Data           1  app.o(.data)
    BreakCargo                               0x2000029c   Data           1  app.o(.data)
    CarGo                                    0x2000029d   Data           1  app.o(.data)
    CarBack                                  0x2000029e   Data           1  app.o(.data)
    ScranTrain                               0x2000029f   Data           1  app.o(.data)
    StionStop                                0x200002a0   Data           1  app.o(.data)
    CarDirection                             0x200002a1   Data           1  app.o(.data)
    IDMaxNum                                 0x200002a2   Data           2  app.o(.data)
    CarScranFlag                             0x200002a4   Data           1  app.o(.data)
    TrainRestFlag                            0x200002a5   Data           1  app.o(.data)
    CarDriveFlag                             0x200002a6   Data           1  app.o(.data)
    NowCarGoACK                              0x200002a7   Data           1  app.o(.data)
    ChargeACK                                0x200002a8   Data           1  app.o(.data)
    StopAddrFlag                             0x200002a9   Data           1  app.o(.data)
    TrainRestACK                             0x200002aa   Data           1  app.o(.data)
    BoxesDieStop                             0x200002ab   Data           1  app.o(.data)
    ApplicationtTavel                        0x200002ac   Data           1  app.o(.data)
    ForceTravel1                             0x200002ad   Data           1  app.o(.data)
    ForceTravel2                             0x200002ae   Data           1  app.o(.data)
    ForceTravel3                             0x200002af   Data           1  app.o(.data)
    ConfigrationFlag                         0x200002b0   Data           1  app.o(.data)
    InStationFlag                            0x200002b1   Data           1  app.o(.data)
    InStationCount                           0x200002b2   Data           1  app.o(.data)
    LDDelayFlag                              0x200002b3   Data           1  app.o(.data)
    LD_Step                                  0x200002b4   Data           1  app.o(.data)
    OdriveLifeFlag                           0x200002b5   Data           1  app.o(.data)
    BasketLifeFlag                           0x200002b8   Data           4  app.o(.data)
    ReadDataFlag                             0x200002bc   Data           1  app.o(.data)
    CanSendCoount                            0x200002bd   Data           1  app.o(.data)
    ChargePosition                           0x200002be   Data           2  app.o(.data)
    ChargeFlag                               0x200002c0   Data           1  app.o(.data)
    WhyStoping                               0x200002c1   Data           1  app.o(.data)
    SensorLD                                 0x200002c2   Data           1  app.o(.data)
    CaseNum                                  0x200002c4   Data           2  app.o(.data)
    Pocket4                                  0x200002c6   Data           1  app.o(.data)
    TrainBasketMaxNum                        0x200002c7   Data           1  app.o(.data)
    TrainMode                                0x200002c8   Data           1  app.o(.data)
    HigSpeed                                 0x200002c9   Data           1  app.o(.data)
    MidSpeed                                 0x200002ca   Data           1  app.o(.data)
    LowSpeed                                 0x200002cb   Data           1  app.o(.data)
    OutStationQuicken                        0x200002cc   Data           1  app.o(.data)
    FollowHigSpeed                           0x200002cd   Data           1  app.o(.data)
    FollowMidSpeed                           0x200002ce   Data           1  app.o(.data)
    FollowLowSpeed                           0x200002cf   Data           1  app.o(.data)
    InStationHigtoMidSpeed                   0x200002d0   Data           1  app.o(.data)
    InStationMidtoLowSpeed                   0x200002d1   Data           1  app.o(.data)
    TrainMaxNum                              0x200002d2   Data           1  app.o(.data)
    RecycleCaseNum                           0x200002d4   Data           2  app.o(.data)
    MFContralZS                              0x200002d6   Data           1  app.o(.data)
    MFContralDS                              0x200002d7   Data           1  app.o(.data)
    TrainHeadNum                             0x200002d8   Data           1  app.o(.data)
    WorkOffFlag                              0x200002d9   Data           1  app.o(.data)
    count                                    0x200002dc   Data           4  app.o(.data)
    i                                        0x200002e0   Data           1  app.o(.data)
    Uart2_Rx_length                          0x200002e4   Data           2  state.o(.data)
    Uart2_Tx_length                          0x200002e6   Data           2  state.o(.data)
    Uart1_Rx_length                          0x200002e8   Data           2  state.o(.data)
    Uart1_Tx_length                          0x200002ea   Data           2  state.o(.data)
    TrainWarning                             0x200002ec   Data           1  state.o(.data)
    SensorWarning                            0x200002ed   Data           1  state.o(.data)
    SensorWarningDelay1                      0x200002ee   Data           2  state.o(.data)
    SensorWarningDelay2                      0x200002f0   Data           2  state.o(.data)
    SensorWarningDelay3                      0x200002f2   Data           2  state.o(.data)
    SensorWarningDelay4                      0x200002f4   Data           2  state.o(.data)
    SensorWarningDelay5                      0x200002f6   Data           2  state.o(.data)
    SensorWarningDelay6                      0x200002f8   Data           2  state.o(.data)
    SensorWarningDelay7                      0x200002fa   Data           2  state.o(.data)
    SensorWarningDelay8                      0x200002fc   Data           2  state.o(.data)
    TrainDircition                           0x200002fe   Data           1  state.o(.data)
    TrainState                               0x200002ff   Data           1  state.o(.data)
    TrainStateOld                            0x20000300   Data           1  state.o(.data)
    StepState                                0x20000301   Data           1  state.o(.data)
    StepSt0                                  0x20000302   Data           1  state.o(.data)
    CarGoGoFlag                              0x20000303   Data           1  state.o(.data)
    PocketStep                               0x20000304   Data           1  state.o(.data)
    OldTrainState                            0x20000305   Data           1  state.o(.data)
    NewTrainState                            0x20000306   Data           1  state.o(.data)
    zeroCount                                0x20000307   Data           1  state.o(.data)
    zeroFlag                                 0x20000308   Data           1  state.o(.data)
    TrainMileage                             0x2000030c   Data           4  state.o(.data)
    OldTrainMileage                          0x20000310   Data           4  state.o(.data)
    vofa_sendFlag                            0x20000314   Data           1  state.o(.data)
    InStationLSFlag                          0x20000315   Data           1  state.o(.data)
    BasketNumber                             0x20000316   Data           1  state.o(.data)
    DeliverResulBasketNumber                 0x20000317   Data           1  state.o(.data)
    MoterBrakeFlag                           0x20000318   Data           1  state.o(.data)
    MoterBrakeFlagH                          0x20000319   Data           1  state.o(.data)
    BreakStopFlag                            0x2000031a   Data           1  state.o(.data)
    GoTrainflag                              0x2000031b   Data           1  state.o(.data)
    TravelCommand                            0x2000031c   Data           1  state.o(.data)
    ApplicationAddrFlag                      0x2000031d   Data           1  state.o(.data)
    Reply_Result_Flag                        0x2000031e   Data           1  state.o(.data)
    SendDataBuf1                             0x2000031f   Data           7  state.o(.data)
    SendDataBuf4                             0x20000326   Data           6  state.o(.data)
    SendDataBuf5                             0x2000032c   Data           6  state.o(.data)
    SendDataBuf7                             0x20000332   Data           6  state.o(.data)
    SendDataBuf8                             0x20000338   Data           8  state.o(.data)
    TimerSendDataCount                       0x20000340   Data           1  state.o(.data)
    SendCount                                0x20000341   Data           1  state.o(.data)
    DelaySendFlag                            0x20000342   Data           1  state.o(.data)
    CageNumber                               0x20000344   Data           2  state.o(.data)
    WIFIdatalen                              0x20000346   Data           1  state.o(.data)
    IntermediateVariable1                    0x20000347   Data           1  state.o(.data)
    IntermediateVariable2                    0x20000348   Data           1  state.o(.data)
    StopLG                                   0x2000034a   Data           2  state.o(.data)
    StopLGFlag                               0x2000034c   Data           1  state.o(.data)
    ShieldBasket                             0x2000034d   Data           1  state.o(.data)
    RecycleBasket                            0x2000034e   Data           1  state.o(.data)
    RecycleBasketFlag                        0x2000034f   Data           1  state.o(.data)
    CanSendOutStationFlag                    0x20000350   Data           1  state.o(.data)
    CanSendOutStationDelay                   0x20000352   Data           2  state.o(.data)
    MBSpeed                                  0x20000354   Data           4  state.o(.data)
    MBSpeedOld                               0x20000358   Data           4  state.o(.data)
    MBSpeeddelay                             0x2000035c   Data           2  state.o(.data)
    SendUDPDataDelay200ms                    0x2000035e   Data           1  state.o(.data)
    SendUDPDataDelay100ms                    0x2000035f   Data           1  state.o(.data)
    SendUDPDataDelay50ms                     0x20000360   Data           1  state.o(.data)
    SendUDPDataDelay30ms                     0x20000361   Data           1  state.o(.data)
    HeartDelayCount                          0x20000362   Data           1  state.o(.data)
    SendCanDataDelayCnt                      0x20000363   Data           1  state.o(.data)
    WIFISendDataDelayCount                   0x20000364   Data           1  state.o(.data)
    AlltrainST1Flag                          0x20000365   Data           1  state.o(.data)
    trainST1Flag                             0x20000366   Data           1  state.o(.data)
    CheckSumAPP                              0x20000368   Data           4  state.o(.data)
    CheckSumAPP1                             0x2000036c   Data           4  state.o(.data)
    CheckSumAPP2                             0x20000370   Data           4  state.o(.data)
    wer                                      0x20000374   Data           1  state.o(.data)
    test121                                  0x20000375   Data           1  state.o(.data)
    test123                                  0x20000376   Data           1  state.o(.data)
    test124                                  0x20000377   Data           1  state.o(.data)
    MyADC_Buff                               0x20000378   Data           4  myadc.o(.data)
    ADC_Value                                0x2000037c   Data           4  myadc.o(.data)
    gGetAdcCounter                           0x20000380   Data           2  myadc.o(.data)
    Remote_Keyvalue                          0x20000384   Data           2  remote.o(.data)
    RmtSta                                   0x20000386   Data           1  remote.o(.data)
    Dval                                     0x20000388   Data           2  remote.o(.data)
    RmtRec                                   0x2000038c   Data           4  remote.o(.data)
    RmtCnt                                   0x20000390   Data           1  remote.o(.data)
    clockClass                               0x20000391   Data           4  driver_clockcount.o(.data)
    CmdBuff                                  0x2000039c   Data           8  driver_usbvcp.o(.data)
    APP_Rx_ptr_in                            0x200003a4   Data           4  driver_usbvcp.o(.data)
    APP_Rx_ptr_out                           0x200003a8   Data           4  driver_usbvcp.o(.data)
    APP_Rx_length                            0x200003ac   Data           4  driver_usbvcp.o(.data)
    USB_Tx_State                             0x200003b0   Data           1  driver_usbvcp.o(.data)
    USBD_CDC_cb                              0x200003bc   Data          44  driver_usbvcp.o(.data)
    usbd_cdc_CfgDesc                         0x200003e8   Data          67  driver_usbvcp.o(.data)
    VCP_fops                                 0x2000042c   Data          20  driver_usbvcp.o(.data)
    USR_desc                                 0x20000440   Data          28  driver_usbvcp.o(.data)
    USBD_DeviceDesc                          0x2000045c   Data          18  driver_usbvcp.o(.data)
    USBD_DeviceQualifierDesc                 0x2000046e   Data          10  driver_usbvcp.o(.data)
    USBD_LangIDDesc                          0x20000478   Data           4  driver_usbvcp.o(.data)
    USBD_StringSerial                        0x2000047c   Data          26  driver_usbvcp.o(.data)
    USR_cb                                   0x20000498   Data          28  driver_usbvcp.o(.data)
    usbStatus                                0x200004b4   Data           1  driver_usbvcp.o(.data)
    usbPreemptionPriority                    0x200004b5   Data           1  driver_usbvcp.o(.data)
    usbSubPriority                           0x200004b6   Data           1  driver_usbvcp.o(.data)
    flag                                     0x200004bc   Data           1  usartx.o(.data)
    g_usart1_recv_cnt                        0x200004c0   Data           4  usartx.o(.data)
    g_usart3_recv_cnt                        0x200004c4   Data           4  usartx.o(.data)
    g_usart4_recv_cnt                        0x200004c8   Data           4  usartx.o(.data)
    __stdout                                 0x200004cc   Data           4  usartx.o(.data)
    USART_RX_STA                             0x200004d0   Data           2  usartx.o(.data)
    pxCurrentTCB                             0x2000050c   Data           4  tasks.o(.data)
    SET_TEST_MODE                            0x20000564   Data           4  usbd_core.o(.data)
    USBD_DCD_INT_cb                          0x20000568   Data          44  usbd_core.o(.data)
    USBD_DCD_INT_fops                        0x20000594   Data           4  usbd_core.o(.data)
    USBD_ep_status                           0x20000598   Data           4  usbd_req.o(.data)
    USBD_default_cfg                         0x2000059c   Data           4  usbd_req.o(.data)
    USBD_cfg_status                          0x200005a0   Data           4  usbd_req.o(.data)
    heapUsed                                 0x200005a8   Data           4  util.o(.data)
    heapHighWater                            0x200005ac   Data           4  util.o(.data)
    dataSramUsed                             0x200005b0   Data           4  util.o(.data)
    numStacks                                0x200005b4   Data           4  util.o(.data)
    __microlib_freelist                      0x200005b8   Data           4  mvars.o(.data)
    __microlib_freelist_initialised          0x200005bc   Data           4  mvars.o(.data)
    controlData                              0x200005c0   Data          12  control.o(.bss)
    OdriveData                               0x200005cc   Data         177  odrive.o(.bss)
    OdReceivedData                           0x2000067d   Data         344  odrive.o(.bss)
    buf                                      0x200007d8   Data          40  odrive.o(.bss)
    ODSendData                               0x20000800   Data           9  odrive.o(.bss)
    supervisorData                           0x20000844   Data          83  supervisor.o(.bss)
    PIDA                                     0x20000898   Data          72  pid.o(.bss)
    balanceData                              0x200008e0   Data          13  balance.o(.bss)
    EW                                       0x200008ed   Data          22  balance.o(.bss)
    NFC                                      0x20000903   Data          16  balance.o(.bss)
    mypid                                    0x20000913   Data         108  balance.o(.bss)
    XHCData                                  0x2000097f   Data           9  xhc_task.o(.bss)
    CAN2Data                                 0x20000988   Data           9  can2_task.o(.bss)
    can1_rx_msg                              0x20000994   Data          20  can2_task.o(.bss)
    RxMessage                                0x200009a8   Data          20  app.o(.bss)
    TxMessage                                0x200009bc   Data          20  app.o(.bss)
    GetSpeedVaule                            0x200009d0   Data         120  app.o(.bss)
    gCheckHeartLiveCount                     0x20000a48   Data          42  app.o(.bss)
    AppSendAddr                              0x20000a74   Data          84  app.o(.bss)
    AddrAckState                             0x20000ac8   Data          42  app.o(.bss)
    LastDeliverResultNum                     0x20000af4   Data          84  app.o(.bss)
    LGTimerCntBuff                           0x20000b48   Data          84  app.o(.bss)
    LastPoketNum                             0x20000b9c   Data          42  app.o(.bss)
    DeliverResultTimer                       0x20000bc6   Data          42  app.o(.bss)
    BasketError                              0x20000bf0   Data          24  app.o(.bss)
    Icount                                   0x20000c08   Data          21  app.o(.bss)
    Icount1                                  0x20000c1d   Data          21  app.o(.bss)
    Icount2                                  0x20000c32   Data          21  app.o(.bss)
    Uart2_Rx                                 0x20000c47   Data        1074  state.o(.bss)
    Uart2_Tx                                 0x20001079   Data         256  state.o(.bss)
    Uart1_Rx                                 0x20001179   Data        1074  state.o(.bss)
    Uart1_Tx                                 0x200015ab   Data         256  state.o(.bss)
    SendDataBuf2                             0x200016ab   Data         180  state.o(.bss)
    SendDataBuf3                             0x2000175f   Data          90  state.o(.bss)
    SendDataBuf6                             0x200017b9   Data          27  state.o(.bss)
    SendDataBuf9                             0x200017d4   Data          30  state.o(.bss)
    SendDataBuf10                            0x200017f2   Data          50  state.o(.bss)
    SendDataBuf11                            0x20001824   Data          10  state.o(.bss)
    SendDataBuf12                            0x2000182e   Data          10  state.o(.bss)
    SendDataBuf13                            0x20001838   Data          10  state.o(.bss)
    SendDataBuf14                            0x20001842   Data          10  state.o(.bss)
    SendDataBuf15                            0x2000184c   Data          10  state.o(.bss)
    SendDataBuf16                            0x20001856   Data          10  state.o(.bss)
    WIFISendDataBuf                          0x20001860   Data         150  state.o(.bss)
    garry_ch0                                0x200018f6   Data          20  myadc.o(.bss)
    usbd_cdc_OtherCfgDesc                    0x2000190c   Data          67  driver_usbvcp.o(.bss)
    USB_Rx_Buffer                            0x2000194f   Data          64  driver_usbvcp.o(.bss)
    APP_Rx_Buffer                            0x2000198f   Data        2048  driver_usbvcp.o(.bss)
    USBD_StrDesc                             0x2000218f   Data         255  driver_usbvcp.o(.bss)
    USB_OTG_dev                              0x20002290   Data        1524  driver_usbvcp.o(.bss)
    Send_Data                                0x20002884   Data          48  usartx.o(.bss)
    Receive_Data                             0x200028b4   Data          32  usartx.o(.bss)
    g_usart1_recv_buf                        0x200028d4   Data         400  usartx.o(.bss)
    g_usart1_send_buf                        0x20002a64   Data         200  usartx.o(.bss)
    g_usart3_recv_buf                        0x20002b2c   Data         400  usartx.o(.bss)
    g_usart4_recv_buf                        0x20002cbc   Data         400  usartx.o(.bss)
    g_usart3_send_buf                        0x20002e4c   Data         200  usartx.o(.bss)
    USART_RX_BUF                             0x20002f14   Data         200  usartx.o(.bss)
    xQueueRegistry                           0x200123c4   Data          64  queue.o(.bss)
    __heap_base                              0x200125d0   Data           0  startup_stm32f40_41xxx.o(HEAP)
    __heap_limit                             0x200145d0   Data           0  startup_stm32f40_41xxx.o(HEAP)
    __initial_sp                             0x200149d0   Data           0  startup_stm32f40_41xxx.o(STACK)



==============================================================================

Memory Map of the image

  Image Entry point : 0x08010189

  Load Region LR_IROM1 (Base: 0x08010000, Size: 0x00010308, Max: 0x00100000, ABSOLUTE, COMPRESSED[0x0000fe90])

    Execution Region ER_IROM1 (Exec base: 0x08010000, Load base: 0x08010000, Size: 0x0000fd48, Max: 0x00100000, ABSOLUTE)

    Exec Addr    Load Addr    Size         Type   Attr      Idx    E Section Name        Object

    0x08010000   0x08010000   0x00000188   Data   RO         9517    RESET               startup_stm32f40_41xxx.o
    0x08010188   0x08010188   0x00000000   Code   RO        10008  * .ARM.Collect$$$$00000000  mc_w.l(entry.o)
    0x08010188   0x08010188   0x00000004   Code   RO        10359    .ARM.Collect$$$$00000001  mc_w.l(entry2.o)
    0x0801018c   0x0801018c   0x00000004   Code   RO        10362    .ARM.Collect$$$$00000004  mc_w.l(entry5.o)
    0x08010190   0x08010190   0x00000000   Code   RO        10364    .ARM.Collect$$$$00000008  mc_w.l(entry7b.o)
    0x08010190   0x08010190   0x00000000   Code   RO        10366    .ARM.Collect$$$$0000000A  mc_w.l(entry8b.o)
    0x08010190   0x08010190   0x00000008   Code   RO        10367    .ARM.Collect$$$$0000000B  mc_w.l(entry9a.o)
    0x08010198   0x08010198   0x00000004   Code   RO        10374    .ARM.Collect$$$$0000000E  mc_w.l(entry12b.o)
    0x0801019c   0x0801019c   0x00000000   Code   RO        10369    .ARM.Collect$$$$0000000F  mc_w.l(entry10a.o)
    0x0801019c   0x0801019c   0x00000000   Code   RO        10371    .ARM.Collect$$$$00000011  mc_w.l(entry11a.o)
    0x0801019c   0x0801019c   0x00000004   Code   RO        10360    .ARM.Collect$$$$00002712  mc_w.l(entry2.o)
    0x080101a0   0x080101a0   0x000000be   Code   RO         7053    .emb_text           port.o
    0x0801025e   0x0801025e   0x00000002   PAD
    0x08010260   0x08010260   0x00000024   Code   RO         9518    .text               startup_stm32f40_41xxx.o
    0x08010284   0x08010284   0x00000024   Code   RO        10011    .text               mc_w.l(memcpya.o)
    0x080102a8   0x080102a8   0x00000024   Code   RO        10013    .text               mc_w.l(memseta.o)
    0x080102cc   0x080102cc   0x0000001e   Code   RO        10019    .text               mc_w.l(strncmp.o)
    0x080102ea   0x080102ea   0x00000002   PAD
    0x080102ec   0x080102ec   0x00000038   Code   RO        10312    .text               mc_w.l(__0sscanf.o)
    0x08010324   0x08010324   0x0000014c   Code   RO        10314    .text               mc_w.l(_scanf_int.o)
    0x08010470   0x08010470   0x00000360   Code   RO        10316    .text               mc_w.l(scanf_fp.o)
    0x080107d0   0x080107d0   0x0000014e   Code   RO        10320    .text               mf_w.l(dadd.o)
    0x0801091e   0x0801091e   0x000000e4   Code   RO        10322    .text               mf_w.l(dmul.o)
    0x08010a02   0x08010a02   0x000000de   Code   RO        10324    .text               mf_w.l(ddiv.o)
    0x08010ae0   0x08010ae0   0x0000001a   Code   RO        10328    .text               mf_w.l(dfltui.o)
    0x08010afa   0x08010afa   0x00000032   Code   RO        10330    .text               mf_w.l(dfixui.o)
    0x08010b2c   0x08010b2c   0x00000026   Code   RO        10332    .text               mf_w.l(f2d.o)
    0x08010b52   0x08010b52   0x00000002   PAD
    0x08010b54   0x08010b54   0x00000030   Code   RO        10334    .text               mf_w.l(cdcmple.o)
    0x08010b84   0x08010b84   0x00000030   Code   RO        10336    .text               mf_w.l(cdrcmple.o)
    0x08010bb4   0x08010bb4   0x00000038   Code   RO        10338    .text               mf_w.l(d2f.o)
    0x08010bec   0x08010bec   0x0000002c   Code   RO        10375    .text               mc_w.l(uidiv.o)
    0x08010c18   0x08010c18   0x00000062   Code   RO        10377    .text               mc_w.l(uldiv.o)
    0x08010c7a   0x08010c7a   0x0000001e   Code   RO        10379    .text               mc_w.l(llshl.o)
    0x08010c98   0x08010c98   0x00000020   Code   RO        10381    .text               mc_w.l(llushr.o)
    0x08010cb8   0x08010cb8   0x00000024   Code   RO        10383    .text               mc_w.l(llsshr.o)
    0x08010cdc   0x08010cdc   0x0000001c   Code   RO        10394    .text               mc_w.l(_chval.o)
    0x08010cf8   0x08010cf8   0x00000028   Code   RO        10396    .text               mc_w.l(scanf_char.o)
    0x08010d20   0x08010d20   0x00000040   Code   RO        10398    .text               mc_w.l(_sgetc.o)
    0x08010d60   0x08010d60   0x00000000   Code   RO        10400    .text               mc_w.l(iusefp.o)
    0x08010d60   0x08010d60   0x0000006e   Code   RO        10401    .text               mf_w.l(fepilogue.o)
    0x08010dce   0x08010dce   0x000000ba   Code   RO        10403    .text               mf_w.l(depilogue.o)
    0x08010e88   0x08010e88   0x00000018   Code   RO        10407    .text               mf_w.l(dfltul.o)
    0x08010ea0   0x08010ea0   0x00000030   Code   RO        10409    .text               mf_w.l(dfixul.o)
    0x08010ed0   0x08010ed0   0x00000024   Code   RO        10413    .text               mc_w.l(init.o)
    0x08010ef4   0x08010ef4   0x0000000a   Code   RO        10415    .text               mc_w.l(isspace_c.o)
    0x08010efe   0x08010efe   0x00000002   PAD
    0x08010f00   0x08010f00   0x00000330   Code   RO        10417    .text               mc_w.l(_scanf.o)
    0x08011230   0x08011230   0x00000028   Code   RO        10419    .text               mc_w.l(ctype_c.o)
    0x08011258   0x08011258   0x00000056   Code   RO        10430    .text               mc_w.l(__dczerorl2.o)
    0x080112ae   0x080112ae   0x00000016   Code   RO         4004    i.ADC_Cmd           stm32f4xx_adc.o
    0x080112c4   0x080112c4   0x00000030   Code   RO         4005    i.ADC_CommonInit    stm32f4xx_adc.o
    0x080112f4   0x080112f4   0x0000000c   Code   RO         4006    i.ADC_CommonStructInit  stm32f4xx_adc.o
    0x08011300   0x08011300   0x00000016   Code   RO         4008    i.ADC_DMACmd        stm32f4xx_adc.o
    0x08011316   0x08011316   0x00000016   Code   RO         4009    i.ADC_DMARequestAfterLastTransferCmd  stm32f4xx_adc.o
    0x0801132c   0x0801132c   0x00000054   Code   RO         4024    i.ADC_Init          stm32f4xx_adc.o
    0x08011380   0x08011380   0x000000b8   Code   RO         4029    i.ADC_RegularChannelConfig  stm32f4xx_adc.o
    0x08011438   0x08011438   0x0000000a   Code   RO         4031    i.ADC_SoftwareStartConv  stm32f4xx_adc.o
    0x08011442   0x08011442   0x00000014   Code   RO         4033    i.ADC_StructInit    stm32f4xx_adc.o
    0x08011456   0x08011456   0x00000002   PAD
    0x08011458   0x08011458   0x00000078   Code   RO         1760    i.ADDRACKToApp      state.o
    0x080114d0   0x080114d0   0x00000044   Code   RO         1761    i.ApplicationCommandUart1  state.o
    0x08011514   0x08011514   0x000000cc   Code   RO         1762    i.ApplyForExit      state.o
    0x080115e0   0x080115e0   0x000000fc   Code   RO         3002    i.BSP_CAN_Mode_Init  bsp_can.o
    0x080116dc   0x080116dc   0x0000002c   Code   RO         3003    i.BSP_CAN_RCC_Init  bsp_can.o
    0x08011708   0x08011708   0x0000008c   Code   RO         3118    i.BSP_GPIO_Init     bsp_gpio.o
    0x08011794   0x08011794   0x0000009c   Code   RO         3119    i.BSP_GPIO_RCC_Init  bsp_gpio.o
    0x08011830   0x08011830   0x00000062   Code   RO         3224    i.BSP_TIM_INT_Init  bsp_timer.o
    0x08011892   0x08011892   0x00000002   PAD
    0x08011894   0x08011894   0x00000118   Code   RO         3226    i.BSP_TIM_RCC_Init  bsp_timer.o
    0x080119ac   0x080119ac   0x0000003c   Code   RO         1764    i.BanStationAck     state.o
    0x080119e8   0x080119e8   0x00000004   Code   RO         6641    i.BusFault_Handler  stm32f4xx_it.o
    0x080119ec   0x080119ec   0x00000068   Code   RO         1444    i.CAN1_RX0_IRQHandler  can2_task.o
    0x08011a54   0x08011a54   0x00000024   Code   RO         1445    i.CAN1_TX_IRQHandler  can2_task.o
    0x08011a78   0x08011a78   0x00000038   Code   RO         1446    i.CAN2DataInit      can2_task.o
    0x08011ab0   0x08011ab0   0x00000118   Code   RO         3006    i.CAN2_Mode_Init    bsp_can.o
    0x08011bc8   0x08011bc8   0x00000360   Code   RO          829    i.CAN2_RX0_IRQHandler  odrive.o
    0x08011f28   0x08011f28   0x0000001c   Code   RO          830    i.CAN2_TX_IRQHandler  odrive.o
    0x08011f44   0x08011f44   0x000000c8   Code   RO         1447    i.CAN2_TaskGlobalInit  can2_task.o
    0x0801200c   0x0801200c   0x0000055c   Code   RO         1448    i.CAN2_TaskUpdateTask  can2_task.o
    0x08012568   0x08012568   0x00000038   Code   RO         4245    i.CAN_ClearFlag     stm32f4xx_can.o
    0x080125a0   0x080125a0   0x000000a8   Code   RO         4246    i.CAN_ClearITPendingBit  stm32f4xx_can.o
    0x08012648   0x08012648   0x00000038   Code   RO         4248    i.CAN_DeInit        stm32f4xx_can.o
    0x08012680   0x08012680   0x00000108   Code   RO         4250    i.CAN_FilterInit    stm32f4xx_can.o
    0x08012788   0x08012788   0x00000120   Code   RO         4252    i.CAN_GetITStatus   stm32f4xx_can.o
    0x080128a8   0x080128a8   0x00000012   Code   RO         4256    i.CAN_ITConfig      stm32f4xx_can.o
    0x080128ba   0x080128ba   0x00000114   Code   RO         4257    i.CAN_Init          stm32f4xx_can.o
    0x080129ce   0x080129ce   0x000000f0   Code   RO         4260    i.CAN_Receive       stm32f4xx_can.o
    0x08012abe   0x08012abe   0x00000002   PAD
    0x08012ac0   0x08012ac0   0x00000034   Code   RO         4261    i.CAN_SlaveStartBank  stm32f4xx_can.o
    0x08012af4   0x08012af4   0x00000020   Code   RO         4263    i.CAN_StructInit    stm32f4xx_can.o
    0x08012b14   0x08012b14   0x00000020   Code   RO         3007    i.CAN_TO_NVIC_IRQChannel  bsp_can.o
    0x08012b34   0x08012b34   0x00000126   Code   RO         4265    i.CAN_Transmit      stm32f4xx_can.o
    0x08012c5a   0x08012c5a   0x00000002   PAD
    0x08012c5c   0x08012c5c   0x000000a0   Code   RO         4266    i.CAN_TransmitStatus  stm32f4xx_can.o
    0x08012cfc   0x08012cfc   0x00000020   Code   RO         3008    i.CANx_TO_GPIO_AF   bsp_can.o
    0x08012d1c   0x08012d1c   0x00000088   Code   RO         1765    i.CanSendDataTask   state.o
    0x08012da4   0x08012da4   0x000000b0   Code   RO         1766    i.Can_Send_Config   state.o
    0x08012e54   0x08012e54   0x00000134   Code   RO         1767    i.Can_Send_Distribute  state.o
    0x08012f88   0x08012f88   0x000000d4   Code   RO         1768    i.Can_Send_OutStation  state.o
    0x0801305c   0x0801305c   0x00000094   Code   RO         1769    i.Can_Send_ReciveResult  state.o
    0x080130f0   0x080130f0   0x00000044   Code   RO         1770    i.CarRestACK        state.o
    0x08013134   0x08013134   0x00000044   Code   RO         1771    i.ChargeACKData     state.o
    0x08013178   0x08013178   0x0000016c   Code   RO         1502    i.ChargeStop        app.o
    0x080132e4   0x080132e4   0x0000032c   Code   RO         1503    i.CheckCarCanCmd    app.o
    0x08013610   0x08013610   0x00000012   Code   RO         4268    i.CheckITStatus     stm32f4xx_can.o
    0x08013622   0x08013622   0x00000002   PAD
    0x08013624   0x08013624   0x0000003c   Code   RO         1772    i.ConfigrationAck   state.o
    0x08013660   0x08013660   0x0000004a   Code   RO         8283    i.DCD_EP_Close      usb_dcd.o
    0x080136aa   0x080136aa   0x00000048   Code   RO         8284    i.DCD_EP_ClrStall   usb_dcd.o
    0x080136f2   0x080136f2   0x00000068   Code   RO         8286    i.DCD_EP_Open       usb_dcd.o
    0x0801375a   0x0801375a   0x00000052   Code   RO         8287    i.DCD_EP_PrepareRx  usb_dcd.o
    0x080137ac   0x080137ac   0x0000001c   Code   RO         8288    i.DCD_EP_SetAddress  usb_dcd.o
    0x080137c8   0x080137c8   0x00000048   Code   RO         8289    i.DCD_EP_Stall      usb_dcd.o
    0x08013810   0x08013810   0x0000004e   Code   RO         8290    i.DCD_EP_Tx         usb_dcd.o
    0x0801385e   0x0801385e   0x00000002   PAD
    0x08013860   0x08013860   0x00000198   Code   RO         8380    i.DCD_HandleEnumDone_ISR  usb_dcd_int.o
    0x080139f8   0x080139f8   0x00000128   Code   RO         8381    i.DCD_HandleInEP_ISR  usb_dcd_int.o
    0x08013b20   0x08013b20   0x00000100   Code   RO         8382    i.DCD_HandleOutEP_ISR  usb_dcd_int.o
    0x08013c20   0x08013c20   0x0000006c   Code   RO         8383    i.DCD_HandleResume_ISR  usb_dcd_int.o
    0x08013c8c   0x08013c8c   0x000000b0   Code   RO         8384    i.DCD_HandleRxStatusQueueLevel_ISR  usb_dcd_int.o
    0x08013d3c   0x08013d3c   0x0000002c   Code   RO         8385    i.DCD_HandleSof_ISR  usb_dcd_int.o
    0x08013d68   0x08013d68   0x000000a8   Code   RO         8386    i.DCD_HandleUSBSuspend_ISR  usb_dcd_int.o
    0x08013e10   0x08013e10   0x00000104   Code   RO         8387    i.DCD_HandleUsbReset_ISR  usb_dcd_int.o
    0x08013f14   0x08013f14   0x0000002c   Code   RO         8388    i.DCD_IsoINIncomplete_ISR  usb_dcd_int.o
    0x08013f40   0x08013f40   0x0000002c   Code   RO         8389    i.DCD_IsoOUTIncomplete_ISR  usb_dcd_int.o
    0x08013f6c   0x08013f6c   0x00000028   Code   RO         8390    i.DCD_ReadDevInEP   usb_dcd_int.o
    0x08013f94   0x08013f94   0x000000ac   Code   RO         8391    i.DCD_WriteEmptyTxFifo  usb_dcd_int.o
    0x08014040   0x08014040   0x00000034   Code   RO         5903    i.DMA_ClearFlag     stm32f4xx_dma.o
    0x08014074   0x08014074   0x00000016   Code   RO         5905    i.DMA_Cmd           stm32f4xx_dma.o
    0x0801408a   0x0801408a   0x00000002   PAD
    0x0801408c   0x0801408c   0x00000078   Code   RO         3473    i.DMA_Config        usartx.o
    0x08014104   0x08014104   0x00000158   Code   RO         5906    i.DMA_DeInit        stm32f4xx_dma.o
    0x0801425c   0x0801425c   0x00000014   Code   RO         5910    i.DMA_GetCmdStatus  stm32f4xx_dma.o
    0x08014270   0x08014270   0x00000008   Code   RO         5911    i.DMA_GetCurrDataCounter  stm32f4xx_dma.o
    0x08014278   0x08014278   0x00000044   Code   RO         5914    i.DMA_GetFlagStatus  stm32f4xx_dma.o
    0x080142bc   0x080142bc   0x00000058   Code   RO         5917    i.DMA_Init          stm32f4xx_dma.o
    0x08014314   0x08014314   0x00000022   Code   RO         5921    i.DMA_StructInit    stm32f4xx_dma.o
    0x08014336   0x08014336   0x00000002   Code   RO         6642    i.DebugMon_Handler  stm32f4xx_it.o
    0x08014338   0x08014338   0x00000098   Code   RO         1774    i.DeliverResultToApp  state.o
    0x080143d0   0x080143d0   0x00000154   Code   RO         1504    i.Display           app.o
    0x08014524   0x08014524   0x0000008c   Code   RO         1966    i.EEPROM_GPIO_Init  bsp_eeprom.o
    0x080145b0   0x080145b0   0x00000038   Code   RO         1967    i.EEPROM_NoAck      bsp_eeprom.o
    0x080145e8   0x080145e8   0x0000004e   Code   RO         1969    i.EEPROM_Read_Byte  bsp_eeprom.o
    0x08014636   0x08014636   0x0000001a   Code   RO         1970    i.EEPROM_Read_u16   bsp_eeprom.o
    0x08014650   0x08014650   0x00000058   Code   RO         1971    i.EEPROM_ReceiveByte  bsp_eeprom.o
    0x080146a8   0x080146a8   0x00000058   Code   RO         1972    i.EEPROM_SendByte   bsp_eeprom.o
    0x08014700   0x08014700   0x00000060   Code   RO         1973    i.EEPROM_Start      bsp_eeprom.o
    0x08014760   0x08014760   0x00000038   Code   RO         1974    i.EEPROM_Stop       bsp_eeprom.o
    0x08014798   0x08014798   0x00000050   Code   RO         1975    i.EEPROM_WaitAck    bsp_eeprom.o
    0x080147e8   0x080147e8   0x00000040   Code   RO         1977    i.EEPROM_Write_Byte  bsp_eeprom.o
    0x08014828   0x08014828   0x00000022   Code   RO         1978    i.EEPROM_Write_u16  bsp_eeprom.o
    0x0801484a   0x0801484a   0x0000000a   Code   RO         1979    i.EEPROM_delay      bsp_eeprom.o
    0x08014854   0x08014854   0x00000018   Code   RO         2686    i.EXTI0_IRQHandler  isp_exit.o
    0x0801486c   0x0801486c   0x00000084   Code   RO         2687    i.EXTI15_10_IRQHandler  isp_exit.o
    0x080148f0   0x080148f0   0x00000020   Code   RO         3813    i.EXTI1_IRQHandler  cigan.o
    0x08014910   0x08014910   0x00000018   Code   RO         2688    i.EXTI2_IRQHandler  isp_exit.o
    0x08014928   0x08014928   0x00000018   Code   RO         2689    i.EXTI3_IRQHandler  isp_exit.o
    0x08014940   0x08014940   0x00000018   Code   RO         2690    i.EXTI4_IRQHandler  isp_exit.o
    0x08014958   0x08014958   0x00000020   Code   RO         3814    i.EXTI9_5_IRQHandler  cigan.o
    0x08014978   0x08014978   0x0000000c   Code   RO         5837    i.EXTI_ClearFlag    stm32f4xx_exti.o
    0x08014984   0x08014984   0x0000000c   Code   RO         5838    i.EXTI_ClearITPendingBit  stm32f4xx_exti.o
    0x08014990   0x08014990   0x0000008c   Code   RO         3815    i.EXTI_Configuration  cigan.o
    0x08014a1c   0x08014a1c   0x00000018   Code   RO         5842    i.EXTI_GetITStatus  stm32f4xx_exti.o
    0x08014a34   0x08014a34   0x00000094   Code   RO         5843    i.EXTI_Init         stm32f4xx_exti.o
    0x08014ac8   0x08014ac8   0x0000000c   Code   RO         6155    i.FLASH_ClearFlag   stm32f4xx_flash.o
    0x08014ad4   0x08014ad4   0x00000024   Code   RO         6156    i.FLASH_DataCacheCmd  stm32f4xx_flash.o
    0x08014af8   0x08014af8   0x00000014   Code   RO         6157    i.FLASH_DataCacheReset  stm32f4xx_flash.o
    0x08014b0c   0x08014b0c   0x00000088   Code   RO         6161    i.FLASH_EraseSector  stm32f4xx_flash.o
    0x08014b94   0x08014b94   0x00000054   Code   RO         6163    i.FLASH_GetStatus   stm32f4xx_flash.o
    0x08014be8   0x08014be8   0x00000014   Code   RO         6167    i.FLASH_Lock        stm32f4xx_flash.o
    0x08014bfc   0x08014bfc   0x00000050   Code   RO         6191    i.FLASH_ProgramWord  stm32f4xx_flash.o
    0x08014c4c   0x08014c4c   0x00000024   Code   RO         6193    i.FLASH_Unlock      stm32f4xx_flash.o
    0x08014c70   0x08014c70   0x00000022   Code   RO         6194    i.FLASH_WaitForLastOperation  stm32f4xx_flash.o
    0x08014c92   0x08014c92   0x0000001e   Code   RO         3739    i.Float_to_Byte     vofa.o
    0x08014cb0   0x08014cb0   0x00000090   Code   RO         4918    i.GPIO_Init         stm32f4xx_gpio.o
    0x08014d40   0x08014d40   0x00000046   Code   RO         4919    i.GPIO_PinAFConfig  stm32f4xx_gpio.o
    0x08014d86   0x08014d86   0x000000a6   Code   RO         3120    i.GPIO_Pin_TO_GPIO_PinSource  bsp_gpio.o
    0x08014e2c   0x08014e2c   0x0000001a   Code   RO         3121    i.GPIO_Pin_TO_PinAFConfig  bsp_gpio.o
    0x08014e46   0x08014e46   0x00000004   Code   RO         4925    i.GPIO_ResetBits    stm32f4xx_gpio.o
    0x08014e4a   0x08014e4a   0x00000004   Code   RO         4926    i.GPIO_SetBits      stm32f4xx_gpio.o
    0x08014e4e   0x08014e4e   0x00000012   Code   RO         4927    i.GPIO_StructInit   stm32f4xx_gpio.o
    0x08014e60   0x08014e60   0x0000002c   Code   RO         2088    i.GetAdcAverage     myadc.o
    0x08014e8c   0x08014e8c   0x000000e4   Code   RO         9609    i.GetSector         driver_flash.o
    0x08014f70   0x08014f70   0x00000034   Code   RO         2358    i.Get_SerialNum     driver_usbvcp.o
    0x08014fa4   0x08014fa4   0x000000dc   Code   RO         2359    i.Handle_USBAsynchXfer  driver_usbvcp.o
    0x08015080   0x08015080   0x00000014   Code   RO         6643    i.HardFault_Handler  stm32f4xx_it.o
    0x08015094   0x08015094   0x00000238   Code   RO         1775    i.HeartToApp        state.o
    0x080152cc   0x080152cc   0x00000098   Code   RO         1506    i.IAP_APP_CAN_ReStart  app.o
    0x08015364   0x08015364   0x00000074   Code   RO         1508    i.IAP_Can_Send_Msg  app.o
    0x080153d8   0x080153d8   0x00000014   Code   RO         1509    i.IAP_Send_Device_ino  app.o
    0x080153ec   0x080153ec   0x00000250   Code   RO         1776    i.IO_Init           state.o
    0x0801563c   0x0801563c   0x00000070   Code   RO         1777    i.InStationToAPP    state.o
    0x080156ac   0x080156ac   0x0000014c   Code   RO         1198    i.Incremental_PID   pid.o
    0x080157f8   0x080157f8   0x0000003e   Code   RO         2360    i.IntToUnicode      driver_usbvcp.o
    0x08015836   0x08015836   0x00000002   PAD
    0x08015838   0x08015838   0x00000044   Code   RO         1778    i.JT808DataPackageSend  state.o
    0x0801587c   0x0801587c   0x0000008c   Code   RO         1510    i.KeyScan           app.o
    0x08015908   0x08015908   0x00000022   Code   RO         1511    i.LED_Tube_Choose_DisPlay1  app.o
    0x0801592a   0x0801592a   0x00000002   PAD
    0x0801592c   0x0801592c   0x000002e0   Code   RO         1512    i.LoadingStation    app.o
    0x08015c0c   0x08015c0c   0x00000004   Code   RO         6644    i.MemManage_Handler  stm32f4xx_it.o
    0x08015c10   0x08015c10   0x0000003c   Code   RO         2089    i.MyADC_GetValue    myadc.o
    0x08015c4c   0x08015c4c   0x000000cc   Code   RO         2090    i.MyADC_Init        myadc.o
    0x08015d18   0x08015d18   0x00000070   Code   RO         2091    i.MyDMA_Init        myadc.o
    0x08015d88   0x08015d88   0x00000002   Code   RO         6645    i.NMI_Handler       stm32f4xx_it.o
    0x08015d8a   0x08015d8a   0x00000002   PAD
    0x08015d8c   0x08015d8c   0x00000078   Code   RO         3950    i.NVIC_Init         misc.o
    0x08015e04   0x08015e04   0x00000014   Code   RO         3951    i.NVIC_PriorityGroupConfig  misc.o
    0x08015e18   0x08015e18   0x00000090   Code   RO          832    i.ODChangePos_gain  odrive.o
    0x08015ea8   0x08015ea8   0x00000090   Code   RO          833    i.ODChangeVel_gain  odrive.o
    0x08015f38   0x08015f38   0x00000054   Code   RO          834    i.ODClearError      odrive.o
    0x08015f8c   0x08015f8c   0x00000054   Code   RO          835    i.ODFlashSave       odrive.o
    0x08015fe0   0x08015fe0   0x00000054   Code   RO          836    i.ODRESET_ODRIVE    odrive.o
    0x08016034   0x08016034   0x0000002e   Code   RO          837    i.ODReadEncodeErrorData  odrive.o
    0x08016062   0x08016062   0x00000058   Code   RO          838    i.ODReadEncodeEstimatesData  odrive.o
    0x080160ba   0x080160ba   0x00000058   Code   RO          839    i.ODReadEncoderCountData  odrive.o
    0x08016112   0x08016112   0x00000048   Code   RO          840    i.ODReadHeartBeatData  odrive.o
    0x0801615a   0x0801615a   0x00000058   Code   RO          841    i.ODReadLimitData   odrive.o
    0x080161b2   0x080161b2   0x0000002e   Code   RO          842    i.ODReadMotorErrorData  odrive.o
    0x080161e0   0x080161e0   0x0000002e   Code   RO          844    i.ODReadPos_gainData  odrive.o
    0x0801620e   0x0801620e   0x00000058   Code   RO          845    i.ODReadTempData    odrive.o
    0x08016266   0x08016266   0x0000004c   Code   RO          846    i.ODReadVbusData    odrive.o
    0x080162b2   0x080162b2   0x00000058   Code   RO          847    i.ODReadVel_gainsData  odrive.o
    0x0801630a   0x0801630a   0x00000002   PAD
    0x0801630c   0x0801630c   0x000000a4   Code   RO          848    i.ODRequestedState  odrive.o
    0x080163b0   0x080163b0   0x000000f6   Code   RO          849    i.ODSET_CONTROL_MODE  odrive.o
    0x080164a6   0x080164a6   0x00000052   Code   RO          850    i.ODSendInputCurData  odrive.o
    0x080164f8   0x080164f8   0x00000052   Code   RO          851    i.ODSendInputPosData  odrive.o
    0x0801654a   0x0801654a   0x00000002   PAD
    0x0801654c   0x0801654c   0x000000a4   Code   RO          852    i.ODSendInputVelData  odrive.o
    0x080165f0   0x080165f0   0x00000042   Code   RO          854    i.ODSendPos_gainData  odrive.o
    0x08016632   0x08016632   0x0000007c   Code   RO          855    i.ODSendVel_gainsData  odrive.o
    0x080166ae   0x080166ae   0x00000002   PAD
    0x080166b0   0x080166b0   0x00000090   Code   RO          857    i.ODSetMotorState   odrive.o
    0x08016740   0x08016740   0x00000010   Code   RO         2361    i.OTG_FS_IRQHandler  driver_usbvcp.o
    0x08016750   0x08016750   0x000000d4   Code   RO          858    i.OdriveGlobalInit  odrive.o
    0x08016824   0x08016824   0x00000034   Code   RO          859    i.OdriveInit        odrive.o
    0x08016858   0x08016858   0x0000007e   Code   RO          860    i.OdriveSendData    odrive.o
    0x080168d6   0x080168d6   0x0000005c   Code   RO          861    i.OdriveSend_RemoteCmd  odrive.o
    0x08016932   0x08016932   0x00000002   PAD
    0x08016934   0x08016934   0x00000188   Code   RO         1205    i.Position_PID_G    pid.o
    0x08016abc   0x08016abc   0x000000b8   Code   RO         1514    i.PowerValueLedShow  app.o
    0x08016b74   0x08016b74   0x00000020   Code   RO         4411    i.RCC_AHB1PeriphClockCmd  stm32f4xx_rcc.o
    0x08016b94   0x08016b94   0x00000020   Code   RO         4420    i.RCC_APB1PeriphClockCmd  stm32f4xx_rcc.o
    0x08016bb4   0x08016bb4   0x00000020   Code   RO         4422    i.RCC_APB1PeriphResetCmd  stm32f4xx_rcc.o
    0x08016bd4   0x08016bd4   0x00000020   Code   RO         4423    i.RCC_APB2PeriphClockCmd  stm32f4xx_rcc.o
    0x08016bf4   0x08016bf4   0x000000e8   Code   RO         4432    i.RCC_GetClocksFreq  stm32f4xx_rcc.o
    0x08016cdc   0x08016cdc   0x000000fc   Code   RO         1779    i.ReadDataACK       state.o
    0x08016dd8   0x08016dd8   0x00000134   Code   RO         1780    i.ReadE2promData    state.o
    0x08016f0c   0x08016f0c   0x00000064   Code   RO         3887    i.Read_Encoder      encoder.o
    0x08016f70   0x08016f70   0x00000044   Code   RO         1781    i.RecyAck           state.o
    0x08016fb4   0x08016fb4   0x000000bc   Code   RO         2137    i.Remote_Init       remote.o
    0x08017070   0x08017070   0x00000060   Code   RO         2138    i.Remote_Scan       remote.o
    0x080170d0   0x080170d0   0x00000002   Code   RO         2734    i.SPI1_IRQHandler   isp_spi.o
    0x080170d2   0x080170d2   0x00000002   Code   RO         2735    i.SPI2_IRQHandler   isp_spi.o
    0x080170d4   0x080170d4   0x00000002   Code   RO         2736    i.SPI3_IRQHandler   isp_spi.o
    0x080170d6   0x080170d6   0x00000002   PAD
    0x080170d8   0x080170d8   0x0000003c   Code   RO         1783    i.ST1ACKToApp       state.o
    0x08017114   0x08017114   0x00000040   Code   RO         5022    i.SYSCFG_EXTILineConfig  stm32f4xx_syscfg.o
    0x08017154   0x08017154   0x00000044   Code   RO         1516    i.SaveData          app.o
    0x08017198   0x08017198   0x00000060   Code   RO         1517    i.Send_response     app.o
    0x080171f8   0x080171f8   0x00000340   Code   RO         3475    i.Serial1Data       usartx.o
    0x08017538   0x08017538   0x00000078   Code   RO         3476    i.Serial3Data       usartx.o
    0x080175b0   0x080175b0   0x0000002c   Code   RO         3477    i.Serial4Data       usartx.o
    0x080175dc   0x080175dc   0x0000005c   Code   RO         3478    i.Serial5Data       usartx.o
    0x08017638   0x08017638   0x000000ec   Code   RO         9477    i.SetSysClock       system_stm32f4xx.o
    0x08017724   0x08017724   0x00000038   Code   RO         1518    i.Start             app.o
    0x0801775c   0x0801775c   0x0000002c   Code   RO         1519    i.Stop              app.o
    0x08017788   0x08017788   0x00000034   Code   RO         7054    i.SysTick_Handler   port.o
    0x080177bc   0x080177bc   0x0000006c   Code   RO         9479    i.SystemInit        system_stm32f4xx.o
    0x08017828   0x08017828   0x0000003a   Code   RO         5271    i.TI1_Config        stm32f4xx_tim.o
    0x08017862   0x08017862   0x00000050   Code   RO         5272    i.TI2_Config        stm32f4xx_tim.o
    0x080178b2   0x080178b2   0x00000048   Code   RO         5273    i.TI3_Config        stm32f4xx_tim.o
    0x080178fa   0x080178fa   0x00000050   Code   RO         5274    i.TI4_Config        stm32f4xx_tim.o
    0x0801794a   0x0801794a   0x00000002   Code   RO         2770    i.TIM1_BRK_TIM9_IRQHandler  isp_tim.o
    0x0801794c   0x0801794c   0x00000024   Code   RO         2771    i.TIM1_UP_TIM10_IRQHandler  isp_tim.o
    0x08017970   0x08017970   0x00000358   Code   RO         1521    i.TIM2_IRQHandler   app.o
    0x08017cc8   0x08017cc8   0x000000d4   Code   RO         1522    i.TIM3_IRQHandler   app.o
    0x08017d9c   0x08017d9c   0x00000198   Code   RO         2139    i.TIM5_IRQHandler   remote.o
    0x08017f34   0x08017f34   0x00000010   Code   RO         2772    i.TIM8_BRK_TIM12_IRQHandler  isp_tim.o
    0x08017f44   0x08017f44   0x00000002   Code   RO         2773    i.TIM8_TRG_COM_TIM14_IRQHandler  isp_tim.o
    0x08017f46   0x08017f46   0x00000002   Code   RO         2774    i.TIM8_UP_TIM13_IRQHandler  isp_tim.o
    0x08017f48   0x08017f48   0x00000006   Code   RO         5281    i.TIM_ClearFlag     stm32f4xx_tim.o
    0x08017f4e   0x08017f4e   0x00000006   Code   RO         5282    i.TIM_ClearITPendingBit  stm32f4xx_tim.o
    0x08017f54   0x08017f54   0x00000018   Code   RO         5287    i.TIM_Cmd           stm32f4xx_tim.o
    0x08017f6c   0x08017f6c   0x00000006   Code   RO         5302    i.TIM_GetCapture1   stm32f4xx_tim.o
    0x08017f72   0x08017f72   0x00000006   Code   RO         5306    i.TIM_GetCounter    stm32f4xx_tim.o
    0x08017f78   0x08017f78   0x00000012   Code   RO         5307    i.TIM_GetFlagStatus  stm32f4xx_tim.o
    0x08017f8a   0x08017f8a   0x00000022   Code   RO         5308    i.TIM_GetITStatus   stm32f4xx_tim.o
    0x08017fac   0x08017fac   0x0000006e   Code   RO         5310    i.TIM_ICInit        stm32f4xx_tim.o
    0x0801801a   0x0801801a   0x00000012   Code   RO         5312    i.TIM_ITConfig      stm32f4xx_tim.o
    0x0801802c   0x0801802c   0x00000012   Code   RO         5318    i.TIM_OC1PolarityConfig  stm32f4xx_tim.o
    0x0801803e   0x0801803e   0x00000004   Code   RO         5353    i.TIM_SetCounter    stm32f4xx_tim.o
    0x08018042   0x08018042   0x00000012   Code   RO         5354    i.TIM_SetIC1Prescaler  stm32f4xx_tim.o
    0x08018054   0x08018054   0x0000001a   Code   RO         5355    i.TIM_SetIC2Prescaler  stm32f4xx_tim.o
    0x0801806e   0x0801806e   0x00000012   Code   RO         5356    i.TIM_SetIC3Prescaler  stm32f4xx_tim.o
    0x08018080   0x08018080   0x0000001a   Code   RO         5357    i.TIM_SetIC4Prescaler  stm32f4xx_tim.o
    0x0801809a   0x0801809a   0x00000002   PAD
    0x0801809c   0x0801809c   0x000000c4   Code   RO         3228    i.TIM_TO_NVIC_IRQChannel  bsp_timer.o
    0x08018160   0x08018160   0x00000084   Code   RO         5359    i.TIM_TimeBaseInit  stm32f4xx_tim.o
    0x080181e4   0x080181e4   0x00000060   Code   RO         1524    i.TM1620_Config     app.o
    0x08018244   0x08018244   0x00000088   Code   RO         1525    i.TM1620_Write      app.o
    0x080182cc   0x080182cc   0x0000005c   Code   RO         1526    i.TM1620_init       app.o
    0x08018328   0x08018328   0x00000d84   Code   RO         1784    i.TrainBusinessLogic  state.o
    0x080190ac   0x080190ac   0x00000b90   Code   RO         1785    i.TrainContral      state.o
    0x08019c3c   0x08019c3c   0x00000214   Code   RO         1786    i.TrainFollowTrain  state.o
    0x08019e50   0x08019e50   0x0000003c   Code   RO         1787    i.TrainGoACK        state.o
    0x08019e8c   0x08019e8c   0x00000030   Code   RO         3481    i.UART4_IRQHandler  usartx.o
    0x08019ebc   0x08019ebc   0x00000030   Code   RO         3482    i.UART5_IRQHandler  usartx.o
    0x08019eec   0x08019eec   0x000000bc   Code   RO         3483    i.USART1_IRQHandler  usartx.o
    0x08019fa8   0x08019fa8   0x00000068   Code   RO         3485    i.USART2_IRQHandler  usartx.o
    0x0801a010   0x0801a010   0x00000030   Code   RO         3486    i.USART3_IRQHandler  usartx.o
    0x0801a040   0x0801a040   0x00000012   Code   RO         5079    i.USART_ClearFlag   stm32f4xx_usart.o
    0x0801a052   0x0801a052   0x0000001e   Code   RO         5080    i.USART_ClearITPendingBit  stm32f4xx_usart.o
    0x0801a070   0x0801a070   0x00000018   Code   RO         5083    i.USART_Cmd         stm32f4xx_usart.o
    0x0801a088   0x0801a088   0x00000012   Code   RO         5084    i.USART_DMACmd      stm32f4xx_usart.o
    0x0801a09a   0x0801a09a   0x00000002   PAD
    0x0801a09c   0x0801a09c   0x00000230   Code   RO         1788    i.USART_Data_Send_Task  state.o
    0x0801a2cc   0x0801a2cc   0x0000001a   Code   RO         5086    i.USART_GetFlagStatus  stm32f4xx_usart.o
    0x0801a2e6   0x0801a2e6   0x00000054   Code   RO         5087    i.USART_GetITStatus  stm32f4xx_usart.o
    0x0801a33a   0x0801a33a   0x0000004a   Code   RO         5089    i.USART_ITConfig    stm32f4xx_usart.o
    0x0801a384   0x0801a384   0x000000d4   Code   RO         5090    i.USART_Init        stm32f4xx_usart.o
    0x0801a458   0x0801a458   0x0000000a   Code   RO         5097    i.USART_ReceiveData  stm32f4xx_usart.o
    0x0801a462   0x0801a462   0x00000008   Code   RO         5100    i.USART_SendData    stm32f4xx_usart.o
    0x0801a46a   0x0801a46a   0x00000016   Code   RO         8468    i.USBD_ClrCfg       usbd_core.o
    0x0801a480   0x0801a480   0x00000048   Code   RO         8638    i.USBD_ClrFeature   usbd_req.o
    0x0801a4c8   0x0801a4c8   0x0000001e   Code   RO         8578    i.USBD_CtlContinueRx  usbd_ioreq.o
    0x0801a4e6   0x0801a4e6   0x0000001e   Code   RO         8579    i.USBD_CtlContinueSendData  usbd_ioreq.o
    0x0801a504   0x0801a504   0x0000001e   Code   RO         8639    i.USBD_CtlError     usbd_req.o
    0x0801a522   0x0801a522   0x0000002e   Code   RO         8580    i.USBD_CtlPrepareRx  usbd_ioreq.o
    0x0801a550   0x0801a550   0x00000024   Code   RO         8581    i.USBD_CtlReceiveStatus  usbd_ioreq.o
    0x0801a574   0x0801a574   0x0000002e   Code   RO         8582    i.USBD_CtlSendData  usbd_ioreq.o
    0x0801a5a2   0x0801a5a2   0x00000024   Code   RO         8583    i.USBD_CtlSendStatus  usbd_ioreq.o
    0x0801a5c6   0x0801a5c6   0x000000e8   Code   RO         8469    i.USBD_DataInStage  usbd_core.o
    0x0801a6ae   0x0801a6ae   0x00000096   Code   RO         8470    i.USBD_DataOutStage  usbd_core.o
    0x0801a744   0x0801a744   0x00000054   Code   RO         8640    i.USBD_GetConfig    usbd_req.o
    0x0801a798   0x0801a798   0x00000112   Code   RO         8641    i.USBD_GetDescriptor  usbd_req.o
    0x0801a8aa   0x0801a8aa   0x00000014   Code   RO         8642    i.USBD_GetLen       usbd_req.o
    0x0801a8be   0x0801a8be   0x00000002   PAD
    0x0801a8c0   0x0801a8c0   0x00000050   Code   RO         8643    i.USBD_GetStatus    usbd_req.o
    0x0801a910   0x0801a910   0x00000052   Code   RO         8644    i.USBD_GetString    usbd_req.o
    0x0801a962   0x0801a962   0x00000012   Code   RO         8473    i.USBD_IsoINIncomplete  usbd_core.o
    0x0801a974   0x0801a974   0x00000012   Code   RO         8474    i.USBD_IsoOUTIncomplete  usbd_core.o
    0x0801a986   0x0801a986   0x000000e0   Code   RO         8392    i.USBD_OTG_ISR_Handler  usb_dcd_int.o
    0x0801aa66   0x0801aa66   0x00000048   Code   RO         8645    i.USBD_ParseSetupRequest  usbd_req.o
    0x0801aaae   0x0801aaae   0x00000032   Code   RO         8475    i.USBD_Reset        usbd_core.o
    0x0801aae0   0x0801aae0   0x0000001e   Code   RO         8476    i.USBD_Resume       usbd_core.o
    0x0801aafe   0x0801aafe   0x00000002   PAD
    0x0801ab00   0x0801ab00   0x00000014   Code   RO         8477    i.USBD_RunTestMode  usbd_core.o
    0x0801ab14   0x0801ab14   0x0000001a   Code   RO         8478    i.USBD_SOF          usbd_core.o
    0x0801ab2e   0x0801ab2e   0x0000005c   Code   RO         8646    i.USBD_SetAddress   usbd_req.o
    0x0801ab8a   0x0801ab8a   0x0000001e   Code   RO         8479    i.USBD_SetCfg       usbd_core.o
    0x0801aba8   0x0801aba8   0x000000d0   Code   RO         8647    i.USBD_SetConfig    usbd_req.o
    0x0801ac78   0x0801ac78   0x000000b0   Code   RO         8648    i.USBD_SetFeature   usbd_req.o
    0x0801ad28   0x0801ad28   0x00000054   Code   RO         8480    i.USBD_SetupStage   usbd_core.o
    0x0801ad7c   0x0801ad7c   0x00000072   Code   RO         8649    i.USBD_StdDevReq    usbd_req.o
    0x0801adee   0x0801adee   0x00000002   PAD
    0x0801adf0   0x0801adf0   0x00000178   Code   RO         8650    i.USBD_StdEPReq     usbd_req.o
    0x0801af68   0x0801af68   0x0000004c   Code   RO         8651    i.USBD_StdItfReq    usbd_req.o
    0x0801afb4   0x0801afb4   0x00000020   Code   RO         8481    i.USBD_Suspend      usbd_core.o
    0x0801afd4   0x0801afd4   0x00000034   Code   RO         2362    i.USBD_USR_ConfigStrDescriptor  driver_usbvcp.o
    0x0801b008   0x0801b008   0x0000000c   Code   RO         2363    i.USBD_USR_DeviceConfigured  driver_usbvcp.o
    0x0801b014   0x0801b014   0x0000000c   Code   RO         2364    i.USBD_USR_DeviceConnected  driver_usbvcp.o
    0x0801b020   0x0801b020   0x00000010   Code   RO         2365    i.USBD_USR_DeviceDescriptor  driver_usbvcp.o
    0x0801b030   0x0801b030   0x0000000c   Code   RO         2366    i.USBD_USR_DeviceDisconnected  driver_usbvcp.o
    0x0801b03c   0x0801b03c   0x00000002   Code   RO         2367    i.USBD_USR_DeviceReset  driver_usbvcp.o
    0x0801b03e   0x0801b03e   0x00000002   PAD
    0x0801b040   0x0801b040   0x0000000c   Code   RO         2368    i.USBD_USR_DeviceResumed  driver_usbvcp.o
    0x0801b04c   0x0801b04c   0x0000000c   Code   RO         2369    i.USBD_USR_DeviceSuspended  driver_usbvcp.o
    0x0801b058   0x0801b058   0x00000002   Code   RO         2370    i.USBD_USR_Init     driver_usbvcp.o
    0x0801b05a   0x0801b05a   0x00000002   PAD
    0x0801b05c   0x0801b05c   0x00000038   Code   RO         2371    i.USBD_USR_InterfaceStrDescriptor  driver_usbvcp.o
    0x0801b094   0x0801b094   0x00000010   Code   RO         2372    i.USBD_USR_LangIDStrDescriptor  driver_usbvcp.o
    0x0801b0a4   0x0801b0a4   0x0000002c   Code   RO         2373    i.USBD_USR_ManufacturerStrDescriptor  driver_usbvcp.o
    0x0801b0d0   0x0801b0d0   0x00000070   Code   RO         2374    i.USBD_USR_ProductStrDescriptor  driver_usbvcp.o
    0x0801b140   0x0801b140   0x00000018   Code   RO         2375    i.USBD_USR_SerialStrDescriptor  driver_usbvcp.o
    0x0801b158   0x0801b158   0x00000010   Code   RO         2376    i.USBD_cdc_GetCfgDesc  driver_usbvcp.o
    0x0801b168   0x0801b168   0x0000001e   Code   RO         2380    i.USB_OTG_BSP_uDelay  driver_usbvcp.o
    0x0801b186   0x0801b186   0x00000074   Code   RO         8042    i.USB_OTG_EP0Activate  usb_core.o
    0x0801b1fa   0x0801b1fa   0x00000156   Code   RO         8043    i.USB_OTG_EP0StartXfer  usb_core.o
    0x0801b350   0x0801b350   0x00000062   Code   RO         8044    i.USB_OTG_EP0_OutStart  usb_core.o
    0x0801b3b2   0x0801b3b2   0x00000098   Code   RO         8045    i.USB_OTG_EPActivate  usb_core.o
    0x0801b44a   0x0801b44a   0x00000050   Code   RO         8046    i.USB_OTG_EPClearStall  usb_core.o
    0x0801b49a   0x0801b49a   0x0000005e   Code   RO         8047    i.USB_OTG_EPDeactivate  usb_core.o
    0x0801b4f8   0x0801b4f8   0x00000064   Code   RO         8048    i.USB_OTG_EPSetStall  usb_core.o
    0x0801b55c   0x0801b55c   0x000001fe   Code   RO         8049    i.USB_OTG_EPStartXfer  usb_core.o
    0x0801b75a   0x0801b75a   0x00000002   PAD
    0x0801b75c   0x0801b75c   0x00000054   Code   RO         8054    i.USB_OTG_FlushTxFifo  usb_core.o
    0x0801b7b0   0x0801b7b0   0x00000038   Code   RO         8055    i.USB_OTG_GetDeviceSpeed  usb_core.o
    0x0801b7e8   0x0801b7e8   0x0000000c   Code   RO         8057    i.USB_OTG_GetMode   usb_core.o
    0x0801b7f4   0x0801b7f4   0x00000016   Code   RO         8059    i.USB_OTG_IsDeviceMode  usb_core.o
    0x0801b80a   0x0801b80a   0x00000010   Code   RO         8061    i.USB_OTG_ReadCoreItr  usb_core.o
    0x0801b81a   0x0801b81a   0x00000010   Code   RO         8062    i.USB_OTG_ReadDevAllInEPItr  usb_core.o
    0x0801b82a   0x0801b82a   0x00000010   Code   RO         8063    i.USB_OTG_ReadDevAllOutEp_itr  usb_core.o
    0x0801b83a   0x0801b83a   0x00000014   Code   RO         8064    i.USB_OTG_ReadDevOutEP_itr  usb_core.o
    0x0801b84e   0x0801b84e   0x00000028   Code   RO         8066    i.USB_OTG_ReadPacket  usb_core.o
    0x0801b876   0x0801b876   0x00000040   Code   RO         8072    i.USB_OTG_WritePacket  usb_core.o
    0x0801b8b6   0x0801b8b6   0x00000004   Code   RO         6646    i.UsageFault_Handler  stm32f4xx_it.o
    0x0801b8ba   0x0801b8ba   0x00000006   Code   RO         2382    i.VCP_Ctrl          driver_usbvcp.o
    0x0801b8c0   0x0801b8c0   0x00000012   Code   RO         2383    i.VCP_DataRx        driver_usbvcp.o
    0x0801b8d2   0x0801b8d2   0x00000004   Code   RO         2384    i.VCP_DataTx        driver_usbvcp.o
    0x0801b8d6   0x0801b8d6   0x00000004   Code   RO         2385    i.VCP_DeInit        driver_usbvcp.o
    0x0801b8da   0x0801b8da   0x00000004   Code   RO         2386    i.VCP_Init          driver_usbvcp.o
    0x0801b8de   0x0801b8de   0x00000002   PAD
    0x0801b8e0   0x0801b8e0   0x0000004c   Code   RO         1789    i.WIFIdataSend      state.o
    0x0801b92c   0x0801b92c   0x00000002   Code   RO         3310    i.WWDG_IRQHandler   bsp_watchdog.o
    0x0801b92e   0x0801b92e   0x0000001c   Code   RO         1527    i.Write_DATA        app.o
    0x0801b94a   0x0801b94a   0x00000002   PAD
    0x0801b94c   0x0801b94c   0x00000038   Code   RO         1399    i.XHCDataInit       xhc_task.o
    0x0801b984   0x0801b984   0x00000002   Code   RO         1400    i.XHC_TaskGlobalInit  xhc_task.o
    0x0801b986   0x0801b986   0x00000002   PAD
    0x0801b988   0x0801b988   0x000000d0   Code   RO         1401    i.XHC_TaskUpdateTask  xhc_task.o
    0x0801ba58   0x0801ba58   0x00000038   Code   RO         3488    i.XYZ_Target_Speed_transition  usartx.o
    0x0801ba90   0x0801ba90   0x00000020   Code   RO        10256    i.__0printf         mc_w.l(printfa.o)
    0x0801bab0   0x0801bab0   0x00000034   Code   RO        10261    i.__0vsnprintf      mc_w.l(printfa.o)
    0x0801bae4   0x0801bae4   0x00000014   Code   RO         9950    i.__hardfp_fabs     m_wm.l(fabs.o)
    0x0801baf8   0x0801baf8   0x0000000e   Code   RO        10424    i.__scatterload_copy  mc_w.l(handlers.o)
    0x0801bb06   0x0801bb06   0x00000002   Code   RO        10425    i.__scatterload_null  mc_w.l(handlers.o)
    0x0801bb08   0x0801bb08   0x0000000e   Code   RO        10426    i.__scatterload_zeroinit  mc_w.l(handlers.o)
    0x0801bb16   0x0801bb16   0x00000002   PAD
    0x0801bb18   0x0801bb18   0x00000184   Code   RO        10263    i._fp_digits        mc_w.l(printfa.o)
    0x0801bc9c   0x0801bc9c   0x0000000e   Code   RO        10318    i._is_digit         mc_w.l(scanf_fp.o)
    0x0801bcaa   0x0801bcaa   0x00000002   PAD
    0x0801bcac   0x0801bcac   0x000006b4   Code   RO        10264    i._printf_core      mc_w.l(printfa.o)
    0x0801c360   0x0801c360   0x00000024   Code   RO        10265    i._printf_post_padding  mc_w.l(printfa.o)
    0x0801c384   0x0801c384   0x0000002e   Code   RO        10266    i._printf_pre_padding  mc_w.l(printfa.o)
    0x0801c3b2   0x0801c3b2   0x00000016   Code   RO        10267    i._snputc           mc_w.l(printfa.o)
    0x0801c3c8   0x0801c3c8   0x00000048   Code   RO            4    i.appInit           app_init.o
    0x0801c410   0x0801c410   0x00000044   Code   RO         9312    i.aqCalloc          util.o
    0x0801c454   0x0801c454   0x00000024   Code   RO         9314    i.aqFree            util.o
    0x0801c478   0x0801c478   0x00000002   Code   RO         1344    i.balanceGlobalInit  balance.o
    0x0801c47a   0x0801c47a   0x00000002   PAD
    0x0801c47c   0x0801c47c   0x00000034   Code   RO         1345    i.balanceInit       balance.o
    0x0801c4b0   0x0801c4b0   0x00000280   Code   RO         1346    i.balanceUpdateTask  balance.o
    0x0801c730   0x0801c730   0x0000001c   Code   RO         2179    i.clockCountInit    driver_clockcount.o
    0x0801c74c   0x0801c74c   0x0000002c   Code   RO         9525    i.configFlashRead   config.o
    0x0801c778   0x0801c778   0x000000c4   Code   RO         9526    i.configFlashWrite  config.o
    0x0801c83c   0x0801c83c   0x000000c0   Code   RO         9527    i.configInit        config.o
    0x0801c8fc   0x0801c8fc   0x000001e4   Code   RO         9528    i.configLoadDefault  config.o
    0x0801cae0   0x0801cae0   0x0000000c   Code   RO          437    i.congtrolGlobalInit  control.o
    0x0801caec   0x0801caec   0x00000034   Code   RO          438    i.controlInit       control.o
    0x0801cb20   0x0801cb20   0x00000044   Code   RO          439    i.controlUpdateTask  control.o
    0x0801cb64   0x0801cb64   0x0000001c   Code   RO         9318    i.delay_ms          util.o
    0x0801cb80   0x0801cb80   0x0000001a   Code   RO         9319    i.delay_us          util.o
    0x0801cb9a   0x0801cb9a   0x00000002   PAD
    0x0801cb9c   0x0801cb9c   0x00000070   Code   RO          862    i.driver_can1_init  odrive.o
    0x0801cc0c   0x0801cc0c   0x00000054   Code   RO         9610    i.flashAddress      driver_flash.o
    0x0801cc60   0x0801cc60   0x00000078   Code   RO         9611    i.flashErase        driver_flash.o
    0x0801ccd8   0x0801ccd8   0x00000008   Code   RO         9613    i.flashStartAddr    driver_flash.o
    0x0801cce0   0x0801cce0   0x00000024   Code   RO         3491    i.fputc             usartx.o
    0x0801cd04   0x0801cd04   0x00000050   Code   RO        10284    i.free              mc_w.l(malloc.o)
    0x0801cd54   0x0801cd54   0x00000008   Code   RO         1449    i.getCAN2_Task      can2_task.o
    0x0801cd5c   0x0801cd5c   0x00000008   Code   RO         1402    i.getXHC_Task       xhc_task.o
    0x0801cd64   0x0801cd64   0x00000008   Code   RO         1347    i.getbalanceData    balance.o
    0x0801cd6c   0x0801cd6c   0x00000008   Code   RO          440    i.getcontrolData    control.o
    0x0801cd74   0x0801cd74   0x00000008   Code   RO         1107    i.getsupervisorData  supervisor.o
    0x0801cd7c   0x0801cd7c   0x00000044   Code   RO         1076    i.main              main.o
    0x0801cdc0   0x0801cdc0   0x0000006c   Code   RO        10285    i.malloc            mc_w.l(malloc.o)
    0x0801ce2c   0x0801ce2c   0x00000034   Code   RO         1348    i.max_of_four       balance.o
    0x0801ce60   0x0801ce60   0x000002a4   Code   RO          864    i.odrivelUpdateTask  odrive.o
    0x0801d104   0x0801d104   0x00000098   Code   RO         7520    i.prvAddCurrentTaskToDelayedList  tasks.o
    0x0801d19c   0x0801d19c   0x000000b8   Code   RO         7521    i.prvAddNewTaskToReadyList  tasks.o
    0x0801d254   0x0801d254   0x00000064   Code   RO         7892    i.prvCheckForValidListAndQueue  timers.o
    0x0801d2b8   0x0801d2b8   0x00000048   Code   RO         7522    i.prvCheckTasksWaitingTermination  tasks.o
    0x0801d300   0x0801d300   0x0000002a   Code   RO         7308    i.prvCopyDataFromQueue  queue.o
    0x0801d32a   0x0801d32a   0x0000007c   Code   RO         7309    i.prvCopyDataToQueue  queue.o
    0x0801d3a6   0x0801d3a6   0x00000012   Code   RO         7523    i.prvDeleteTCB      tasks.o
    0x0801d3b8   0x0801d3b8   0x00000028   Code   RO         7893    i.prvGetNextExpireTime  timers.o
    0x0801d3e0   0x0801d3e0   0x0000007c   Code   RO         7133    i.prvHeapInit       heap_4.o
    0x0801d45c   0x0801d45c   0x0000002c   Code   RO         7524    i.prvIdleTask       tasks.o
    0x0801d488   0x0801d488   0x0000002a   Code   RO         7312    i.prvInitialiseNewQueue  queue.o
    0x0801d4b2   0x0801d4b2   0x000000b6   Code   RO         7525    i.prvInitialiseNewTask  tasks.o
    0x0801d568   0x0801d568   0x00000068   Code   RO         7526    i.prvInitialiseTaskLists  tasks.o
    0x0801d5d0   0x0801d5d0   0x00000068   Code   RO         7134    i.prvInsertBlockIntoFreeList  heap_4.o
    0x0801d638   0x0801d638   0x00000058   Code   RO         7895    i.prvInsertTimerInActiveList  timers.o
    0x0801d690   0x0801d690   0x0000001a   Code   RO         7313    i.prvIsQueueEmpty   queue.o
    0x0801d6aa   0x0801d6aa   0x0000001e   Code   RO         7314    i.prvIsQueueFull    queue.o
    0x0801d6c8   0x0801d6c8   0x00000064   Code   RO         7896    i.prvProcessExpiredTimer  timers.o
    0x0801d72c   0x0801d72c   0x00000120   Code   RO         7897    i.prvProcessReceivedCommands  timers.o
    0x0801d84c   0x0801d84c   0x00000074   Code   RO         7898    i.prvProcessTimerOrBlockTask  timers.o
    0x0801d8c0   0x0801d8c0   0x00000034   Code   RO         7528    i.prvResetNextTaskUnblockTime  tasks.o
    0x0801d8f4   0x0801d8f4   0x0000002c   Code   RO         7899    i.prvSampleTimeNow  timers.o
    0x0801d920   0x0801d920   0x000000a0   Code   RO         7900    i.prvSwitchTimerLists  timers.o
    0x0801d9c0   0x0801d9c0   0x00000040   Code   RO         7055    i.prvTaskExitError  port.o
    0x0801da00   0x0801da00   0x0000001a   Code   RO         7901    i.prvTimerTask      timers.o
    0x0801da1a   0x0801da1a   0x0000007e   Code   RO         7315    i.prvUnlockQueue    queue.o
    0x0801da98   0x0801da98   0x0000013c   Code   RO         7135    i.pvPortMalloc      heap_4.o
    0x0801dbd4   0x0801dbd4   0x0000002c   Code   RO         7056    i.pxPortInitialiseStack  port.o
    0x0801dc00   0x0801dc00   0x00000002   Code   RO         1528    i.ryydelay          app.o
    0x0801dc02   0x0801dc02   0x00000036   Code   RO          865    i.set_axis_requested_state  odrive.o
    0x0801dc38   0x0801dc38   0x0000005c   Code   RO         1529    i.systeam_ReStart   app.o
    0x0801dc94   0x0801dc94   0x0000005c   Code   RO         1530    i.time2_init        app.o
    0x0801dcf0   0x0801dcf0   0x0000001a   Code   RO         3492    i.u1_SendArray      usartx.o
    0x0801dd0a   0x0801dd0a   0x00000002   PAD
    0x0801dd0c   0x0801dd0c   0x00000020   Code   RO         3493    i.u1_SendByte       usartx.o
    0x0801dd2c   0x0801dd2c   0x000000c0   Code   RO         3498    i.uart1_init        usartx.o
    0x0801ddec   0x0801ddec   0x000000d0   Code   RO         3499    i.uart2_init        usartx.o
    0x0801debc   0x0801debc   0x000000b0   Code   RO         3500    i.uart3_init        usartx.o
    0x0801df6c   0x0801df6c   0x000000b0   Code   RO         3501    i.uart4_init        usartx.o
    0x0801e01c   0x0801e01c   0x00000002   Code   RO         2387    i.usbVCP_DataRX_Handle  driver_usbvcp.o
    0x0801e01e   0x0801e01e   0x00000042   Code   RO         2389    i.usbVCP_Printf     driver_usbvcp.o
    0x0801e060   0x0801e060   0x0000002c   Code   RO         2391    i.usbVCP_SendByte   driver_usbvcp.o
    0x0801e08c   0x0801e08c   0x000000b0   Code   RO         2393    i.usbd_cdc_DataIn   driver_usbvcp.o
    0x0801e13c   0x0801e13c   0x00000038   Code   RO         2394    i.usbd_cdc_DataOut  driver_usbvcp.o
    0x0801e174   0x0801e174   0x0000002c   Code   RO         2395    i.usbd_cdc_DeInit   driver_usbvcp.o
    0x0801e1a0   0x0801e1a0   0x00000038   Code   RO         2396    i.usbd_cdc_EP0_RxReady  driver_usbvcp.o
    0x0801e1d8   0x0801e1d8   0x00000058   Code   RO         2397    i.usbd_cdc_Init     driver_usbvcp.o
    0x0801e230   0x0801e230   0x00000028   Code   RO         2398    i.usbd_cdc_SOF      driver_usbvcp.o
    0x0801e258   0x0801e258   0x000000c4   Code   RO         2399    i.usbd_cdc_Setup    driver_usbvcp.o
    0x0801e31c   0x0801e31c   0x00000028   Code   RO         7013    i.uxListRemove      list.o
    0x0801e344   0x0801e344   0x00000002   Code   RO         9267    i.vApplicationIdleHook  cpu_utils.o
    0x0801e346   0x0801e346   0x00000002   Code   RO         9269    i.vApplicationStackOverflowHook  cpu_utils.o
    0x0801e348   0x0801e348   0x0000001a   Code   RO         7014    i.vListInitialise   list.o
    0x0801e362   0x0801e362   0x00000006   Code   RO         7015    i.vListInitialiseItem  list.o
    0x0801e368   0x0801e368   0x00000034   Code   RO         7016    i.vListInsert       list.o
    0x0801e39c   0x0801e39c   0x00000018   Code   RO         7017    i.vListInsertEnd    list.o
    0x0801e3b4   0x0801e3b4   0x00000054   Code   RO         7058    i.vPortEnterCritical  port.o
    0x0801e408   0x0801e408   0x0000003c   Code   RO         7059    i.vPortExitCritical  port.o
    0x0801e444   0x0801e444   0x00000094   Code   RO         7136    i.vPortFree         heap_4.o
    0x0801e4d8   0x0801e4d8   0x00000018   Code   RO         7060    i.vPortSetupTimerInterrupt  port.o
    0x0801e4f0   0x0801e4f0   0x00000078   Code   RO         7061    i.vPortValidateInterruptPriority  port.o
    0x0801e568   0x0801e568   0x0000002c   Code   RO         7321    i.vQueueAddToRegistry  queue.o
    0x0801e594   0x0801e594   0x0000004a   Code   RO         7325    i.vQueueWaitForMessageRestricted  queue.o
    0x0801e5de   0x0801e5de   0x00000002   PAD
    0x0801e5e0   0x0801e5e0   0x000000d4   Code   RO         7542    i.vTaskDelayUntil   tasks.o
    0x0801e6b4   0x0801e6b4   0x000000f4   Code   RO         7543    i.vTaskDelete       tasks.o
    0x0801e7a8   0x0801e7a8   0x00000018   Code   RO         7547    i.vTaskInternalSetTimeOutState  tasks.o
    0x0801e7c0   0x0801e7c0   0x0000000c   Code   RO         7549    i.vTaskMissedYield  tasks.o
    0x0801e7cc   0x0801e7cc   0x00000038   Code   RO         7551    i.vTaskPlaceOnEventList  tasks.o
    0x0801e804   0x0801e804   0x00000040   Code   RO         7552    i.vTaskPlaceOnEventListRestricted  tasks.o
    0x0801e844   0x0801e844   0x0000009c   Code   RO         7560    i.vTaskStartScheduler  tasks.o
    0x0801e8e0   0x0801e8e0   0x00000010   Code   RO         7562    i.vTaskSuspendAll   tasks.o
    0x0801e8f0   0x0801e8f0   0x000000e8   Code   RO         7563    i.vTaskSwitchContext  tasks.o
    0x0801e9d8   0x0801e9d8   0x0000015c   Code   RO         3744    i.vofa_sendData     vofa.o
    0x0801eb34   0x0801eb34   0x0000001a   Code   RO         7202    i.xEventGroupCreate  event_groups.o
    0x0801eb4e   0x0801eb4e   0x00000002   PAD
    0x0801eb50   0x0801eb50   0x00000168   Code   RO         7062    i.xPortStartScheduler  port.o
    0x0801ecb8   0x0801ecb8   0x00000058   Code   RO         7328    i.xQueueGenericCreate  queue.o
    0x0801ed10   0x0801ed10   0x00000098   Code   RO         7329    i.xQueueGenericReset  queue.o
    0x0801eda8   0x0801eda8   0x000001a8   Code   RO         7330    i.xQueueGenericSend  queue.o
    0x0801ef50   0x0801ef50   0x000000f8   Code   RO         7331    i.xQueueGenericSendFromISR  queue.o
    0x0801f048   0x0801f048   0x00000168   Code   RO         7338    i.xQueueReceive     queue.o
    0x0801f1b0   0x0801f1b0   0x0000008c   Code   RO         7564    i.xTaskCheckForTimeOut  tasks.o
    0x0801f23c   0x0801f23c   0x00000060   Code   RO         7565    i.xTaskCreate       tasks.o
    0x0801f29c   0x0801f29c   0x00000020   Code   RO         7569    i.xTaskGetSchedulerState  tasks.o
    0x0801f2bc   0x0801f2bc   0x0000000c   Code   RO         7570    i.xTaskGetTickCount  tasks.o
    0x0801f2c8   0x0801f2c8   0x00000148   Code   RO         7572    i.xTaskIncrementTick  tasks.o
    0x0801f410   0x0801f410   0x000000c8   Code   RO         7575    i.xTaskPriorityDisinherit  tasks.o
    0x0801f4d8   0x0801f4d8   0x00000098   Code   RO         7577    i.xTaskRemoveFromEventList  tasks.o
    0x0801f570   0x0801f570   0x00000104   Code   RO         7578    i.xTaskResumeAll    tasks.o
    0x0801f674   0x0801f674   0x00000054   Code   RO         7907    i.xTimerCreateTimerTask  timers.o
    0x0801f6c8   0x0801f6c8   0x00000084   Code   RO         7908    i.xTimerGenericCommand  timers.o
    0x0801f74c   0x0801f74c   0x0000001c   Data   RO         3009    .constdata          bsp_can.o
    0x0801f768   0x0801f768   0x00000580   Data   RO         3122    .constdata          bsp_gpio.o
    0x0801fce8   0x0801fce8   0x00000040   Data   RO        10420    .constdata          mc_w.l(ctype_c.o)
    0x0801fd28   0x0801fd28   0x00000020   Data   RO        10422    Region$$Table       anon$$obj.o


    Execution Region RW_IRAM1 (Exec base: 0x20000000, Load base: 0x0801fd48, Size: 0x000149d0, Max: 0x00020000, ABSOLUTE, COMPRESSED[0x00000148])

    Exec Addr    Load Addr    Size         Type   Attr      Idx    E Section Name        Object

    0x20000000   COMPRESSED   0x00000004   Data   RW            5    .data               app_init.o
    0x20000004   COMPRESSED   0x00000020   Data   RW          442    .data               control.o
    0x20000024   COMPRESSED   0x00000008   Data   RW          867    .data               odrive.o
    0x2000002c   COMPRESSED   0x00000004   Data   RW         1077    .data               main.o
    0x20000030   COMPRESSED   0x00000128   Data   RW         1218    .data               pid.o
    0x20000158   COMPRESSED   0x00000012   Data   RW         1350    .data               balance.o
    0x2000016a   COMPRESSED   0x00000002   PAD
    0x2000016c   COMPRESSED   0x00000175   Data   RW         1532    .data               app.o
    0x200002e1   COMPRESSED   0x00000003   PAD
    0x200002e4   COMPRESSED   0x00000094   Data   RW         1791    .data               state.o
    0x20000378   COMPRESSED   0x0000000a   Data   RW         2093    .data               myadc.o
    0x20000382   COMPRESSED   0x00000002   PAD
    0x20000384   COMPRESSED   0x0000000d   Data   RW         2140    .data               remote.o
    0x20000391   COMPRESSED   0x00000004   Data   RW         2180    .data               driver_clockcount.o
    0x20000395   COMPRESSED   0x00000003   PAD
    0x20000398   COMPRESSED   0x00000124   Data   RW         2401    .data               driver_usbvcp.o
    0x200004bc   COMPRESSED   0x0000001b   Data   RW         3507    .data               usartx.o
    0x200004d7   COMPRESSED   0x00000010   Data   RW         4464    .data               stm32f4xx_rcc.o
    0x200004e7   COMPRESSED   0x00000001   PAD
    0x200004e8   COMPRESSED   0x0000000c   Data   RW         7063    .data               port.o
    0x200004f4   COMPRESSED   0x00000018   Data   RW         7141    .data               heap_4.o
    0x2000050c   COMPRESSED   0x00000044   Data   RW         7581    .data               tasks.o
    0x20000550   COMPRESSED   0x00000014   Data   RW         7916    .data               timers.o
    0x20000564   COMPRESSED   0x00000034   Data   RW         8482    .data               usbd_core.o
    0x20000598   COMPRESSED   0x0000000d   Data   RW         8652    .data               usbd_req.o
    0x200005a5   COMPRESSED   0x00000003   PAD
    0x200005a8   COMPRESSED   0x00000010   Data   RW         9335    .data               util.o
    0x200005b8   COMPRESSED   0x00000004   Data   RW        10385    .data               mc_w.l(mvars.o)
    0x200005bc   COMPRESSED   0x00000004   Data   RW        10386    .data               mc_w.l(mvars.o)
    0x200005c0        -       0x0000000c   Zero   RW          441    .bss                control.o
    0x200005cc        -       0x00000278   Zero   RW          866    .bss                odrive.o
    0x20000844        -       0x00000053   Zero   RW         1115    .bss                supervisor.o
    0x20000897   COMPRESSED   0x00000001   PAD
    0x20000898        -       0x00000048   Zero   RW         1217    .bss                pid.o
    0x200008e0        -       0x0000009f   Zero   RW         1349    .bss                balance.o
    0x2000097f        -       0x00000009   Zero   RW         1403    .bss                xhc_task.o
    0x20000988        -       0x00000020   Zero   RW         1450    .bss                can2_task.o
    0x200009a8        -       0x0000029f   Zero   RW         1531    .bss                app.o
    0x20000c47        -       0x00000caf   Zero   RW         1790    .bss                state.o
    0x200018f6        -       0x00000014   Zero   RW         2092    .bss                myadc.o
    0x2000190a   COMPRESSED   0x00000002   PAD
    0x2000190c        -       0x00000f78   Zero   RW         2400    .bss                driver_usbvcp.o
    0x20002884        -       0x00000b40   Zero   RW         3506    .bss                usartx.o
    0x200033c4        -       0x0000f000   Zero   RW         7140    .bss                heap_4.o
    0x200123c4        -       0x00000040   Zero   RW         7342    .bss                queue.o
    0x20012404        -       0x000001a4   Zero   RW         7580    .bss                tasks.o
    0x200125a8        -       0x00000028   Zero   RW         7915    .bss                timers.o
    0x200125d0        -       0x00002000   Zero   RW         9516    HEAP                startup_stm32f40_41xxx.o
    0x200145d0        -       0x00000400   Zero   RW         9515    STACK               startup_stm32f40_41xxx.o



  Load Region LR$$.ARM.__AT_0x10006000 (Base: 0x10006000, Size: 0x00000000, Max: 0x000000dc, ABSOLUTE)

    Execution Region ER$$.ARM.__AT_0x10006000 (Exec base: 0x10006000, Load base: 0x10006000, Size: 0x000000dc, Max: 0x000000dc, ABSOLUTE, UNINIT)

    Exec Addr    Load Addr    Size         Type   Attr      Idx    E Section Name        Object

    0x10006000        -       0x000000dc   Zero   RW         9534    .ARM.__AT_0x10006000  config.o


==============================================================================

Image component sizes


      Code (inc. data)   RO Data    RW Data    ZI Data      Debug   Object Name

      4768        592          0        373        671      52007   app.o
        72          8          0          4          0     347386   app_init.o
       754         90          0         18        159       4871   balance.o
       640         40         28          0          0      20441   bsp_can.o
       816         44          0          0          0       7806   bsp_eeprom.o
         0          0          0          0          0      15496   bsp_exit.o
       488         36       1408          0          0      19971   bsp_gpio.o
       574        106          0          0          0       3083   bsp_timer.o
         2          0          0          0          0        466   bsp_watchdog.o
      1776        242          0          0         32       4867   can2_task.o
       204          8          0          0          0       1665   cigan.o
         0          0          0          0          0     360956   clockcount.o
       916        180          0          0        220      11667   config.o
       140         26          0         32         12       4220   control.o
         4          0          0          0          0       1071   cpu_utils.o
        28          8          0          4          0       1442   driver_clockcount.o
       440         54          0          0          0       3301   driver_flash.o
      1584        316          0        292       3960      29219   driver_usbvcp.o
       100         12          0          0          0        695   encoder.o
        26          0          0          0          0       9788   event_groups.o
       692         62          0         24      61440      12363   heap_4.o
       228         26          0          0          0       2647   isp_exit.o
         6          0          0          0          0       1422   isp_spi.o
        58         10          0          0          0       2557   isp_tim.o
       148          0          0          0          0       3246   list.o
        68         32          0          4          0       1103   main.o
       140         24          0          0          0       1763   misc.o
       420         44          0         10         20       3339   myadc.o
      4554        238          0          8        632      27889   odrive.o
       724        104          0        296         72       9822   pid.o
       998         92          0         12          0      11725   port.o
      1780         20          0          0         64      13366   queue.o
       692         48          0         13          0       2542   remote.o
        36          8        392          0       9216        876   startup_stm32f40_41xxx.o
     11456       1680          0        148       3247      28544   state.o
       424         24          0          0          0       7275   stm32f4xx_adc.o
      1922         52          0          0          0      10414   stm32f4xx_can.o
       636         54          0          0          0       6795   stm32f4xx_dma.o
       196         22          0          0          0       2973   stm32f4xx_exti.o
       458         52          0          0          0       6209   stm32f4xx_flash.o
       240          0          0          0          0       3837   stm32f4xx_gpio.o
        36          4          0          0          0       3277   stm32f4xx_it.o
       360         42          0         16          0       5672   stm32f4xx_rcc.o
        64          4          0          0          0        720   stm32f4xx_syscfg.o
       760         28          0          0          0      14471   stm32f4xx_tim.o
       504          8          0          0          0       8064   stm32f4xx_usart.o
         8          4          0          0         83       1281   supervisor.o
       344         38          0          0          0       1817   system_stm32f4xx.o
      3044        406          0         68        420      22521   tasks.o
      1178        112          0         20         40       9639   timers.o
      2546        410          0         27       2880      15916   usartx.o
      1838          4          0          0          0      33524   usb_core.o
       510          0          0          0          0       5621   usb_dcd.o
      2240         98          0          0          0      10391   usb_dcd_int.o
       712          6          0         52          0      10410   usbd_core.o
       224          0          0          0          0       4880   usbd_ioreq.o
      1756         56          0         13          0      11410   usbd_req.o
       158         14          0         16          0       5541   util.o
       378          6          0          0          0       2488   vofa.o
       274         58          0          0          9       2824   xhc_task.o

    ----------------------------------------------------------------------
     56206       5652       1860       1464      83180    1231592   Object Totals
         0          0         32          0          0          0   (incl. Generated)
        64          0          0         14          3          0   (incl. Padding)

    ----------------------------------------------------------------------

      Code (inc. data)   RO Data    RW Data    ZI Data      Debug   Library Member Name

        20          0          0          0          0        124   fabs.o
        56          8          0          0          0         84   __0sscanf.o
        86          0          0          0          0          0   __dczerorl2.o
        28          0          0          0          0         68   _chval.o
       816          6          0          0          0        112   _scanf.o
       332          0          0          0          0         96   _scanf_int.o
        64          0          0          0          0         84   _sgetc.o
        40          6         64          0          0         68   ctype_c.o
         0          0          0          0          0          0   entry.o
         0          0          0          0          0          0   entry10a.o
         0          0          0          0          0          0   entry11a.o
         4          0          0          0          0          0   entry12b.o
         8          4          0          0          0          0   entry2.o
         4          0          0          0          0          0   entry5.o
         0          0          0          0          0          0   entry7b.o
         0          0          0          0          0          0   entry8b.o
         8          4          0          0          0          0   entry9a.o
        30          0          0          0          0          0   handlers.o
        36          8          0          0          0         68   init.o
        10          0          0          0          0         68   isspace_c.o
         0          0          0          0          0          0   iusefp.o
        30          0          0          0          0         68   llshl.o
        36          0          0          0          0         68   llsshr.o
        32          0          0          0          0         68   llushr.o
       188         20          0          0          0        160   malloc.o
        36          0          0          0          0         68   memcpya.o
        36          0          0          0          0        108   memseta.o
         0          0          0          8          0          0   mvars.o
      2292         96          0          0          0        612   printfa.o
        40          8          0          0          0         84   scanf_char.o
       878         12          0          0          0        216   scanf_fp.o
        30          0          0          0          0         80   strncmp.o
        44          0          0          0          0         80   uidiv.o
        98          0          0          0          0         92   uldiv.o
        48          0          0          0          0         68   cdcmple.o
        48          0          0          0          0         68   cdrcmple.o
        56          0          0          0          0         88   d2f.o
       334          0          0          0          0        148   dadd.o
       222          0          0          0          0        100   ddiv.o
       186          0          0          0          0        176   depilogue.o
        50          0          0          0          0         76   dfixui.o
        48          0          0          0          0         68   dfixul.o
        26          0          0          0          0         76   dfltui.o
        24          0          0          0          0         76   dfltul.o
       228          0          0          0          0         96   dmul.o
        38          0          0          0          0         68   f2d.o
       110          0          0          0          0        168   fepilogue.o

    ----------------------------------------------------------------------
      6710        172         64          8          0       3752   Library Totals
        10          0          0          0          0          0   (incl. Padding)

    ----------------------------------------------------------------------

      Code (inc. data)   RO Data    RW Data    ZI Data      Debug   Library Name

        20          0          0          0          0        124   m_wm.l
      5262        172         64          8          0       2352   mc_w.l
      1418          0          0          0          0       1276   mf_w.l

    ----------------------------------------------------------------------
      6710        172         64          8          0       3752   Library Totals

    ----------------------------------------------------------------------

==============================================================================


      Code (inc. data)   RO Data    RW Data    ZI Data      Debug   

     62916       5824       1924       1472      83180    1189052   Grand Totals
     62916       5824       1924        328      83180    1189052   ELF Image Totals (compressed)
     62916       5824       1924        328          0          0   ROM Totals

==============================================================================

    Total RO  Size (Code + RO Data)                64840 (  63.32kB)
    Total RW  Size (RW Data + ZI Data)             84652 (  82.67kB)
    Total ROM Size (Code + RO Data + RW Data)      65168 (  63.64kB)

==============================================================================

