Component: ARM Compiler 5.06 update 7 (build 960) Tool: armlink [4d3601]

==============================================================================

Section Cross References

    app_init.o(i.appInit) refers to misc.o(i.NVIC_PriorityGroupConfig) for NVIC_PriorityGroupConfig
    app_init.o(i.appInit) refers to event_groups.o(i.xEventGroupCreate) for xEventGroupCreate
    app_init.o(i.appInit) refers to config.o(i.configInit) for configInit
    app_init.o(i.appInit) refers to control.o(i.controlInit) for controlInit
    app_init.o(i.appInit) refers to xhc_task.o(i.XHCDataInit) for XHCDataInit
    app_init.o(i.appInit) refers to can2_task.o(i.CAN2DataInit) for CAN2DataInit
    app_init.o(i.appInit) refers to tasks.o(i.vTaskDelete) for vTaskDelete
    app_init.o(i.appInit) refers to app_init.o(.data) for .data
    app_init.o(i.appInit) refers to driver_clockcount.o(.data) for clockClass
    control.o(i.congtrolGlobalInit) refers to usartx.o(i.uart1_init) for uart1_init
    control.o(i.controlInit) refers to tasks.o(i.xTaskCreate) for xTaskCreate
    control.o(i.controlInit) refers to supervisor.o(i.getsupervisorData) for getsupervisorData
    control.o(i.controlInit) refers to control.o(.bss) for .bss
    control.o(i.controlInit) refers to control.o(i.controlUpdateTask) for controlUpdateTask
    control.o(i.controlUpdateTask) refers to tasks.o(i.xTaskGetTickCount) for xTaskGetTickCount
    control.o(i.controlUpdateTask) refers to tasks.o(i.vTaskDelayUntil) for vTaskDelayUntil
    control.o(i.controlUpdateTask) refers to usartx.o(i.uart1_init) for uart1_init
    control.o(i.controlUpdateTask) refers to state.o(i.CanSendDataTask) for CanSendDataTask
    control.o(i.controlUpdateTask) refers to control.o(.bss) for .bss
    control.o(i.getcontrolData) refers to control.o(.bss) for .bss
    clockcount.o(i.getClockCount) refers to dfltui.o(.text) for __aeabi_ui2d
    clockcount.o(i.getClockCount) refers to dmul.o(.text) for __aeabi_dmul
    clockcount.o(i.getClockCount) refers to clockcount.o(.bss) for .bss
    odrive.o(i.CAN2_RX0_IRQHandler) refers to stm32f4xx_can.o(i.CAN_GetITStatus) for CAN_GetITStatus
    odrive.o(i.CAN2_RX0_IRQHandler) refers to stm32f4xx_can.o(i.CAN_ClearITPendingBit) for CAN_ClearITPendingBit
    odrive.o(i.CAN2_RX0_IRQHandler) refers to stm32f4xx_can.o(i.CAN_ClearFlag) for CAN_ClearFlag
    odrive.o(i.CAN2_RX0_IRQHandler) refers to stm32f4xx_can.o(i.CAN_Receive) for CAN_Receive
    odrive.o(i.CAN2_RX0_IRQHandler) refers to odrive.o(.data) for .data
    odrive.o(i.CAN2_RX0_IRQHandler) refers to odrive.o(.bss) for .bss
    odrive.o(i.CAN2_TX_IRQHandler) refers to stm32f4xx_can.o(i.CAN_GetITStatus) for CAN_GetITStatus
    odrive.o(i.CAN2_TX_IRQHandler) refers to stm32f4xx_can.o(i.CAN_ClearITPendingBit) for CAN_ClearITPendingBit
    odrive.o(i.ODChangePos_gain) refers to odrive.o(i.OdriveSendData) for OdriveSendData
    odrive.o(i.ODChangePos_gain) refers to odrive.o(.bss) for .bss
    odrive.o(i.ODChangeVel_gain) refers to odrive.o(i.ODSendVel_gainsData) for ODSendVel_gainsData
    odrive.o(i.ODChangeVel_gain) refers to odrive.o(.bss) for .bss
    odrive.o(i.ODClearError) refers to odrive.o(i.OdriveSend_RemoteCmd) for OdriveSend_RemoteCmd
    odrive.o(i.ODClearError) refers to odrive.o(.bss) for .bss
    odrive.o(i.ODFlashSave) refers to odrive.o(i.OdriveSend_RemoteCmd) for OdriveSend_RemoteCmd
    odrive.o(i.ODFlashSave) refers to odrive.o(.bss) for .bss
    odrive.o(i.ODRESET_ODRIVE) refers to odrive.o(i.OdriveSend_RemoteCmd) for OdriveSend_RemoteCmd
    odrive.o(i.ODRESET_ODRIVE) refers to odrive.o(.bss) for .bss
    odrive.o(i.ODRequestedState) refers to odrive.o(i.ODSET_CONTROL_MODE) for ODSET_CONTROL_MODE
    odrive.o(i.ODRequestedState) refers to odrive.o(.bss) for .bss
    odrive.o(i.ODSET_CONTROL_MODE) refers to odrive.o(i.OdriveSendData) for OdriveSendData
    odrive.o(i.ODSendInputCurData) refers to odrive.o(i.OdriveSendData) for OdriveSendData
    odrive.o(i.ODSendInputPosData) refers to odrive.o(i.OdriveSendData) for OdriveSendData
    odrive.o(i.ODSendInputVelData) refers to odrive.o(i.OdriveSendData) for OdriveSendData
    odrive.o(i.ODSendLimitData) refers to odrive.o(i.OdriveSendData) for OdriveSendData
    odrive.o(i.ODSendPos_gainData) refers to odrive.o(i.OdriveSendData) for OdriveSendData
    odrive.o(i.ODSendVel_gainsData) refers to odrive.o(i.OdriveSendData) for OdriveSendData
    odrive.o(i.ODSetLimit) refers to odrive.o(i.ODSendLimitData) for ODSendLimitData
    odrive.o(i.ODSetLimit) refers to odrive.o(.bss) for .bss
    odrive.o(i.ODSetMotorState) refers to odrive.o(i.OdriveSendData) for OdriveSendData
    odrive.o(i.ODSetMotorState) refers to odrive.o(.bss) for .bss
    odrive.o(i.OdriveGlobalInit) refers to bsp_can.o(i.BSP_CAN_Mode_Init) for BSP_CAN_Mode_Init
    odrive.o(i.OdriveGlobalInit) refers to bsp_can.o(i.CAN2_Mode_Init) for CAN2_Mode_Init
    odrive.o(i.OdriveGlobalInit) refers to bsp_gpio.o(.constdata) for BSP_GPIOB8_Base
[...]
    USBD_USR_DeviceConnected                 0x08007511   Thumb Code     8  driver_usbvcp.o(i.USBD_USR_DeviceConnected)
    USBD_USR_DeviceDescriptor                0x0800751d   Thumb Code     8  driver_usbvcp.o(i.USBD_USR_DeviceDescriptor)
    USBD_USR_DeviceDisconnected              0x08007529   Thumb Code     8  driver_usbvcp.o(i.USBD_USR_DeviceDisconnected)
    USBD_USR_DeviceReset                     0x08007535   Thumb Code     2  driver_usbvcp.o(i.USBD_USR_DeviceReset)
    USBD_USR_DeviceResumed                   0x08007539   Thumb Code     8  driver_usbvcp.o(i.USBD_USR_DeviceResumed)
    USBD_USR_DeviceSuspended                 0x08007545   Thumb Code     8  driver_usbvcp.o(i.USBD_USR_DeviceSuspended)
    USBD_USR_Init                            0x08007551   Thumb Code     2  driver_usbvcp.o(i.USBD_USR_Init)
    USBD_USR_InterfaceStrDescriptor          0x08007555   Thumb Code    16  driver_usbvcp.o(i.USBD_USR_InterfaceStrDescriptor)
    USBD_USR_LangIDStrDescriptor             0x08007579   Thumb Code     8  driver_usbvcp.o(i.USBD_USR_LangIDStrDescriptor)
    USBD_USR_ManufacturerStrDescriptor       0x08007585   Thumb Code    16  driver_usbvcp.o(i.USBD_USR_ManufacturerStrDescriptor)
    USBD_USR_ProductStrDescriptor            0x080075ad   Thumb Code    22  driver_usbvcp.o(i.USBD_USR_ProductStrDescriptor)
    USBD_USR_SerialStrDescriptor             0x08007611   Thumb Code   116  driver_usbvcp.o(i.USBD_USR_SerialStrDescriptor)
    USB_OTG_BSP_uDelay                       0x080076a1   Thumb Code    30  driver_usbvcp.o(i.USB_OTG_BSP_uDelay)
    USB_OTG_EP0Activate                      0x080076c5   Thumb Code    62  usb_core.o(i.USB_OTG_EP0Activate)
    USB_OTG_EP0StartXfer                     0x08007703   Thumb Code   192  usb_core.o(i.USB_OTG_EP0StartXfer)
    USB_OTG_EP0_OutStart                     0x080077c5   Thumb Code    34  usb_core.o(i.USB_OTG_EP0_OutStart)
    USB_OTG_EPActivate                       0x080077ed   Thumb Code    94  usb_core.o(i.USB_OTG_EPActivate)
    USB_OTG_EPClearStall                     0x0800784b   Thumb Code    46  usb_core.o(i.USB_OTG_EPClearStall)
    USB_OTG_EPDeactivate                     0x08007879   Thumb Code    64  usb_core.o(i.USB_OTG_EPDeactivate)
    USB_OTG_EPSetStall                       0x080078b9   Thumb Code    50  usb_core.o(i.USB_OTG_EPSetStall)
    USB_OTG_EPStartXfer                      0x080078ed   Thumb Code   360  usb_core.o(i.USB_OTG_EPStartXfer)
    USB_OTG_FlushTxFifo                      0x08007a55   Thumb Code    68  usb_core.o(i.USB_OTG_FlushTxFifo)
    USB_OTG_GetDeviceSpeed                   0x08007a9d   Thumb Code    32  usb_core.o(i.USB_OTG_GetDeviceSpeed)
    USB_OTG_IsDeviceMode                     0x08007abd   Thumb Code    16  usb_core.o(i.USB_OTG_IsDeviceMode)
    USB_OTG_ReadCoreItr                      0x08007acd   Thumb Code    10  usb_core.o(i.USB_OTG_ReadCoreItr)
    USB_OTG_ReadDevAllInEPItr                0x08007ad7   Thumb Code    12  usb_core.o(i.USB_OTG_ReadDevAllInEPItr)
    USB_OTG_ReadDevAllOutEp_itr              0x08007ae3   Thumb Code    12  usb_core.o(i.USB_OTG_ReadDevAllOutEp_itr)
    USB_OTG_ReadDevOutEP_itr                 0x08007aef   Thumb Code    16  usb_core.o(i.USB_OTG_ReadDevOutEP_itr)
    USB_OTG_ReadPacket                       0x08007aff   Thumb Code    54  usb_core.o(i.USB_OTG_ReadPacket)
    USB_OTG_WritePacket                      0x08007b35   Thumb Code    86  usb_core.o(i.USB_OTG_WritePacket)
    UsageFault_Handler                       0x08007b8b   Thumb Code     2  stm32f4xx_it.o(i.UsageFault_Handler)
    WWDG_IRQHandler                          0x08007ba7   Thumb Code     2  bsp_watchdog.o(i.WWDG_IRQHandler)
    Write_DATA                               0x08007ba9   Thumb Code    80  app.o(i.Write_DATA)
    XHCDataInit                              0x08007bfd   Thumb Code    38  xhc_task.o(i.XHCDataInit)
    XHC_TaskUpdateTask                       0x08007c39   Thumb Code   188  xhc_task.o(i.XHC_TaskUpdateTask)
    __0printf                                0x08007d11   Thumb Code    22  printfa.o(i.__0printf)
    __1printf                                0x08007d11   Thumb Code     0  printfa.o(i.__0printf)
    __2printf                                0x08007d11   Thumb Code     0  printfa.o(i.__0printf)
    __c89printf                              0x08007d11   Thumb Code     0  printfa.o(i.__0printf)
    printf                                   0x08007d11   Thumb Code     0  printfa.o(i.__0printf)
    __0vsnprintf                             0x08007d31   Thumb Code    46  printfa.o(i.__0vsnprintf)
    __1vsnprintf                             0x08007d31   Thumb Code     0  printfa.o(i.__0vsnprintf)
    __2vsnprintf                             0x08007d31   Thumb Code     0  printfa.o(i.__0vsnprintf)
    __c89vsnprintf                           0x08007d31   Thumb Code     0  printfa.o(i.__0vsnprintf)
    vsnprintf                                0x08007d31   Thumb Code     0  printfa.o(i.__0vsnprintf)
    __scatterload_copy                       0x08007d65   Thumb Code    14  handlers.o(i.__scatterload_copy)
    __scatterload_null                       0x08007d73   Thumb Code     2  handlers.o(i.__scatterload_null)
    __scatterload_zeroinit                   0x08007d75   Thumb Code    14  handlers.o(i.__scatterload_zeroinit)
    _is_digit                                0x08007f09   Thumb Code    14  scanf_fp.o(i._is_digit)
    appInit                                  0x08008635   Thumb Code    54  app_init.o(i.appInit)
    aqCalloc                                 0x08008675   Thumb Code    46  util.o(i.aqCalloc)
    aqFree                                   0x080086a9   Thumb Code    28  util.o(i.aqFree)
    configFlashWrite                         0x080086e5   Thumb Code   128  config.o(i.configFlashWrite)
    configInit                               0x080087a9   Thumb Code   294  config.o(i.configInit)
    configLoadDefault                        0x080088f9   Thumb Code   300  config.o(i.configLoadDefault)
    controlInit                              0x08008a65   Thumb Code    38  control.o(i.controlInit)
    controlUpdateTask                        0x08008a9d   Thumb Code    50  control.o(i.controlUpdateTask)
    delay_ms                                 0x08008ad5   Thumb Code    28  util.o(i.delay_ms)
    delay_us                                 0x08008af1   Thumb Code    34  util.o(i.delay_us)
    flashAddress                             0x08008b15   Thumb Code    86  driver_flash.o(i.flashAddress)
    flashErase                               0x08008b6d   Thumb Code   458  driver_flash.o(i.flashErase)
    flashStartAddr                           0x08008d3d   Thumb Code     4  driver_flash.o(i.flashStartAddr)
    fputc                                    0x08008d45   Thumb Code    30  usartx.o(i.fputc)
    free                                     0x08008d69   Thumb Code    76  malloc.o(i.free)
    getsupervisorData                        0x08008db9   Thumb Code     4  supervisor.o(i.getsupervisorData)
    main                                     0x08008dc1   Thumb Code    40  main.o(i.main)
    malloc                                   0x08008e09   Thumb Code    92  malloc.o(i.malloc)
    pvPortMalloc                             0x08009371   Thumb Code   376  heap_4.o(i.pvPortMalloc)
    pxPortInitialiseStack                    0x080094f5   Thumb Code    38  port.o(i.pxPortInitialiseStack)
    time2_init                               0x08009521   Thumb Code    94  app.o(i.time2_init)
    uart1_init                               0x08009581   Thumb Code   182  usartx.o(i.uart1_init)
    uart2_init                               0x08009641   Thumb Code   198  usartx.o(i.uart2_init)
    uart3_init                               0x08009711   Thumb Code   168  usartx.o(i.uart3_init)
    uart4_init                               0x080097c1   Thumb Code   164  usartx.o(i.uart4_init)
    usbVCP_DataRX_Handle                     0x0800986d   Thumb Code     2  driver_usbvcp.o(i.usbVCP_DataRX_Handle)
    usbVCP_Printf                            0x08009871   Thumb Code    70  driver_usbvcp.o(i.usbVCP_Printf)
    usbd_cdc_DataIn                          0x080098c1   Thumb Code   102  driver_usbvcp.o(i.usbd_cdc_DataIn)
    usbd_cdc_DataOut                         0x08009931   Thumb Code    42  driver_usbvcp.o(i.usbd_cdc_DataOut)
    usbd_cdc_DeInit                          0x08009965   Thumb Code    36  driver_usbvcp.o(i.usbd_cdc_DeInit)
    usbd_cdc_EP0_RxReady                     0x0800998d   Thumb Code    30  driver_usbvcp.o(i.usbd_cdc_EP0_RxReady)
    usbd_cdc_Init                            0x080099b1   Thumb Code    72  driver_usbvcp.o(i.usbd_cdc_Init)
    usbd_cdc_SOF                             0x08009a01   Thumb Code   124  driver_usbvcp.o(i.usbd_cdc_SOF)
    usbd_cdc_Setup                           0x08009a85   Thumb Code   146  driver_usbvcp.o(i.usbd_cdc_Setup)
    uxListRemove                             0x08009b25   Thumb Code    38  list.o(i.uxListRemove)
    vApplicationIdleHook                     0x08009b4b   Thumb Code     2  cpu_utils.o(i.vApplicationIdleHook)
    vApplicationStackOverflowHook            0x08009b4d   Thumb Code     2  cpu_utils.o(i.vApplicationStackOverflowHook)
    vListInitialise                          0x08009b4f   Thumb Code    22  list.o(i.vListInitialise)
    vListInitialiseItem                      0x08009b65   Thumb Code     6  list.o(i.vListInitialiseItem)
    vListInsert                              0x08009b6d   Thumb Code    58  list.o(i.vListInsert)
    vListInsertEnd                           0x08009ba7   Thumb Code    24  list.o(i.vListInsertEnd)
    vPortEnterCritical                       0x08009bc1   Thumb Code    56  port.o(i.vPortEnterCritical)
    vPortExitCritical                        0x08009c01   Thumb Code    38  port.o(i.vPortExitCritical)
    vPortFree                                0x08009c2d   Thumb Code   154  heap_4.o(i.vPortFree)
    vPortValidateInterruptPriority           0x08009cd1   Thumb Code    74  port.o(i.vPortValidateInterruptPriority)
    vQueueAddToRegistry                      0x08009d25   Thumb Code    34  queue.o(i.vQueueAddToRegistry)
    vQueueWaitForMessageRestricted           0x08009d4d   Thumb Code    74  queue.o(i.vQueueWaitForMessageRestricted)
    vTaskDelayUntil                          0x08009d99   Thumb Code   136  tasks.o(i.vTaskDelayUntil)
    vTaskDelete                              0x08009e29   Thumb Code   194  tasks.o(i.vTaskDelete)
    vTaskInternalSetTimeOutState             0x08009efd   Thumb Code    12  tasks.o(i.vTaskInternalSetTimeOutState)
    vTaskMissedYield                         0x08009f0d   Thumb Code     8  tasks.o(i.vTaskMissedYield)
    vTaskPlaceOnEventList                    0x08009f19   Thumb Code    46  tasks.o(i.vTaskPlaceOnEventList)
    vTaskPlaceOnEventListRestricted          0x08009f4d   Thumb Code    54  tasks.o(i.vTaskPlaceOnEventListRestricted)
    vTaskStartScheduler                      0x08009f89   Thumb Code   104  tasks.o(i.vTaskStartScheduler)
    vTaskSuspendAll                          0x0800a009   Thumb Code    10  tasks.o(i.vTaskSuspendAll)
    vTaskSwitchContext                       0x0800a019   Thumb Code   134  tasks.o(i.vTaskSwitchContext)
    xEventGroupCreate                        0x0800a0ad   Thumb Code    26  event_groups.o(i.xEventGroupCreate)
    xPortStartScheduler                      0x0800a0c9   Thumb Code   260  port.o(i.xPortStartScheduler)
    xQueueGenericCreate                      0x0800a1ed   Thumb Code   142  queue.o(i.xQueueGenericCreate)
    xQueueGenericSend                        0x0800a27d   Thumb Code   464  queue.o(i.xQueueGenericSend)
    xQueueGenericSendFromISR                 0x0800a451   Thumb Code   282  queue.o(i.xQueueGenericSendFromISR)
    xQueueReceive                            0x0800a56d   Thumb Code   340  queue.o(i.xQueueReceive)
    xTaskCheckForTimeOut                     0x0800a6c5   Thumb Code   124  tasks.o(i.xTaskCheckForTimeOut)
    xTaskCreate                              0x0800a745   Thumb Code   364  tasks.o(i.xTaskCreate)
    xTaskGetSchedulerState                   0x0800a8d1   Thumb Code    24  tasks.o(i.xTaskGetSchedulerState)
    xTaskGetTickCount                        0x0800a8ed   Thumb Code     6  tasks.o(i.xTaskGetTickCount)
    xTaskIncrementTick                       0x0800a8f9   Thumb Code   226  tasks.o(i.xTaskIncrementTick)
    xTaskPriorityDisinherit                  0x0800a9e5   Thumb Code   146  tasks.o(i.xTaskPriorityDisinherit)
    xTaskRemoveFromEventList                 0x0800aa81   Thumb Code   106  tasks.o(i.xTaskRemoveFromEventList)
    xTaskResumeAll                           0x0800aaf9   Thumb Code   436  tasks.o(i.xTaskResumeAll)
    xTimerCreateTimerTask                    0x0800acb9   Thumb Code   108  timers.o(i.xTimerCreateTimerTask)
    xTimerGenericCommand                     0x0800ad49   Thumb Code   116  timers.o(i.xTimerGenericCommand)
    __ctype_categories                       0x0800adc0   Data          64  ctype_c.o(.constdata)
    Region$$Table$$Base                      0x0800ae00   Number         0  anon$$obj.o(Region$$Table)
    Region$$Table$$Limit                     0x0800ae20   Number         0  anon$$obj.o(Region$$Table)
    systemConfigData                         0x10006000   Data         220  config.o(.ARM.__AT_0x10006000)
    taskInitData                             0x20000000   Data           4  app_init.o(.data)
    Menu                                     0x20000004   Data           4  control.o(.data)
    Set_Cur                                  0x20000008   Data           4  control.o(.data)
    Set_Pos                                  0x2000000c   Data           4  control.o(.data)
    Set_Vel                                  0x20000010   Data           4  control.o(.data)
    rxbuf2                                   0x20000014   Data           4  odrive.o(.data)
    ulHighFrequencyTimerTicks                0x20000018   Data           4  main.o(.data)
    MyPidKp                                  0x2000001c   Data           4  pid.o(.data)
    MyPidKi                                  0x20000020   Data           4  pid.o(.data)
    MyPidKd                                  0x20000024   Data           4  pid.o(.data)
    Angle_Goal                               0x2000013c   Data           6  balance.o(.data)
    Motor_SpeedA_Goal                        0x20000142   Data           6  balance.o(.data)
    Motor_SpeedB_Goal                        0x20000148   Data           6  balance.o(.data)
    KeyUpFlag                                0x20000150   Data           1  app.o(.data)
    KeyMode                                  0x20000151   Data           1  app.o(.data)
    KeyUpFlag2                               0x20000152   Data           1  app.o(.data)
    Rxflag1                                  0x20000153   Data           1  app.o(.data)
    SwitchCount                              0x20000154   Data           1  app.o(.data)
    LD_ONFlag                                0x20000155   Data           1  app.o(.data)
    LD_B_ONFlag                              0x20000156   Data           1  app.o(.data)
    ReadSpeedFlag                            0x20000157   Data           1  app.o(.data)
    MoveOneFlag                              0x20000158   Data           1  app.o(.data)
    HeadSendBasketFlag                       0x20000159   Data           1  app.o(.data)
    FrontCarPositionFlag                     0x2000015a   Data           1  app.o(.data)
    BreakCargo                               0x2000015b   Data           1  app.o(.data)
    CarGo                                    0x2000015c   Data           1  app.o(.data)
    StionStop                                0x2000015d   Data           1  app.o(.data)
    CarDriveFlag                             0x2000015e   Data           1  app.o(.data)
    InStationFlag                            0x2000015f   Data           1  app.o(.data)
    InStationCount                           0x20000160   Data           1  app.o(.data)
    InStationCount1                          0x20000161   Data           1  app.o(.data)
    Pocket4                                  0x20000162   Data           1  app.o(.data)
    TrainMode                                0x20000163   Data           1  app.o(.data)
    TrainHeadNum                             0x20000164   Data           1  app.o(.data)
    i                                        0x20000165   Data           1  app.o(.data)
    KeyValue                                 0x20000166   Data           1  app.o(.data)
    KeyValue2                                0x20000167   Data           1  app.o(.data)
    gTim4UpdateCounter                       0x20000168   Data           2  app.o(.data)
    gGetSpeedVauleCounter                    0x2000016a   Data           2  app.o(.data)
    KeyUpCount                               0x2000016c   Data           2  app.o(.data)
    LedNumDisplay                            0x2000016e   Data           2  app.o(.data)
    KeyUpCount2                              0x20000170   Data           2  app.o(.data)
    LongLDCount                              0x20000172   Data           2  app.o(.data)
    Timer40msCount                           0x20000174   Data           2  app.o(.data)
    Timer10msCount                           0x20000176   Data           2  app.o(.data)
    Timer100msCount                          0x20000178   Data           2  app.o(.data)
    gCheckHeartLiveCount                     0x2000017a   Data           2  app.o(.data)
    gCheckFroCarLiveCount                    0x2000017c   Data           2  app.o(.data)
    SwitchCount1                             0x2000017e   Data           2  app.o(.data)
    SwitchCount1_B                           0x20000180   Data           2  app.o(.data)
    LedCnt                                   0x20000182   Data           2  app.o(.data)
    CarGoDelay                               0x20000184   Data           2  app.o(.data)
    powervol                                 0x20000186   Data           2  app.o(.data)
    ChargePosition                           0x20000188   Data           2  app.o(.data)
    gNewGetTim4Counter                       0x2000018c   Data           4  app.o(.data)
    gOldGetTim4Counter                       0x20000190   Data           4  app.o(.data)
    gErrorVaule                              0x20000194   Data           4  app.o(.data)
    gSum                                     0x20000198   Data           4  app.o(.data)
    PulseCntA                                0x2000019c   Data           4  app.o(.data)
    PulseCntB                                0x200001a0   Data           4  app.o(.data)
    CAN_ID                                   0x200001a4   Data           4  app.o(.data)
    PocketCountold                           0x200001a8   Data           4  app.o(.data)
    PocketCount2                             0x200001ac   Data           4  app.o(.data)
    Pocket_A_Count2                          0x200001b0   Data           4  app.o(.data)
    SwitchCount2                             0x200001b4   Data           4  app.o(.data)
    gSpeedR                                  0x200001b8   Data           4  app.o(.data)
    gSpeedRA                                 0x200001bc   Data           4  app.o(.data)
    gSpeedRB                                 0x200001c0   Data           4  app.o(.data)
    APPSendADDRFlag                          0x200001c4   Data           4  app.o(.data)
    BasketApplicationFlag                    0x200001c8   Data           4  app.o(.data)
    DeliverResultFlag                        0x200001cc   Data           4  app.o(.data)
    BasketReciveAddrFlag                     0x200001d0   Data           4  app.o(.data)
    gPowerValueFloat                         0x200001d4   Data           4  app.o(.data)
    gCarBatPower                             0x200001d8   Data           4  app.o(.data)
    BasketLifeFlag                           0x200001dc   Data           4  app.o(.data)
    PocketCount                              0x200001e0   Data           4  app.o(.data)
    PocketCount1                             0x200001e4   Data           4  app.o(.data)
    Pocket_A_Count                           0x200001e8   Data           4  app.o(.data)
    Pocket_A_Count1                          0x200001ec   Data           4  app.o(.data)
    gShowAlphabetData                        0x200001f0   Data           7  app.o(.data)
    RxRAM0                                   0x200001f7   Data           8  app.o(.data)
    gShowNumberData                          0x200001ff   Data          10  app.o(.data)
    NewPocket_A_Count                        0x2000020c   Data           4  app.o(.data)
    APPSendADDRACKFlag                       0x20000210   Data           1  app.o(.data)
    DeliverResultACKFlag                     0x20000214   Data           4  app.o(.data)
    FrontCarPositionPokec                    0x20000218   Data           2  app.o(.data)
    CarDistance                              0x2000021a   Data           2  app.o(.data)
    ST1ACKFlag                               0x2000021c   Data           1  app.o(.data)
    TrainApplyForExitFlag                    0x2000021d   Data           1  app.o(.data)
    CarScranFlag                             0x2000021e   Data           1  app.o(.data)
    ApplicationtTavel                        0x2000021f   Data           1  app.o(.data)
    ForceTravel1                             0x20000220   Data           1  app.o(.data)
    ConfigrationFlag                         0x20000221   Data           1  app.o(.data)
    ReadDataFlag                             0x20000222   Data           1  app.o(.data)
    CanSendCoount                            0x20000223   Data           1  app.o(.data)
    ChargeFlag                               0x20000224   Data           1  app.o(.data)
    CaseNum                                  0x20000226   Data           2  app.o(.data)
    TrainBasketMaxNum                        0x20000228   Data           1  app.o(.data)
    HigSpeed                                 0x20000229   Data           1  app.o(.data)
    MidSpeed                                 0x2000022a   Data           1  app.o(.data)
    LowSpeed                                 0x2000022b   Data           1  app.o(.data)
    OutStationQuicken                        0x2000022c   Data           1  app.o(.data)
    FollowHigSpeed                           0x2000022d   Data           1  app.o(.data)
    FollowMidSpeed                           0x2000022e   Data           1  app.o(.data)
    FollowLowSpeed                           0x2000022f   Data           1  app.o(.data)
    InStationHigtoMidSpeed                   0x20000230   Data           1  app.o(.data)
    InStationMidtoLowSpeed                   0x20000231   Data           1  app.o(.data)
    TrainMaxNum                              0x20000232   Data           1  app.o(.data)
    RecycleCaseNum                           0x20000234   Data           2  app.o(.data)
    MFContralZS                              0x20000236   Data           1  app.o(.data)
    MFContralDS                              0x20000237   Data           1  app.o(.data)
    OldPocket_A_Count                        0x20000238   Data           4  app.o(.data)
    TrainWarning                             0x2000023c   Data           1  state.o(.data)
    TrainState                               0x2000023d   Data           1  state.o(.data)
    StepState                                0x2000023e   Data           1  state.o(.data)
    CarGoGoFlag                              0x2000023f   Data           1  state.o(.data)
    PocketStep                               0x20000240   Data           1  state.o(.data)
    InStationLSFlag                          0x20000241   Data           1  state.o(.data)
    DeliverResulBasketNumber                 0x20000242   Data           1  state.o(.data)
    BreakStopFlag                            0x20000243   Data           1  state.o(.data)
    WIFIdatalen                              0x20000244   Data           1  state.o(.data)
    IntermediateVariable2                    0x20000245   Data           1  state.o(.data)
    ShieldBasket                             0x20000246   Data           1  state.o(.data)
    RecycleBasket                            0x20000247   Data           1  state.o(.data)
    RecycleBasketFlag                        0x20000248   Data           1  state.o(.data)
    CanSendOutStationFlag                    0x20000249   Data           1  state.o(.data)
    SendUDPDataDelay200ms                    0x2000024a   Data           1  state.o(.data)
    SendUDPDataDelay100ms                    0x2000024b   Data           1  state.o(.data)
    SendUDPDataDelay30ms                     0x2000024c   Data           1  state.o(.data)
    HeartDelayCount                          0x2000024d   Data           1  state.o(.data)
    AlltrainST1Flag                          0x2000024e   Data           1  state.o(.data)
    trainST1Flag                             0x2000024f   Data           1  state.o(.data)
    wer                                      0x20000250   Data           1  state.o(.data)
    BasketNumber                             0x20000251   Data           1  state.o(.data)
    MoterBrakeFlag                           0x20000252   Data           1  state.o(.data)
    Uart1_Rx_length                          0x20000254   Data           2  state.o(.data)
    CageNumber                               0x20000256   Data           2  state.o(.data)
    StopLG                                   0x20000258   Data           2  state.o(.data)
    MBSpeed                                  0x2000025c   Data           4  state.o(.data)
    CheckSumAPP                              0x20000260   Data           4  state.o(.data)
    CheckSumAPP1                             0x20000264   Data           4  state.o(.data)
    CheckSumAPP2                             0x20000268   Data           4  state.o(.data)
    SendDataBuf4                             0x2000026c   Data           6  state.o(.data)
    SendDataBuf5                             0x20000272   Data           6  state.o(.data)
    SendDataBuf7                             0x20000278   Data           6  state.o(.data)
    SendDataBuf1                             0x2000027e   Data           7  state.o(.data)
    SendDataBuf8                             0x20000285   Data           8  state.o(.data)
    SensorWarning                            0x2000028d   Data           1  state.o(.data)
    SensorWarningDelay1                      0x2000028e   Data           2  state.o(.data)
    SensorWarningDelay2                      0x20000290   Data           2  state.o(.data)
    SensorWarningDelay3                      0x20000292   Data           2  state.o(.data)
    SensorWarningDelay4                      0x20000294   Data           2  state.o(.data)
    SensorWarningDelay5                      0x20000296   Data           2  state.o(.data)
    SensorWarningDelay6                      0x20000298   Data           2  state.o(.data)
    SensorWarningDelay7                      0x2000029a   Data           2  state.o(.data)
    SensorWarningDelay8                      0x2000029c   Data           2  state.o(.data)
    gGetAdcCounter                           0x2000029e   Data           2  myadc.o(.data)
    MyADC_Buff                               0x200002a0   Data           4  myadc.o(.data)
    ADC_Value                                0x200002a4   Data           4  myadc.o(.data)
    clockClass                               0x200002a8   Data           4  driver_clockcount.o(.data)
    USB_Tx_State                             0x200002ac   Data           1  driver_usbvcp.o(.data)
    usbStatus                                0x200002ad   Data           1  driver_usbvcp.o(.data)
    usbPreemptionPriority                    0x200002ae   Data           1  driver_usbvcp.o(.data)
    usbSubPriority                           0x200002af   Data           1  driver_usbvcp.o(.data)
    APP_Rx_ptr_in                            0x200002b4   Data           4  driver_usbvcp.o(.data)
    APP_Rx_ptr_out                           0x200002b8   Data           4  driver_usbvcp.o(.data)
    APP_Rx_length                            0x200002bc   Data           4  driver_usbvcp.o(.data)
    USBD_LangIDDesc                          0x200002c8   Data           4  driver_usbvcp.o(.data)
    CmdBuff                                  0x200002d0   Data           8  driver_usbvcp.o(.data)
    USBD_CDC_cb                              0x200002d8   Data          44  driver_usbvcp.o(.data)
    usbd_cdc_CfgDesc                         0x20000304   Data          67  driver_usbvcp.o(.data)
    VCP_fops                                 0x20000348   Data          20  driver_usbvcp.o(.data)
    USR_desc                                 0x2000035c   Data          28  driver_usbvcp.o(.data)
    USBD_DeviceDesc                          0x20000378   Data          18  driver_usbvcp.o(.data)
    USBD_StringSerial                        0x2000038a   Data          26  driver_usbvcp.o(.data)
    USR_cb                                   0x200003a4   Data          28  driver_usbvcp.o(.data)
    flag                                     0x200003c5   Data           1  usartx.o(.data)
    USART_RX_STA                             0x200003c6   Data           2  usartx.o(.data)
    g_usart1_recv_cnt                        0x200003c8   Data           4  usartx.o(.data)
    g_usart3_recv_cnt                        0x200003cc   Data           4  usartx.o(.data)
    __stdout                                 0x200003d0   Data           4  usartx.o(.data)
    pxCurrentTCB                             0x20000408   Data           4  tasks.o(.data)
    USBD_DCD_INT_cb                          0x20000460   Data          44  usbd_core.o(.data)
    USBD_DCD_INT_fops                        0x2000048c   Data           4  usbd_core.o(.data)
    SET_TEST_MODE                            0x20000490   Data           4  usbd_core.o(.data)
    USBD_ep_status                           0x20000498   Data           4  usbd_req.o(.data)
    USBD_default_cfg                         0x2000049c   Data           4  usbd_req.o(.data)
    USBD_cfg_status                          0x200004a0   Data           4  usbd_req.o(.data)
    heapUsed                                 0x200004a4   Data           4  util.o(.data)
    heapHighWater                            0x200004a8   Data           4  util.o(.data)
    dataSramUsed                             0x200004ac   Data           4  util.o(.data)
    numStacks                                0x200004b0   Data           4  util.o(.data)
    __microlib_freelist                      0x200004b4   Data           4  mvars.o(.data)
    __microlib_freelist_initialised          0x200004b8   Data           4  mvars.o(.data)
    controlData                              0x200004bc   Data          12  control.o(.bss)
    OdriveData                               0x200004c8   Data         177  odrive.o(.bss)
    OdReceivedData                           0x20000579   Data         344  odrive.o(.bss)
    ODSendData                               0x200006d1   Data           9  odrive.o(.bss)
    supervisorData                           0x20000714   Data          83  supervisor.o(.bss)
    PIDA                                     0x20000768   Data          72  pid.o(.bss)
    balanceData                              0x200007b0   Data          13  balance.o(.bss)
    EW                                       0x200007bd   Data          22  balance.o(.bss)
    NFC                                      0x200007d3   Data          16  balance.o(.bss)
    XHCData                                  0x200007e3   Data           9  xhc_task.o(.bss)
    CAN2Data                                 0x200007ec   Data           9  can2_task.o(.bss)
    can1_rx_msg                              0x200007f8   Data          20  can2_task.o(.bss)
    GetSpeedVaule                            0x2000080c   Data         120  app.o(.bss)
    TxMessage                                0x20000884   Data          20  app.o(.bss)
    AppSendAddr                              0x20000898   Data          84  app.o(.bss)
    LastDeliverResultNum                     0x200008ec   Data          84  app.o(.bss)
    LastPoketNum                             0x20000940   Data          42  app.o(.bss)
    BasketError                              0x2000096a   Data          24  app.o(.bss)
    Icount                                   0x20000982   Data          21  app.o(.bss)
    Icount1                                  0x20000997   Data          21  app.o(.bss)
    Icount2                                  0x200009ac   Data          21  app.o(.bss)
    Uart1_Rx                                 0x200009c1   Data        1074  state.o(.bss)
    SendDataBuf2                             0x20000df3   Data         120  state.o(.bss)
    SendDataBuf3                             0x20000e6b   Data          35  state.o(.bss)
    SendDataBuf6                             0x20000e8e   Data          27  state.o(.bss)
    SendDataBuf9                             0x20000ea9   Data          10  state.o(.bss)
    SendDataBuf10                            0x20000eb3   Data          10  state.o(.bss)
    SendDataBuf11                            0x20000ebd   Data          10  state.o(.bss)
    WIFISendDataBuf                          0x20000ec7   Data         150  state.o(.bss)
    garry_ch0                                0x20000f5e   Data          20  myadc.o(.bss)
    USB_Rx_Buffer                            0x20000f74   Data          64  driver_usbvcp.o(.bss)
    APP_Rx_Buffer                            0x20000fb4   Data        2048  driver_usbvcp.o(.bss)
    USBD_StrDesc                             0x200017b4   Data         255  driver_usbvcp.o(.bss)
    USB_OTG_dev                              0x200018b4   Data        1524  driver_usbvcp.o(.bss)
    g_usart1_recv_buf                        0x20001ea8   Data         400  usartx.o(.bss)
    g_usart3_recv_buf                        0x20002038   Data         400  usartx.o(.bss)
    g_usart4_recv_buf                        0x200021c8   Data         400  usartx.o(.bss)
    Send_Data                                0x20002646   Data          48  usartx.o(.bss)
    Receive_Data                             0x20002678   Data          32  usartx.o(.bss)
    USART_RX_BUF                             0x20002698   Data         200  usartx.o(.bss)
    xQueueRegistry                           0x20011760   Data          64  queue.o(.bss)
    __heap_base                              0x20011970   Data           0  startup_stm32f40_41xxx.o(HEAP)
    __heap_limit                             0x20013970   Data           0  startup_stm32f40_41xxx.o(HEAP)
    __initial_sp                             0x20013d70   Data           0  startup_stm32f40_41xxx.o(STACK)



==============================================================================

Memory Map of the image

  Image Entry point : 0x08000261

  Load Region LR_1 (Base: 0x08000000, Size: 0x0000b2dc, Max: 0xffffffff, ABSOLUTE, COMPRESSED[0x0000af5c])

    Execution Region ER_RO (Exec base: 0x08000000, Load base: 0x08000000, Size: 0x0000ae20, Max: 0xffffffff, ABSOLUTE)

    Exec Addr    Load Addr    Size         Type   Attr      Idx    E Section Name        Object

    0x08000000   0x08000000   0x00000188   Data   RO         9006    RESET               startup_stm32f40_41xxx.o
    0x08000188   0x08000188   0x00000000   Code   RO         9486  * .ARM.Collect$$$$00000000  mc_w.l(entry.o)
    0x08000188   0x08000188   0x00000004   Code   RO         9837    .ARM.Collect$$$$00000001  mc_w.l(entry2.o)
    0x0800018c   0x0800018c   0x00000004   Code   RO         9840    .ARM.Collect$$$$00000004  mc_w.l(entry5.o)
    0x08000190   0x08000190   0x00000000   Code   RO         9842    .ARM.Collect$$$$00000008  mc_w.l(entry7b.o)
    0x08000190   0x08000190   0x00000000   Code   RO         9844    .ARM.Collect$$$$0000000A  mc_w.l(entry8b.o)
    0x08000190   0x08000190   0x00000008   Code   RO         9845    .ARM.Collect$$$$0000000B  mc_w.l(entry9a.o)
    0x08000198   0x08000198   0x00000004   Code   RO         9852    .ARM.Collect$$$$0000000E  mc_w.l(entry12b.o)
    0x0800019c   0x0800019c   0x00000000   Code   RO         9847    .ARM.Collect$$$$0000000F  mc_w.l(entry10a.o)
    0x0800019c   0x0800019c   0x00000000   Code   RO         9849    .ARM.Collect$$$$00000011  mc_w.l(entry11a.o)
    0x0800019c   0x0800019c   0x00000004   Code   RO         9838    .ARM.Collect$$$$00002712  mc_w.l(entry2.o)
    0x080001a0   0x080001a0   0x000000be   Code   RO         6853    .emb_text           port.o
    0x0800025e   0x0800025e   0x00000002   PAD
    0x08000260   0x08000260   0x00000024   Code   RO         9007  * .text               startup_stm32f40_41xxx.o
    0x08000284   0x08000284   0x00000024   Code   RO         9489    .text               mc_w.l(memcpya.o)
    0x080002a8   0x080002a8   0x00000024   Code   RO         9491    .text               mc_w.l(memseta.o)
    0x080002cc   0x080002cc   0x0000001e   Code   RO         9497    .text               mc_w.l(strncmp.o)
    0x080002ea   0x080002ea   0x00000002   PAD
    0x080002ec   0x080002ec   0x00000038   Code   RO         9790    .text               mc_w.l(__0sscanf.o)
    0x08000324   0x08000324   0x0000014c   Code   RO         9792    .text               mc_w.l(_scanf_int.o)
    0x08000470   0x08000470   0x00000360   Code   RO         9794    .text               mc_w.l(scanf_fp.o)
    0x080007d0   0x080007d0   0x0000014e   Code   RO         9798    .text               mf_w.l(dadd.o)
    0x0800091e   0x0800091e   0x000000e4   Code   RO         9800    .text               mf_w.l(dmul.o)
    0x08000a02   0x08000a02   0x000000de   Code   RO         9802    .text               mf_w.l(ddiv.o)
    0x08000ae0   0x08000ae0   0x0000001a   Code   RO         9806    .text               mf_w.l(dfltui.o)
    0x08000afa   0x08000afa   0x00000032   Code   RO         9808    .text               mf_w.l(dfixui.o)
    0x08000b2c   0x08000b2c   0x00000026   Code   RO         9810    .text               mf_w.l(f2d.o)
    0x08000b52   0x08000b52   0x00000002   PAD
    0x08000b54   0x08000b54   0x00000030   Code   RO         9814    .text               mf_w.l(cdrcmple.o)
    0x08000b84   0x08000b84   0x00000038   Code   RO         9816    .text               mf_w.l(d2f.o)
    0x08000bbc   0x08000bbc   0x0000002c   Code   RO         9853    .text               mc_w.l(uidiv.o)
    0x08000be8   0x08000be8   0x00000062   Code   RO         9855    .text               mc_w.l(uldiv.o)
    0x08000c4a   0x08000c4a   0x0000001e   Code   RO         9857    .text               mc_w.l(llshl.o)
    0x08000c68   0x08000c68   0x00000020   Code   RO         9859    .text               mc_w.l(llushr.o)
    0x08000c88   0x08000c88   0x00000024   Code   RO         9861    .text               mc_w.l(llsshr.o)
    0x08000cac   0x08000cac   0x0000001c   Code   RO         9872    .text               mc_w.l(_chval.o)
    0x08000cc8   0x08000cc8   0x00000028   Code   RO         9874    .text               mc_w.l(scanf_char.o)
    0x08000cf0   0x08000cf0   0x00000040   Code   RO         9876    .text               mc_w.l(_sgetc.o)
    0x08000d30   0x08000d30   0x00000000   Code   RO         9878    .text               mc_w.l(iusefp.o)
    0x08000d30   0x08000d30   0x0000006e   Code   RO         9879    .text               mf_w.l(fepilogue.o)
    0x08000d9e   0x08000d9e   0x000000ba   Code   RO         9881    .text               mf_w.l(depilogue.o)
    0x08000e58   0x08000e58   0x00000018   Code   RO         9885    .text               mf_w.l(dfltul.o)
    0x08000e70   0x08000e70   0x00000030   Code   RO         9887    .text               mf_w.l(dfixul.o)
    0x08000ea0   0x08000ea0   0x00000024   Code   RO         9891    .text               mc_w.l(init.o)
    0x08000ec4   0x08000ec4   0x0000000a   Code   RO         9893    .text               mc_w.l(isspace_c.o)
    0x08000ece   0x08000ece   0x00000002   PAD
    0x08000ed0   0x08000ed0   0x00000330   Code   RO         9895    .text               mc_w.l(_scanf.o)
    0x08001200   0x08001200   0x00000028   Code   RO         9897    .text               mc_w.l(ctype_c.o)
    0x08001228   0x08001228   0x00000056   Code   RO         9908    .text               mc_w.l(__dczerorl2.o)
    0x0800127e   0x0800127e   0x00000012   Code   RO         3834    i.ADC_Cmd           stm32f4xx_adc.o
    0x08001290   0x08001290   0x0000002c   Code   RO         3835    i.ADC_CommonInit    stm32f4xx_adc.o
    0x080012bc   0x080012bc   0x0000000c   Code   RO         3836    i.ADC_CommonStructInit  stm32f4xx_adc.o
    0x080012c8   0x080012c8   0x00000012   Code   RO         3838    i.ADC_DMACmd        stm32f4xx_adc.o
    0x080012da   0x080012da   0x00000012   Code   RO         3839    i.ADC_DMARequestAfterLastTransferCmd  stm32f4xx_adc.o
    0x080012ec   0x080012ec   0x00000054   Code   RO         3854    i.ADC_Init          stm32f4xx_adc.o
    0x08001340   0x08001340   0x00000092   Code   RO         3859    i.ADC_RegularChannelConfig  stm32f4xx_adc.o
    0x080013d2   0x080013d2   0x0000000a   Code   RO         3861    i.ADC_SoftwareStartConv  stm32f4xx_adc.o
    0x080013dc   0x080013dc   0x00000014   Code   RO         3863    i.ADC_StructInit    stm32f4xx_adc.o
    0x080013f0   0x080013f0   0x00000062   Code   RO         3038    i.BSP_TIM_INT_Init  bsp_timer.o
    0x08001452   0x08001452   0x000000fa   Code   RO         3040    i.BSP_TIM_RCC_Init  bsp_timer.o
    0x0800154c   0x0800154c   0x00000002   Code   RO         6441    i.BusFault_Handler  stm32f4xx_it.o
    0x0800154e   0x0800154e   0x00000002   PAD
    0x08001550   0x08001550   0x00000060   Code   RO         1151    i.CAN1_RX0_IRQHandler  can2_task.o
    0x080015b0   0x080015b0   0x0000002c   Code   RO         1152    i.CAN1_TX_IRQHandler  can2_task.o
    0x080015dc   0x080015dc   0x0000003c   Code   RO         1153    i.CAN2DataInit      can2_task.o
    0x08001618   0x08001618   0x00000a8c   Code   RO          568    i.CAN2_RX0_IRQHandler  odrive.o
    0x080020a4   0x080020a4   0x00000024   Code   RO          569    i.CAN2_TX_IRQHandler  odrive.o
    0x080020c8   0x080020c8   0x000002a8   Code   RO         1155    i.CAN2_TaskUpdateTask  can2_task.o
    0x08002370   0x08002370   0x00000034   Code   RO         4075    i.CAN_ClearFlag     stm32f4xx_can.o
    0x080023a4   0x080023a4   0x0000009c   Code   RO         4076    i.CAN_ClearITPendingBit  stm32f4xx_can.o
    0x08002440   0x08002440   0x00000110   Code   RO         4082    i.CAN_GetITStatus   stm32f4xx_can.o
    0x08002550   0x08002550   0x000000b4   Code   RO         4090    i.CAN_Receive       stm32f4xx_can.o
    0x08002604   0x08002604   0x000000e6   Code   RO         4095    i.CAN_Transmit      stm32f4xx_can.o
    0x080026ea   0x080026ea   0x00000002   PAD
    0x080026ec   0x080026ec   0x0000007c   Code   RO         4096    i.CAN_TransmitStatus  stm32f4xx_can.o
    0x08002768   0x08002768   0x00000194   Code   RO         1500    i.CanSendDataTask   state.o
    0x080028fc   0x080028fc   0x000000e4   Code   RO         1502    i.Can_Send_Distribute  state.o
    0x080029e0   0x080029e0   0x000000dc   Code   RO         1208    i.ChargeStop        app.o
    0x08002abc   0x08002abc   0x0000025c   Code   RO         1209    i.CheckCarCanCmd    app.o
    0x08002d18   0x08002d18   0x0000002c   Code   RO         7915    i.DCD_EP_Close      usb_dcd.o
    0x08002d44   0x08002d44   0x0000003a   Code   RO         7916    i.DCD_EP_ClrStall   usb_dcd.o
    0x08002d7e   0x08002d7e   0x00000040   Code   RO         7918    i.DCD_EP_Open       usb_dcd.o
    0x08002dbe   0x08002dbe   0x00000044   Code   RO         7919    i.DCD_EP_PrepareRx  usb_dcd.o
    0x08002e02   0x08002e02   0x00000010   Code   RO         7920    i.DCD_EP_SetAddress  usb_dcd.o
    0x08002e12   0x08002e12   0x0000003a   Code   RO         7921    i.DCD_EP_Stall      usb_dcd.o
    0x08002e4c   0x08002e4c   0x0000003e   Code   RO         7922    i.DCD_EP_Tx         usb_dcd.o
    0x08002e8a   0x08002e8a   0x00000002   PAD
    0x08002e8c   0x08002e8c   0x0000002c   Code   RO         5703    i.DMA_ClearFlag     stm32f4xx_dma.o
    0x08002eb8   0x08002eb8   0x00000012   Code   RO         5705    i.DMA_Cmd           stm32f4xx_dma.o
    0x08002eca   0x08002eca   0x00000002   PAD
    0x08002ecc   0x08002ecc   0x00000070   Code   RO         3263    i.DMA_Config        usartx.o
    0x08002f3c   0x08002f3c   0x00000184   Code   RO         5706    i.DMA_DeInit        stm32f4xx_dma.o
    0x080030c0   0x080030c0   0x00000010   Code   RO         5710    i.DMA_GetCmdStatus  stm32f4xx_dma.o
    0x080030d0   0x080030d0   0x00000006   Code   RO         5711    i.DMA_GetCurrDataCounter  stm32f4xx_dma.o
    0x080030d6   0x080030d6   0x00000002   PAD
    0x080030d8   0x080030d8   0x00000034   Code   RO         5714    i.DMA_GetFlagStatus  stm32f4xx_dma.o
    0x0800310c   0x0800310c   0x00000078   Code   RO         5717    i.DMA_Init          stm32f4xx_dma.o
    0x08003184   0x08003184   0x00000022   Code   RO         5721    i.DMA_StructInit    stm32f4xx_dma.o
    0x080031a6   0x080031a6   0x00000002   Code   RO         6442    i.DebugMon_Handler  stm32f4xx_it.o
    0x080031a8   0x080031a8   0x00000140   Code   RO         1210    i.Display           app.o
    0x080032e8   0x080032e8   0x00000074   Code   RO         1691    i.EEPROM_GPIO_Init  bsp_eeprom.o
    0x0800335c   0x0800335c   0x000000d8   Code   RO         1694    i.EEPROM_Read_Byte  bsp_eeprom.o
    0x08003434   0x08003434   0x0000001c   Code   RO         1695    i.EEPROM_Read_u16   bsp_eeprom.o
    0x08003450   0x08003450   0x0000005c   Code   RO         1697    i.EEPROM_SendByte   bsp_eeprom.o
    0x080034ac   0x080034ac   0x00000054   Code   RO         1698    i.EEPROM_Start      bsp_eeprom.o
    0x08003500   0x08003500   0x00000044   Code   RO         1699    i.EEPROM_Stop       bsp_eeprom.o
    0x08003544   0x08003544   0x00000058   Code   RO         1700    i.EEPROM_WaitAck    bsp_eeprom.o
    0x0800359c   0x0800359c   0x00000040   Code   RO         1702    i.EEPROM_Write_Byte  bsp_eeprom.o
    0x080035dc   0x080035dc   0x0000007c   Code   RO         1703    i.EEPROM_Write_u16  bsp_eeprom.o
    0x08003658   0x08003658   0x0000001e   Code   RO         2335    i.EXTI0_IRQHandler  isp_exit.o
    0x08003676   0x08003676   0x00000002   PAD
    0x08003678   0x08003678   0x00000080   Code   RO         2336    i.EXTI15_10_IRQHandler  isp_exit.o
    0x080036f8   0x080036f8   0x00000024   Code   RO         3641    i.EXTI1_IRQHandler  cigan.o
    0x0800371c   0x0800371c   0x0000001e   Code   RO         2337    i.EXTI2_IRQHandler  isp_exit.o
    0x0800373a   0x0800373a   0x0000001e   Code   RO         2338    i.EXTI3_IRQHandler  isp_exit.o
    0x08003758   0x08003758   0x0000001e   Code   RO         2339    i.EXTI4_IRQHandler  isp_exit.o
    0x08003776   0x08003776   0x00000002   PAD
    0x08003778   0x08003778   0x00000024   Code   RO         3642    i.EXTI9_5_IRQHandler  cigan.o
    0x0800379c   0x0800379c   0x0000000c   Code   RO         5637    i.EXTI_ClearFlag    stm32f4xx_exti.o
    0x080037a8   0x080037a8   0x0000000c   Code   RO         5638    i.EXTI_ClearITPendingBit  stm32f4xx_exti.o
    0x080037b4   0x080037b4   0x00000084   Code   RO         3643    i.EXTI_Configuration  cigan.o
    0x08003838   0x08003838   0x00000014   Code   RO         5642    i.EXTI_GetITStatus  stm32f4xx_exti.o
    0x0800384c   0x0800384c   0x00000090   Code   RO         5643    i.EXTI_Init         stm32f4xx_exti.o
    0x080038dc   0x080038dc   0x0000000c   Code   RO         5955    i.FLASH_ClearFlag   stm32f4xx_flash.o
    0x080038e8   0x080038e8   0x00000018   Code   RO         5956    i.FLASH_DataCacheCmd  stm32f4xx_flash.o
    0x08003900   0x08003900   0x00000010   Code   RO         5957    i.FLASH_DataCacheReset  stm32f4xx_flash.o
    0x08003910   0x08003910   0x0000006c   Code   RO         5961    i.FLASH_EraseSector  stm32f4xx_flash.o
    0x0800397c   0x0800397c   0x00000010   Code   RO         5967    i.FLASH_Lock        stm32f4xx_flash.o
    0x0800398c   0x0800398c   0x00000040   Code   RO         5991    i.FLASH_ProgramWord  stm32f4xx_flash.o
    0x080039cc   0x080039cc   0x00000028   Code   RO         5993    i.FLASH_Unlock      stm32f4xx_flash.o
    0x080039f4   0x080039f4   0x000000a8   Code   RO         5994    i.FLASH_WaitForLastOperation  stm32f4xx_flash.o
    0x08003a9c   0x08003a9c   0x0000009a   Code   RO         4743    i.GPIO_Init         stm32f4xx_gpio.o
    0x08003b36   0x08003b36   0x00000022   Code   RO         4744    i.GPIO_PinAFConfig  stm32f4xx_gpio.o
    0x08003b58   0x08003b58   0x00000004   Code   RO         4750    i.GPIO_ResetBits    stm32f4xx_gpio.o
    0x08003b5c   0x08003b5c   0x00000004   Code   RO         4751    i.GPIO_SetBits      stm32f4xx_gpio.o
    0x08003b60   0x08003b60   0x00000012   Code   RO         4752    i.GPIO_StructInit   stm32f4xx_gpio.o
    0x08003b72   0x08003b72   0x00000002   PAD
    0x08003b74   0x08003b74   0x00000044   Code   RO         1809    i.GetAdcAverage     myadc.o
    0x08003bb8   0x08003bb8   0x00000014   Code   RO         6443    i.HardFault_Handler  stm32f4xx_it.o
    0x08003bcc   0x08003bcc   0x00000004   PAD
    0x08003bd0   0x08003bd0   0x000001a4   Code   RO         1507    i.HeartToApp        state.o
    0x08003d74   0x08003d74   0x000001f8   Code   RO         1508    i.IO_Init           state.o
    0x08003f6c   0x08003f6c   0x00000098   Code   RO         1510    i.JT808DataPackageSend  state.o
    0x08004004   0x08004004   0x000000b0   Code   RO         1213    i.KeyScan           app.o
    0x080040b4   0x080040b4   0x00000240   Code   RO         1215    i.LoadingStation    app.o
    0x080042f4   0x080042f4   0x00000002   Code   RO         6444    i.MemManage_Handler  stm32f4xx_it.o
    0x080042f6   0x080042f6   0x00000002   PAD
    0x080042f8   0x080042f8   0x0000003c   Code   RO         1810    i.MyADC_GetValue    myadc.o
    0x08004334   0x08004334   0x00000118   Code   RO         1811    i.MyADC_Init        myadc.o
    0x0800444c   0x0800444c   0x00000002   Code   RO         6445    i.NMI_Handler       stm32f4xx_it.o
    0x0800444e   0x0800444e   0x00000002   PAD
    0x08004450   0x08004450   0x00000070   Code   RO         3780    i.NVIC_Init         misc.o
    0x080044c0   0x080044c0   0x00000014   Code   RO         3781    i.NVIC_PriorityGroupConfig  misc.o
    0x080044d4   0x080044d4   0x0000000c   Code   RO         2025    i.OTG_FS_IRQHandler  driver_usbvcp.o
    0x080044e0   0x080044e0   0x00000064   Code   RO          600    i.OdriveSend_RemoteCmd  odrive.o
    0x08004544   0x08004544   0x0000010c   Code   RO          912    i.Position_PIDA     pid.o
    0x08004650   0x08004650   0x00000070   Code   RO         1217    i.PowerValueLedShow  app.o
    0x080046c0   0x080046c0   0x00000018   Code   RO         4236    i.RCC_AHB1PeriphClockCmd  stm32f4xx_rcc.o
    0x080046d8   0x080046d8   0x00000018   Code   RO         4245    i.RCC_APB1PeriphClockCmd  stm32f4xx_rcc.o
    0x080046f0   0x080046f0   0x00000018   Code   RO         4248    i.RCC_APB2PeriphClockCmd  stm32f4xx_rcc.o
    0x08004708   0x08004708   0x000000a8   Code   RO         4257    i.RCC_GetClocksFreq  stm32f4xx_rcc.o
    0x080047b0   0x080047b0   0x000000f0   Code   RO         1511    i.ReadDataACK       state.o
    0x080048a0   0x080048a0   0x00000108   Code   RO         1512    i.ReadE2promData    state.o
    0x080049a8   0x080049a8   0x00000002   Code   RO         2383    i.SPI1_IRQHandler   isp_spi.o
    0x080049aa   0x080049aa   0x00000002   Code   RO         2384    i.SPI2_IRQHandler   isp_spi.o
    0x080049ac   0x080049ac   0x00000002   Code   RO         2385    i.SPI3_IRQHandler   isp_spi.o
    0x080049ae   0x080049ae   0x0000002e   Code   RO         4847    i.SYSCFG_EXTILineConfig  stm32f4xx_syscfg.o
    0x080049dc   0x080049dc   0x0000003c   Code   RO         1219    i.SaveData          app.o
    0x08004a18   0x08004a18   0x00000320   Code   RO         3265    i.Serial1Data       usartx.o
    0x08004d38   0x08004d38   0x0000002c   Code   RO         6854    i.SysTick_Handler   port.o
    0x08004d64   0x08004d64   0x00000104   Code   RO         8972    i.SystemInit        system_stm32f4xx.o
    0x08004e68   0x08004e68   0x00000090   Code   RO         1222    i.TIM14_PWM_Init    app.o
    0x08004ef8   0x08004ef8   0x00000002   Code   RO         2419    i.TIM1_BRK_TIM9_IRQHandler  isp_tim.o
    0x08004efa   0x08004efa   0x00000002   Code   RO         2420    i.TIM1_CC_IRQHandler  isp_tim.o
    0x08004efc   0x08004efc   0x0000002c   Code   RO         2421    i.TIM1_UP_TIM10_IRQHandler  isp_tim.o
    0x08004f28   0x08004f28   0x00000238   Code   RO         1223    i.TIM2_IRQHandler   app.o
    0x08005160   0x08005160   0x00000090   Code   RO         1224    i.TIM3_IRQHandler   app.o
    0x080051f0   0x080051f0   0x00000014   Code   RO         3713    i.TIM5_IRQHandler   encoder.o
    0x08005204   0x08005204   0x0000000c   Code   RO         2422    i.TIM8_BRK_TIM12_IRQHandler  isp_tim.o
    0x08005210   0x08005210   0x00000002   Code   RO         2423    i.TIM8_TRG_COM_TIM14_IRQHandler  isp_tim.o
    0x08005212   0x08005212   0x00000002   Code   RO         2424    i.TIM8_UP_TIM13_IRQHandler  isp_tim.o
    0x08005214   0x08005214   0x00000006   Code   RO         5102    i.TIM_ClearFlag     stm32f4xx_tim.o
    0x0800521a   0x0800521a   0x00000006   Code   RO         5103    i.TIM_ClearITPendingBit  stm32f4xx_tim.o
    0x08005220   0x08005220   0x00000012   Code   RO         5108    i.TIM_Cmd           stm32f4xx_tim.o
    0x08005232   0x08005232   0x00000004   Code   RO         5127    i.TIM_GetCounter    stm32f4xx_tim.o
    0x08005236   0x08005236   0x0000000e   Code   RO         5128    i.TIM_GetFlagStatus  stm32f4xx_tim.o
    0x08005244   0x08005244   0x00000016   Code   RO         5129    i.TIM_GetITStatus   stm32f4xx_tim.o
    0x0800525a   0x0800525a   0x00000010   Code   RO         5133    i.TIM_ITConfig      stm32f4xx_tim.o
    0x0800526a   0x0800526a   0x00000068   Code   RO         5137    i.TIM_OC1Init       stm32f4xx_tim.o
    0x080052d2   0x080052d2   0x0000000c   Code   RO         5140    i.TIM_OC1PreloadConfig  stm32f4xx_tim.o
    0x080052de   0x080052de   0x00000004   Code   RO         5170    i.TIM_SetCompare1   stm32f4xx_tim.o
    0x080052e2   0x080052e2   0x000000bc   Code   RO         3042    i.TIM_TO_NVIC_IRQChannel  bsp_timer.o
    0x0800539e   0x0800539e   0x00000002   PAD
    0x080053a0   0x080053a0   0x00000080   Code   RO         5180    i.TIM_TimeBaseInit  stm32f4xx_tim.o
    0x08005420   0x08005420   0x00000060   Code   RO         1226    i.TM1620_Config     app.o
    0x08005480   0x08005480   0x0000006c   Code   RO         1227    i.TM1620_Write      app.o
    0x080054ec   0x080054ec   0x000000c0   Code   RO         1228    i.TM1620_init       app.o
    0x080055ac   0x080055ac   0x000005d0   Code   RO         1515    i.TrainBusinessLogic  state.o
    0x08005b7c   0x08005b7c   0x00000390   Code   RO         1516    i.TrainContral      state.o
    0x08005f0c   0x08005f0c   0x00000134   Code   RO         1517    i.TrainFollowTrain  state.o
    0x08006040   0x08006040   0x00000048   Code   RO         3271    i.UART4_IRQHandler  usartx.o
    0x08006088   0x08006088   0x00000070   Code   RO         3272    i.UART5_IRQHandler  usartx.o
    0x080060f8   0x080060f8   0x00000098   Code   RO         3273    i.USART1_IRQHandler  usartx.o
    0x08006190   0x08006190   0x00000068   Code   RO         3275    i.USART2_IRQHandler  usartx.o
    0x080061f8   0x080061f8   0x000000d8   Code   RO         3276    i.USART3_IRQHandler  usartx.o
    0x080062d0   0x080062d0   0x00000006   Code   RO         4904    i.USART_ClearFlag   stm32f4xx_usart.o
    0x080062d6   0x080062d6   0x0000000e   Code   RO         4905    i.USART_ClearITPendingBit  stm32f4xx_usart.o
    0x080062e4   0x080062e4   0x00000012   Code   RO         4908    i.USART_Cmd         stm32f4xx_usart.o
    0x080062f6   0x080062f6   0x00000010   Code   RO         4909    i.USART_DMACmd      stm32f4xx_usart.o
    0x08006306   0x08006306   0x00000002   PAD
    0x08006308   0x08006308   0x00000270   Code   RO         1518    i.USART_Data_Send_Task  state.o
    0x08006578   0x08006578   0x0000000e   Code   RO         4911    i.USART_GetFlagStatus  stm32f4xx_usart.o
    0x08006586   0x08006586   0x0000004c   Code   RO         4912    i.USART_GetITStatus  stm32f4xx_usart.o
    0x080065d2   0x080065d2   0x00000030   Code   RO         4914    i.USART_ITConfig    stm32f4xx_usart.o
    0x08006602   0x08006602   0x00000002   PAD
    0x08006604   0x08006604   0x000000b8   Code   RO         4915    i.USART_Init        stm32f4xx_usart.o
    0x080066bc   0x080066bc   0x00000008   Code   RO         4922    i.USART_ReceiveData  stm32f4xx_usart.o
    0x080066c4   0x080066c4   0x00000008   Code   RO         4925    i.USART_SendData    stm32f4xx_usart.o
    0x080066cc   0x080066cc   0x0000000e   Code   RO         8040    i.USBD_ClrCfg       usbd_core.o
    0x080066da   0x080066da   0x00000012   Code   RO         8147    i.USBD_CtlContinueRx  usbd_ioreq.o
    0x080066ec   0x080066ec   0x00000012   Code   RO         8148    i.USBD_CtlContinueSendData  usbd_ioreq.o
    0x080066fe   0x080066fe   0x0000001c   Code   RO         8207    i.USBD_CtlError     usbd_req.o
    0x0800671a   0x0800671a   0x00000020   Code   RO         8149    i.USBD_CtlPrepareRx  usbd_ioreq.o
    0x0800673a   0x0800673a   0x00000022   Code   RO         8150    i.USBD_CtlReceiveStatus  usbd_ioreq.o
    0x0800675c   0x0800675c   0x00000020   Code   RO         8151    i.USBD_CtlSendData  usbd_ioreq.o
    0x0800677c   0x0800677c   0x00000022   Code   RO         8152    i.USBD_CtlSendStatus  usbd_ioreq.o
    0x0800679e   0x0800679e   0x00000002   PAD
    0x080067a0   0x080067a0   0x000000c8   Code   RO         8041    i.USBD_DataInStage  usbd_core.o
    0x08006868   0x08006868   0x00000078   Code   RO         8042    i.USBD_DataOutStage  usbd_core.o
    0x080068e0   0x080068e0   0x00000068   Code   RO         8208    i.USBD_GetString    usbd_req.o
    0x08006948   0x08006948   0x0000000e   Code   RO         8045    i.USBD_IsoINIncomplete  usbd_core.o
    0x08006956   0x08006956   0x0000000e   Code   RO         8046    i.USBD_IsoOUTIncomplete  usbd_core.o
    0x08006964   0x08006964   0x00000608   Code   RO         8012    i.USBD_OTG_ISR_Handler  usb_dcd_int.o
    0x08006f6c   0x08006f6c   0x00000044   Code   RO         8209    i.USBD_ParseSetupRequest  usbd_req.o
    0x08006fb0   0x08006fb0   0x0000002e   Code   RO         8047    i.USBD_Reset        usbd_core.o
    0x08006fde   0x08006fde   0x00000016   Code   RO         8048    i.USBD_Resume       usbd_core.o
    0x08006ff4   0x08006ff4   0x00000012   Code   RO         8049    i.USBD_SOF          usbd_core.o
    0x08007006   0x08007006   0x0000001a   Code   RO         8050    i.USBD_SetCfg       usbd_core.o
    0x08007020   0x08007020   0x0000004c   Code   RO         8051    i.USBD_SetupStage   usbd_core.o
    0x0800706c   0x0800706c   0x000002e0   Code   RO         8210    i.USBD_StdDevReq    usbd_req.o
    0x0800734c   0x0800734c   0x00000134   Code   RO         8211    i.USBD_StdEPReq     usbd_req.o
    0x08007480   0x08007480   0x00000048   Code   RO         8212    i.USBD_StdItfReq    usbd_req.o
    0x080074c8   0x080074c8   0x0000001c   Code   RO         8052    i.USBD_Suspend      usbd_core.o
    0x080074e4   0x080074e4   0x00000020   Code   RO         2026    i.USBD_USR_ConfigStrDescriptor  driver_usbvcp.o
    0x08007504   0x08007504   0x0000000c   Code   RO         2027    i.USBD_USR_DeviceConfigured  driver_usbvcp.o
    0x08007510   0x08007510   0x0000000c   Code   RO         2028    i.USBD_USR_DeviceConnected  driver_usbvcp.o
    0x0800751c   0x0800751c   0x0000000c   Code   RO         2029    i.USBD_USR_DeviceDescriptor  driver_usbvcp.o
    0x08007528   0x08007528   0x0000000c   Code   RO         2030    i.USBD_USR_DeviceDisconnected  driver_usbvcp.o
    0x08007534   0x08007534   0x00000002   Code   RO         2031    i.USBD_USR_DeviceReset  driver_usbvcp.o
    0x08007536   0x08007536   0x00000002   PAD
    0x08007538   0x08007538   0x0000000c   Code   RO         2032    i.USBD_USR_DeviceResumed  driver_usbvcp.o
    0x08007544   0x08007544   0x0000000c   Code   RO         2033    i.USBD_USR_DeviceSuspended  driver_usbvcp.o
    0x08007550   0x08007550   0x00000002   Code   RO         2034    i.USBD_USR_Init     driver_usbvcp.o
    0x08007552   0x08007552   0x00000002   PAD
    0x08007554   0x08007554   0x00000024   Code   RO         2035    i.USBD_USR_InterfaceStrDescriptor  driver_usbvcp.o
    0x08007578   0x08007578   0x0000000c   Code   RO         2036    i.USBD_USR_LangIDStrDescriptor  driver_usbvcp.o
    0x08007584   0x08007584   0x00000028   Code   RO         2037    i.USBD_USR_ManufacturerStrDescriptor  driver_usbvcp.o
    0x080075ac   0x080075ac   0x00000064   Code   RO         2038    i.USBD_USR_ProductStrDescriptor  driver_usbvcp.o
    0x08007610   0x08007610   0x00000084   Code   RO         2039    i.USBD_USR_SerialStrDescriptor  driver_usbvcp.o
    0x08007694   0x08007694   0x0000000c   Code   RO         2040    i.USBD_cdc_GetCfgDesc  driver_usbvcp.o
    0x080076a0   0x080076a0   0x00000024   Code   RO         2044    i.USB_OTG_BSP_uDelay  driver_usbvcp.o
    0x080076c4   0x080076c4   0x0000003e   Code   RO         7690    i.USB_OTG_EP0Activate  usb_core.o
    0x08007702   0x08007702   0x000000c0   Code   RO         7691    i.USB_OTG_EP0StartXfer  usb_core.o
    0x080077c2   0x080077c2   0x00000002   PAD
    0x080077c4   0x080077c4   0x00000028   Code   RO         7692    i.USB_OTG_EP0_OutStart  usb_core.o
    0x080077ec   0x080077ec   0x0000005e   Code   RO         7693    i.USB_OTG_EPActivate  usb_core.o
    0x0800784a   0x0800784a   0x0000002e   Code   RO         7694    i.USB_OTG_EPClearStall  usb_core.o
    0x08007878   0x08007878   0x00000040   Code   RO         7695    i.USB_OTG_EPDeactivate  usb_core.o
    0x080078b8   0x080078b8   0x00000032   Code   RO         7696    i.USB_OTG_EPSetStall  usb_core.o
    0x080078ea   0x080078ea   0x00000002   PAD
    0x080078ec   0x080078ec   0x00000168   Code   RO         7697    i.USB_OTG_EPStartXfer  usb_core.o
    0x08007a54   0x08007a54   0x00000048   Code   RO         7701    i.USB_OTG_FlushTxFifo  usb_core.o
    0x08007a9c   0x08007a9c   0x00000020   Code   RO         7702    i.USB_OTG_GetDeviceSpeed  usb_core.o
    0x08007abc   0x08007abc   0x00000010   Code   RO         7706    i.USB_OTG_IsDeviceMode  usb_core.o
    0x08007acc   0x08007acc   0x0000000a   Code   RO         7708    i.USB_OTG_ReadCoreItr  usb_core.o
    0x08007ad6   0x08007ad6   0x0000000c   Code   RO         7709    i.USB_OTG_ReadDevAllInEPItr  usb_core.o
    0x08007ae2   0x08007ae2   0x0000000c   Code   RO         7710    i.USB_OTG_ReadDevAllOutEp_itr  usb_core.o
    0x08007aee   0x08007aee   0x00000010   Code   RO         7711    i.USB_OTG_ReadDevOutEP_itr  usb_core.o
    0x08007afe   0x08007afe   0x00000036   Code   RO         7713    i.USB_OTG_ReadPacket  usb_core.o
    0x08007b34   0x08007b34   0x00000056   Code   RO         7719    i.USB_OTG_WritePacket  usb_core.o
    0x08007b8a   0x08007b8a   0x00000002   Code   RO         6446    i.UsageFault_Handler  stm32f4xx_it.o
    0x08007b8c   0x08007b8c   0x00000004   Code   RO         2045    i.VCP_Ctrl          driver_usbvcp.o
    0x08007b90   0x08007b90   0x0000000a   Code   RO         2046    i.VCP_DataRx        driver_usbvcp.o
    0x08007b9a   0x08007b9a   0x00000004   Code   RO         2047    i.VCP_DataTx        driver_usbvcp.o
    0x08007b9e   0x08007b9e   0x00000004   Code   RO         2048    i.VCP_DeInit        driver_usbvcp.o
    0x08007ba2   0x08007ba2   0x00000004   Code   RO         2049    i.VCP_Init          driver_usbvcp.o
    0x08007ba6   0x08007ba6   0x00000002   Code   RO         3123    i.WWDG_IRQHandler   bsp_watchdog.o
    0x08007ba8   0x08007ba8   0x00000054   Code   RO         1229    i.Write_DATA        app.o
    0x08007bfc   0x08007bfc   0x0000003c   Code   RO         1107    i.XHCDataInit       xhc_task.o
    0x08007c38   0x08007c38   0x000000d8   Code   RO         1109    i.XHC_TaskUpdateTask  xhc_task.o
    0x08007d10   0x08007d10   0x00000020   Code   RO         9734    i.__0printf         mc_w.l(printfa.o)
    0x08007d30   0x08007d30   0x00000034   Code   RO         9739    i.__0vsnprintf      mc_w.l(printfa.o)
    0x08007d64   0x08007d64   0x0000000e   Code   RO         9902    i.__scatterload_copy  mc_w.l(handlers.o)
    0x08007d72   0x08007d72   0x00000002   Code   RO         9903    i.__scatterload_null  mc_w.l(handlers.o)
    0x08007d74   0x08007d74   0x0000000e   Code   RO         9904    i.__scatterload_zeroinit  mc_w.l(handlers.o)
    0x08007d82   0x08007d82   0x00000002   PAD
    0x08007d84   0x08007d84   0x00000184   Code   RO         9741    i._fp_digits        mc_w.l(printfa.o)
    0x08007f08   0x08007f08   0x0000000e   Code   RO         9796    i._is_digit         mc_w.l(scanf_fp.o)
    0x08007f16   0x08007f16   0x00000002   PAD
    0x08007f18   0x08007f18   0x000006b4   Code   RO         9742    i._printf_core      mc_w.l(printfa.o)
    0x080085cc   0x080085cc   0x00000024   Code   RO         9743    i._printf_post_padding  mc_w.l(printfa.o)
    0x080085f0   0x080085f0   0x0000002e   Code   RO         9744    i._printf_pre_padding  mc_w.l(printfa.o)
    0x0800861e   0x0800861e   0x00000016   Code   RO         9745    i._snputc           mc_w.l(printfa.o)
    0x08008634   0x08008634   0x00000040   Code   RO            4    i.appInit           app_init.o
    0x08008674   0x08008674   0x00000034   Code   RO         8814    i.aqCalloc          util.o
    0x080086a8   0x080086a8   0x00000020   Code   RO         8816    i.aqFree            util.o
    0x080086c8   0x080086c8   0x0000001c   Code   RO         1860    i.clockCountInit    driver_clockcount.o
    0x080086e4   0x080086e4   0x000000c4   Code   RO         9015    i.configFlashWrite  config.o
    0x080087a8   0x080087a8   0x00000150   Code   RO         9016    i.configInit        config.o
    0x080088f8   0x080088f8   0x0000016c   Code   RO         9017    i.configLoadDefault  config.o
    0x08008a64   0x08008a64   0x00000038   Code   RO          434    i.controlInit       control.o
    0x08008a9c   0x08008a9c   0x00000038   Code   RO          435    i.controlUpdateTask  control.o
    0x08008ad4   0x08008ad4   0x0000001c   Code   RO         8820    i.delay_ms          util.o
    0x08008af0   0x08008af0   0x00000022   Code   RO         8821    i.delay_us          util.o
    0x08008b12   0x08008b12   0x00000002   PAD
    0x08008b14   0x08008b14   0x00000056   Code   RO         9093    i.flashAddress      driver_flash.o
    0x08008b6a   0x08008b6a   0x00000002   PAD
    0x08008b6c   0x08008b6c   0x000001d0   Code   RO         9094    i.flashErase        driver_flash.o
    0x08008d3c   0x08008d3c   0x00000008   Code   RO         9096    i.flashStartAddr    driver_flash.o
    0x08008d44   0x08008d44   0x00000024   Code   RO         3281    i.fputc             usartx.o
    0x08008d68   0x08008d68   0x00000050   Code   RO         9762    i.free              mc_w.l(malloc.o)
    0x08008db8   0x08008db8   0x00000008   Code   RO          823    i.getsupervisorData  supervisor.o
    0x08008dc0   0x08008dc0   0x00000048   Code   RO          792    i.main              main.o
    0x08008e08   0x08008e08   0x0000006c   Code   RO         9763    i.malloc            mc_w.l(malloc.o)
    0x08008e74   0x08008e74   0x00000074   Code   RO         7260    i.prvAddCurrentTaskToDelayedList  tasks.o
    0x08008ee8   0x08008ee8   0x00000068   Code   RO         7261    i.prvIdleTask       tasks.o
    0x08008f50   0x08008f50   0x000000cc   Code   RO         7581    i.prvSampleTimeNow  timers.o
    0x0800901c   0x0800901c   0x0000002c   Code   RO         6855    i.prvTaskExitError  port.o
    0x08009048   0x08009048   0x000002bc   Code   RO         7582    i.prvTimerTask      timers.o
    0x08009304   0x08009304   0x0000006c   Code   RO         7086    i.prvUnlockQueue    queue.o
    0x08009370   0x08009370   0x00000184   Code   RO         6930    i.pvPortMalloc      heap_4.o
    0x080094f4   0x080094f4   0x0000002c   Code   RO         6856    i.pxPortInitialiseStack  port.o
    0x08009520   0x08009520   0x0000005e   Code   RO         1231    i.time2_init        app.o
    0x0800957e   0x0800957e   0x00000002   PAD
    0x08009580   0x08009580   0x000000c0   Code   RO         3288    i.uart1_init        usartx.o
    0x08009640   0x08009640   0x000000d0   Code   RO         3289    i.uart2_init        usartx.o
    0x08009710   0x08009710   0x000000b0   Code   RO         3290    i.uart3_init        usartx.o
    0x080097c0   0x080097c0   0x000000ac   Code   RO         3291    i.uart4_init        usartx.o
    0x0800986c   0x0800986c   0x00000002   Code   RO         2050    i.usbVCP_DataRX_Handle  driver_usbvcp.o
    0x0800986e   0x0800986e   0x00000002   PAD
    0x08009870   0x08009870   0x00000050   Code   RO         2052    i.usbVCP_Printf     driver_usbvcp.o
    0x080098c0   0x080098c0   0x00000070   Code   RO         2056    i.usbd_cdc_DataIn   driver_usbvcp.o
    0x08009930   0x08009930   0x00000034   Code   RO         2057    i.usbd_cdc_DataOut  driver_usbvcp.o
    0x08009964   0x08009964   0x00000028   Code   RO         2058    i.usbd_cdc_DeInit   driver_usbvcp.o
    0x0800998c   0x0800998c   0x00000024   Code   RO         2059    i.usbd_cdc_EP0_RxReady  driver_usbvcp.o
    0x080099b0   0x080099b0   0x00000050   Code   RO         2060    i.usbd_cdc_Init     driver_usbvcp.o
    0x08009a00   0x08009a00   0x00000084   Code   RO         2061    i.usbd_cdc_SOF      driver_usbvcp.o
    0x08009a84   0x08009a84   0x000000a0   Code   RO         2062    i.usbd_cdc_Setup    driver_usbvcp.o
    0x08009b24   0x08009b24   0x00000026   Code   RO         6813    i.uxListRemove      list.o
    0x08009b4a   0x08009b4a   0x00000002   Code   RO         8769    i.vApplicationIdleHook  cpu_utils.o
    0x08009b4c   0x08009b4c   0x00000002   Code   RO         8771    i.vApplicationStackOverflowHook  cpu_utils.o
    0x08009b4e   0x08009b4e   0x00000016   Code   RO         6814    i.vListInitialise   list.o
    0x08009b64   0x08009b64   0x00000006   Code   RO         6815    i.vListInitialiseItem  list.o
    0x08009b6a   0x08009b6a   0x00000002   PAD
    0x08009b6c   0x08009b6c   0x0000003a   Code   RO         6816    i.vListInsert       list.o
    0x08009ba6   0x08009ba6   0x00000018   Code   RO         6817    i.vListInsertEnd    list.o
    0x08009bbe   0x08009bbe   0x00000002   PAD
    0x08009bc0   0x08009bc0   0x00000040   Code   RO         6858    i.vPortEnterCritical  port.o
    0x08009c00   0x08009c00   0x0000002c   Code   RO         6859    i.vPortExitCritical  port.o
    0x08009c2c   0x08009c2c   0x000000a4   Code   RO         6931    i.vPortFree         heap_4.o
    0x08009cd0   0x08009cd0   0x00000054   Code   RO         6861    i.vPortValidateInterruptPriority  port.o
    0x08009d24   0x08009d24   0x00000028   Code   RO         7092    i.vQueueAddToRegistry  queue.o
    0x08009d4c   0x08009d4c   0x0000004a   Code   RO         7096    i.vQueueWaitForMessageRestricted  queue.o
    0x08009d96   0x08009d96   0x00000002   PAD
    0x08009d98   0x08009d98   0x00000090   Code   RO         7273    i.vTaskDelayUntil   tasks.o
    0x08009e28   0x08009e28   0x000000d4   Code   RO         7274    i.vTaskDelete       tasks.o
    0x08009efc   0x08009efc   0x00000010   Code   RO         7278    i.vTaskInternalSetTimeOutState  tasks.o
    0x08009f0c   0x08009f0c   0x0000000c   Code   RO         7280    i.vTaskMissedYield  tasks.o
    0x08009f18   0x08009f18   0x00000034   Code   RO         7282    i.vTaskPlaceOnEventList  tasks.o
    0x08009f4c   0x08009f4c   0x0000003c   Code   RO         7283    i.vTaskPlaceOnEventListRestricted  tasks.o
    0x08009f88   0x08009f88   0x00000080   Code   RO         7291    i.vTaskStartScheduler  tasks.o
    0x0800a008   0x0800a008   0x00000010   Code   RO         7293    i.vTaskSuspendAll   tasks.o
    0x0800a018   0x0800a018   0x00000094   Code   RO         7294    i.vTaskSwitchContext  tasks.o
    0x0800a0ac   0x0800a0ac   0x0000001a   Code   RO         6988    i.xEventGroupCreate  event_groups.o
    0x0800a0c6   0x0800a0c6   0x00000002   PAD
    0x0800a0c8   0x0800a0c8   0x00000124   Code   RO         6862    i.xPortStartScheduler  port.o
    0x0800a1ec   0x0800a1ec   0x0000008e   Code   RO         7099    i.xQueueGenericCreate  queue.o
    0x0800a27a   0x0800a27a   0x00000002   PAD
    0x0800a27c   0x0800a27c   0x000001d4   Code   RO         7101    i.xQueueGenericSend  queue.o
    0x0800a450   0x0800a450   0x0000011a   Code   RO         7102    i.xQueueGenericSendFromISR  queue.o
    0x0800a56a   0x0800a56a   0x00000002   PAD
    0x0800a56c   0x0800a56c   0x00000158   Code   RO         7109    i.xQueueReceive     queue.o
    0x0800a6c4   0x0800a6c4   0x00000080   Code   RO         7295    i.xTaskCheckForTimeOut  tasks.o
    0x0800a744   0x0800a744   0x0000018c   Code   RO         7296    i.xTaskCreate       tasks.o
    0x0800a8d0   0x0800a8d0   0x0000001c   Code   RO         7300    i.xTaskGetSchedulerState  tasks.o
    0x0800a8ec   0x0800a8ec   0x0000000c   Code   RO         7301    i.xTaskGetTickCount  tasks.o
    0x0800a8f8   0x0800a8f8   0x000000ec   Code   RO         7303    i.xTaskIncrementTick  tasks.o
    0x0800a9e4   0x0800a9e4   0x0000009c   Code   RO         7306    i.xTaskPriorityDisinherit  tasks.o
    0x0800aa80   0x0800aa80   0x00000078   Code   RO         7308    i.xTaskRemoveFromEventList  tasks.o
    0x0800aaf8   0x0800aaf8   0x000001c0   Code   RO         7309    i.xTaskResumeAll    tasks.o
    0x0800acb8   0x0800acb8   0x00000090   Code   RO         7588    i.xTimerCreateTimerTask  timers.o
    0x0800ad48   0x0800ad48   0x00000078   Code   RO         7589    i.xTimerGenericCommand  timers.o
    0x0800adc0   0x0800adc0   0x00000040   Data   RO         9898    .constdata          mc_w.l(ctype_c.o)
    0x0800ae00   0x0800ae00   0x00000020   Data   RO         9900    Region$$Table       anon$$obj.o


    Execution Region ER_RW (Exec base: 0x20000000, Load base: 0x0800ae20, Size: 0x000004bc, Max: 0xffffffff, ABSOLUTE, COMPRESSED[0x0000013c])

    Exec Addr    Load Addr    Size         Type   Attr      Idx    E Section Name        Object

    0x20000000   COMPRESSED   0x00000004   Data   RW            5    .data               app_init.o
    0x20000004   COMPRESSED   0x00000004   Data   RW          438    .data               control.o
    0x20000008   COMPRESSED   0x00000004   Data   RW          441    .data               control.o
    0x2000000c   COMPRESSED   0x00000004   Data   RW          442    .data               control.o
    0x20000010   COMPRESSED   0x00000004   Data   RW          443    .data               control.o
    0x20000014   COMPRESSED   0x00000004   Data   RW          608    .data               odrive.o
    0x20000018   COMPRESSED   0x00000004   Data   RW          793    .data               main.o
    0x2000001c   COMPRESSED   0x00000120   Data   RW          926    .data               pid.o
    0x2000013c   COMPRESSED   0x00000006   Data   RW         1057    .data               balance.o
    0x20000142   COMPRESSED   0x00000006   Data   RW         1058    .data               balance.o
    0x20000148   COMPRESSED   0x00000006   Data   RW         1059    .data               balance.o
    0x2000014e   COMPRESSED   0x00000002   PAD
    0x20000150   COMPRESSED   0x000000b9   Data   RW         1234    .data               app.o
    0x20000209   COMPRESSED   0x00000003   PAD
    0x2000020c   COMPRESSED   0x00000004   Data   RW         1237    .data               app.o
    0x20000210   COMPRESSED   0x00000001   Data   RW         1245    .data               app.o
    0x20000211   COMPRESSED   0x00000003   PAD
    0x20000214   COMPRESSED   0x00000004   Data   RW         1247    .data               app.o
    0x20000218   COMPRESSED   0x00000002   Data   RW         1256    .data               app.o
    0x2000021a   COMPRESSED   0x00000002   Data   RW         1261    .data               app.o
    0x2000021c   COMPRESSED   0x00000001   Data   RW         1267    .data               app.o
    0x2000021d   COMPRESSED   0x00000001   Data   RW         1268    .data               app.o
    0x2000021e   COMPRESSED   0x00000001   Data   RW         1273    .data               app.o
    0x2000021f   COMPRESSED   0x00000001   Data   RW         1274    .data               app.o
    0x20000220   COMPRESSED   0x00000001   Data   RW         1275    .data               app.o
    0x20000221   COMPRESSED   0x00000001   Data   RW         1278    .data               app.o
    0x20000222   COMPRESSED   0x00000001   Data   RW         1279    .data               app.o
    0x20000223   COMPRESSED   0x00000001   Data   RW         1280    .data               app.o
    0x20000224   COMPRESSED   0x00000001   Data   RW         1281    .data               app.o
    0x20000225   COMPRESSED   0x00000001   PAD
    0x20000226   COMPRESSED   0x00000002   Data   RW         1282    .data               app.o
    0x20000228   COMPRESSED   0x00000001   Data   RW         1283    .data               app.o
    0x20000229   COMPRESSED   0x00000001   Data   RW         1284    .data               app.o
    0x2000022a   COMPRESSED   0x00000001   Data   RW         1285    .data               app.o
    0x2000022b   COMPRESSED   0x00000001   Data   RW         1286    .data               app.o
    0x2000022c   COMPRESSED   0x00000001   Data   RW         1287    .data               app.o
    0x2000022d   COMPRESSED   0x00000001   Data   RW         1288    .data               app.o
    0x2000022e   COMPRESSED   0x00000001   Data   RW         1289    .data               app.o
    0x2000022f   COMPRESSED   0x00000001   Data   RW         1290    .data               app.o
    0x20000230   COMPRESSED   0x00000001   Data   RW         1291    .data               app.o
    0x20000231   COMPRESSED   0x00000001   Data   RW         1292    .data               app.o
    0x20000232   COMPRESSED   0x00000001   Data   RW         1293    .data               app.o
    0x20000233   COMPRESSED   0x00000001   PAD
    0x20000234   COMPRESSED   0x00000002   Data   RW         1294    .data               app.o
    0x20000236   COMPRESSED   0x00000001   Data   RW         1295    .data               app.o
    0x20000237   COMPRESSED   0x00000001   Data   RW         1296    .data               app.o
    0x20000238   COMPRESSED   0x00000004   Data   RW         1300    .data               app.o
    0x2000023c   COMPRESSED   0x00000051   Data   RW         1526    .data               state.o
    0x2000028d   COMPRESSED   0x00000001   Data   RW         1528    .data               state.o
    0x2000028e   COMPRESSED   0x00000002   Data   RW         1547    .data               state.o
    0x20000290   COMPRESSED   0x00000002   Data   RW         1548    .data               state.o
    0x20000292   COMPRESSED   0x00000002   Data   RW         1549    .data               state.o
    0x20000294   COMPRESSED   0x00000002   Data   RW         1550    .data               state.o
    0x20000296   COMPRESSED   0x00000002   Data   RW         1551    .data               state.o
    0x20000298   COMPRESSED   0x00000002   Data   RW         1552    .data               state.o
    0x2000029a   COMPRESSED   0x00000002   Data   RW         1553    .data               state.o
    0x2000029c   COMPRESSED   0x00000002   Data   RW         1554    .data               state.o
    0x2000029e   COMPRESSED   0x00000002   Data   RW         1814    .data               myadc.o
    0x200002a0   COMPRESSED   0x00000004   Data   RW         1815    .data               myadc.o
    0x200002a4   COMPRESSED   0x00000004   Data   RW         1816    .data               myadc.o
    0x200002a8   COMPRESSED   0x00000004   Data   RW         1861    .data               driver_clockcount.o
    0x200002ac   COMPRESSED   0x00000114   Data   RW         2065    .data               driver_usbvcp.o
    0x200003c0   COMPRESSED   0x00000010   Data   RW         3299    .data               usartx.o
    0x200003d0   COMPRESSED   0x00000004   Data   RW         3301    .data               usartx.o
    0x200003d4   COMPRESSED   0x00000010   Data   RW         4289    .data               stm32f4xx_rcc.o
    0x200003e4   COMPRESSED   0x0000000c   Data   RW         6863    .data               port.o
    0x200003f0   COMPRESSED   0x00000018   Data   RW         6936    .data               heap_4.o
    0x20000408   COMPRESSED   0x00000044   Data   RW         7312    .data               tasks.o
    0x2000044c   COMPRESSED   0x00000014   Data   RW         7597    .data               timers.o
    0x20000460   COMPRESSED   0x0000002c   Data   RW         8053    .data               usbd_core.o
    0x2000048c   COMPRESSED   0x00000004   Data   RW         8054    .data               usbd_core.o
    0x20000490   COMPRESSED   0x00000004   Data   RW         8055    .data               usbd_core.o
    0x20000494   COMPRESSED   0x00000010   Data   RW         8213    .data               usbd_req.o
    0x200004a4   COMPRESSED   0x00000010   Data   RW         8837    .data               util.o
    0x200004b4   COMPRESSED   0x00000004   Data   RW         9863    .data               mc_w.l(mvars.o)
    0x200004b8   COMPRESSED   0x00000004   Data   RW         9864    .data               mc_w.l(mvars.o)


    Execution Region ER_ZI (Exec base: 0x200004bc, Load base: 0x0800af5c, Size: 0x000138b4, Max: 0xffffffff, ABSOLUTE)

    Exec Addr    Load Addr    Size         Type   Attr      Idx    E Section Name        Object

    0x200004bc        -       0x0000000c   Zero   RW          437    .bss                control.o
    0x200004c8        -       0x0000024c   Zero   RW          605    .bss                odrive.o
    0x20000714        -       0x00000053   Zero   RW          831    .bss                supervisor.o
    0x20000767   0x0800af5c   0x00000001   PAD
    0x20000768        -       0x00000048   Zero   RW          925    .bss                pid.o
    0x200007b0        -       0x00000023   Zero   RW         1055    .bss                balance.o
    0x200007d3        -       0x00000010   Zero   RW         1056    .bss                balance.o
    0x200007e3        -       0x00000009   Zero   RW         1111    .bss                xhc_task.o
    0x200007ec        -       0x00000020   Zero   RW         1157    .bss                can2_task.o
    0x2000080c        -       0x000001b5   Zero   RW         1232    .bss                app.o
    0x200009c1        -       0x0000059c   Zero   RW         1522    .bss                state.o
    0x20000f5d   0x0800af5c   0x00000001   PAD
    0x20000f5e        -       0x00000014   Zero   RW         1813    .bss                myadc.o
    0x20000f72   0x0800af5c   0x00000002   PAD
    0x20000f74        -       0x00000f34   Zero   RW         2064    .bss                driver_usbvcp.o
    0x20001ea8        -       0x000008b8   Zero   RW         3296    .bss                usartx.o
    0x20002760        -       0x0000f000   Zero   RW         6935    .bss                heap_4.o
    0x20011760        -       0x00000040   Zero   RW         7113    .bss                queue.o
    0x200117a0        -       0x000001a4   Zero   RW         7311    .bss                tasks.o
    0x20011944        -       0x00000028   Zero   RW         7596    .bss                timers.o
    0x2001196c   0x0800af5c   0x00000004   PAD
    0x20011970        -       0x00002000   Zero   RW         9005    HEAP                startup_stm32f40_41xxx.o
    0x20013970        -       0x00000400   Zero   RW         9004    STACK               startup_stm32f40_41xxx.o



  Load Region LR$$.ARM.__AT_0x10006000 (Base: 0x10006000, Size: 0x00000000, Max: 0x000000dc, ABSOLUTE)

    Execution Region ER$$.ARM.__AT_0x10006000 (Exec base: 0x10006000, Load base: 0x10006000, Size: 0x000000dc, Max: 0x000000dc, ABSOLUTE, UNINIT)

    Exec Addr    Load Addr    Size         Type   Attr      Idx    E Section Name        Object

    0x10006000        -       0x000000dc   Zero   RW         9023    .ARM.__AT_0x10006000  config.o


==============================================================================

Image component sizes


      Code (inc. data)   RO Data    RW Data    ZI Data      Debug   Object Name

      3498        276          0        228        437      19695   app.o
        64         10          0          4          0     395162   app_init.o
         0          0          0         18         51       1446   balance.o
       880         48          0          0          0       7163   bsp_eeprom.o
         0          0          0          0          0      15488   bsp_exit.o
       536          0          0          0          0       3350   bsp_timer.o
         2          0          0          0          0        458   bsp_watchdog.o
       880        130          0          0         32       3481   can2_task.o
       204          8          0          0          0       1689   cigan.o
         0          0          0          0          0       1472   clockcount.o
       896        174          0          0        220       7027   config.o
       112         24          0         16         12       3270   control.o
         4          0          0          0          0        999   cpu_utils.o
        28          8          0          4          0       1414   driver_clockcount.o
       558         10          0          0          0       3285   driver_flash.o
      1208        268          0        276       3892      26827   driver_usbvcp.o
        20          6          0          0          0        458   encoder.o
        26          0          0          0          0      10290   event_groups.o
       552         22          0         24      61440      11711   heap_4.o
       248         24          0          0          0       2639   isp_exit.o
         6          0          0          0          0       1350   isp_spi.o
        64         10          0          0          0       2890   isp_tim.o
       148          0          0          0          0       3198   list.o
        72         32          0          4          0       1067   main.o
       132         12          0          0          0       1759   misc.o
       408         50          0         10         20       2971   myadc.o
      2836         34          0          4        588      13290   odrive.o
       268         46          0        288         72       9611   pid.o
       806         90          0         12          0      11049   port.o
      1458         14          0          0         64      11850   queue.o
        36          8        392          0       9216        864   startup_stm32f40_41xxx.o
      5544        834          0         98       1436      18527   state.o
       370         12          0          0          0       7279   stm32f4xx_adc.o
      1014         30          0          0          0       7876   stm32f4xx_can.o
       678        126          0          0          0       7519   stm32f4xx_dma.o
       188         26          0          0          0       2949   stm32f4xx_exti.o
       448         50          0          0          0       6013   stm32f4xx_flash.o
       214          0          0          0          0       3773   stm32f4xx_gpio.o
        30          6          0          0          0       3209   stm32f4xx_it.o
       240         36          0         16          0       5207   stm32f4xx_rcc.o
        46          0          0          0          0        704   stm32f4xx_syscfg.o
       334          8          0          0          0       9109   stm32f4xx_tim.o
       392          4          0          0          0       7908   stm32f4xx_usart.o
         8          4          0          0         83       1472   supervisor.o
       260         36          0          0          0       1313   system_stm32f4xx.o
      2532        202          0         68        420      21523   tasks.o
      1168         64          0         20         40       8863   timers.o
      2352        422          0         20       2232     249106   usartx.o
      1218         10          0          0          0      33950   usb_core.o
       370          0          0          0          0       5469   usb_dcd.o
      1544         80          0          0          0       5399   usb_dcd_int.o
       578          6          0         52          0       9778   usbd_core.o
       168          0          0          0          0       4640   usbd_ioreq.o
      1316         54          0         16          0       7832   usbd_req.o
       146         10          0         16          0       5842   util.o
       276         50          0          0          9       1974   xhc_task.o

    ----------------------------------------------------------------------
     37446       3378        424       1204      80272    1014457   Object Totals
         0          0         32          0          0          0   (incl. Generated)
        62          4          0         10          8          0   (incl. Padding)

    ----------------------------------------------------------------------

      Code (inc. data)   RO Data    RW Data    ZI Data      Debug   Library Member Name

        56          8          0          0          0         84   __0sscanf.o
        86          0          0          0          0          0   __dczerorl2.o
        28          0          0          0          0         68   _chval.o
       816          6          0          0          0        112   _scanf.o
       332          0          0          0          0         96   _scanf_int.o
        64          0          0          0          0         84   _sgetc.o
        40          6         64          0          0         68   ctype_c.o
         0          0          0          0          0          0   entry.o
         0          0          0          0          0          0   entry10a.o
         0          0          0          0          0          0   entry11a.o
         4          0          0          0          0          0   entry12b.o
         8          4          0          0          0          0   entry2.o
         4          0          0          0          0          0   entry5.o
         0          0          0          0          0          0   entry7b.o
         0          0          0          0          0          0   entry8b.o
         8          4          0          0          0          0   entry9a.o
        30          0          0          0          0          0   handlers.o
        36          8          0          0          0         68   init.o
        10          0          0          0          0         68   isspace_c.o
         0          0          0          0          0          0   iusefp.o
        30          0          0          0          0         68   llshl.o
        36          0          0          0          0         68   llsshr.o
        32          0          0          0          0         68   llushr.o
       188         20          0          0          0        160   malloc.o
        36          0          0          0          0         68   memcpya.o
        36          0          0          0          0        108   memseta.o
         0          0          0          8          0          0   mvars.o
      2292         96          0          0          0        612   printfa.o
        40          8          0          0          0         84   scanf_char.o
       878         12          0          0          0        216   scanf_fp.o
        30          0          0          0          0         80   strncmp.o
        44          0          0          0          0         80   uidiv.o
        98          0          0          0          0         92   uldiv.o
        48          0          0          0          0         68   cdrcmple.o
        56          0          0          0          0         88   d2f.o
       334          0          0          0          0        148   dadd.o
       222          0          0          0          0        100   ddiv.o
       186          0          0          0          0        176   depilogue.o
        50          0          0          0          0         76   dfixui.o
        48          0          0          0          0         68   dfixul.o
        26          0          0          0          0         76   dfltui.o
        24          0          0          0          0         76   dfltul.o
       228          0          0          0          0         96   dmul.o
        38          0          0          0          0         68   f2d.o
       110          0          0          0          0        168   fepilogue.o

    ----------------------------------------------------------------------
      6642        172         64          8          0       3560   Library Totals
        10          0          0          0          0          0   (incl. Padding)

    ----------------------------------------------------------------------

      Code (inc. data)   RO Data    RW Data    ZI Data      Debug   Library Name

      5262        172         64          8          0       2352   mc_w.l
      1370          0          0          0          0       1208   mf_w.l

    ----------------------------------------------------------------------
      6642        172         64          8          0       3560   Library Totals

    ----------------------------------------------------------------------

==============================================================================


      Code (inc. data)   RO Data    RW Data    ZI Data      Debug   

     44088       3550        488       1212      80272     987277   Grand Totals
     44088       3550        488        316      80272     987277   ELF Image Totals (compressed)
     44088       3550        488        316          0          0   ROM Totals

==============================================================================

    Total RO  Size (Code + RO Data)                44576 (  43.53kB)
    Total RW  Size (RW Data + ZI Data)             81484 (  79.57kB)
    Total ROM Size (Code + RO Data + RW Data)      44892 (  43.84kB)

==============================================================================

