<html>
<body>
<pre>
<h1>µVision Build Log</h1>
<h2>Tool Versions:</h2>
IDE-Version: ¦ÌVision V5.35.0.0
Copyright (C) 2021 ARM Ltd and ARM Germany GmbH. All rights reserved.
License Information: AAA RUANYONGYI, XIAONAN, LIC=21E4T-RU3XD-AR6XW-QQZSI-KKDD0-62BNS
 
Tool Versions:
Toolchain:       MDK-ARM Plus  Version: 5.35.0.2
Toolchain Path:  D:\Keil_v5\ARM\ARMCC\Bin
C Compiler:      Armcc.exe V5.06 update 7 (build 960)
Assembler:       Armasm.exe V5.06 update 7 (build 960)
Linker/Locator:  ArmLink.exe V5.06 update 7 (build 960)
Library Manager: ArmAr.exe V5.06 update 7 (build 960)
Hex Converter:   FromElf.exe V5.06 update 7 (build 960)
CPU DLL:         SARMCM3.DLL V5.35.0.2
Dialog DLL:      DCM.DLL V1.17.3.0
Target DLL:      CMSIS_AGDI.dll V1.33.0.0
Dialog DLL:      TCM.DLL V1.53.0.0
 
<h2>Project:</h2>
C:\Users\RUANYONGYI\Desktop\OdriveTrainRev2.0(241202)\OdriveTrainRev2.0(241202)\ModularReader.uvprojx
Project File Date:  12/02/2024

<h2>Output:</h2>
*** Using Compiler 'V5.06 update 7 (build 960)', folder: 'D:\Keil_v5\ARM\ARMCC\Bin'
Build target 'ModularReader'
compiling app_Init.c...
compiling supervisor.c...
compiling XHC_Task.c...
compiling main.c...
compiling control.c...
compiling balance.c...
Applications\balance.c(70): warning:  #1035-D: single-precision operand implicitly converted to double-precision
  			}else if(OdReceivedData.vel_estimate[1].float_temp * 0.2199f  > 0.2){
Applications\balance.c: 1 warning, 0 errors
compiling BSP_eeprom.c...
compiling odrive.c...
Applications\odrive.c(1302): warning:  #111-D: statement is unreachable
  						break;								
Applications\odrive.c(1360): warning:  #111-D: statement is unreachable
  						break;								
Applications\odrive.c(1420): warning:  #111-D: statement is unreachable
  						break;								
Applications\odrive.c(1478): warning:  #111-D: statement is unreachable
  						break;								
Applications\odrive.c(904): warning:  #550-D: variable "can2"  was set but never used
  static BSP_CAN_TypeDef can2;
Applications\odrive.c: 5 warnings, 0 errors
compiling remote.c...
compiling isp_exit.c...
compiling pid.c...
Applications\pid.c(291): warning:  #550-D: variable "last_dev"  was set but never used
  	 static float Bias,Pwm,Last_bias=0,Prev_bias=0,Incremental_KP,Incremental_KI,Incremental_KD,last_dev,this_dev,alpha;
Applications\pid.c(291): warning:  #177-D: variable "alpha"  was declared but never referenced
  	 static float Bias,Pwm,Last_bias=0,Prev_bias=0,Incremental_KP,Incremental_KI,Incremental_KD,last_dev,this_dev,alpha;
Applications\pid.c(373): warning:  #1035-D: single-precision operand implicitly converted to double-precision
  	if(Pwm>0.1) Pwm  =  0.1;
Applications\pid.c(493): warning:  #550-D: variable "last_Input"  was set but never used
      static float Bias,Pwm,Last_Bias,Integral_bias=0,Position_KP,Position_KI,Position_KD,last_dev,this_dev,alpha,last_Input;
Applications\pid.c(690): warning:  #177-D: variable "a"  was declared but never referenced
      static float Bias,Pwm,Last_Bias,Integral_bias=0,a = 0;
Applications\pid.c: 5 warnings, 0 errors
compiling isp_spi.c...
compiling MYADC.c...
compiling CAN2_Task.c...
compiling app.c...
Applications\APP\app.c(930): warning:  #940-D: missing return statement at end of non-void function "LoadingStation" 
  }
Applications\APP\app.c: 1 warning, 0 errors
compiling State.c...
Applications\STATE\State.c(1096): warning:  #1035-D: single-precision operand implicitly converted to double-precision
  	SendDataBuf3[13+3] = PIDA.PWM*0.03;
Applications\STATE\State.c(2430): warning:  #1035-D: single-precision operand implicitly converted to double-precision
  			gSpeedRA = -OdReceivedData.vel_estimate[0].float_temp *22.0;
Applications\STATE\State.c(2433): warning:  #1035-D: single-precision operand implicitly converted to double-precision
  			gSpeedRB =  OdReceivedData.vel_estimate[1].float_temp *22.0;
Applications\STATE\State.c(2436): warning:  #1035-D: single-precision operand implicitly converted to double-precision
  			gSpeedRC = -OdReceivedData.vel_estimate[2].float_temp *22.0;
Applications\STATE\State.c(2439): warning:  #1035-D: single-precision operand implicitly converted to double-precision
  			gSpeedRD =  OdReceivedData.vel_estimate[3].float_temp *22.0;
Applications\STATE\State.c: 5 warnings, 0 errors
compiling isp_tim.c...
compiling cigan.c...
compiling encoder.c...
compiling usartx.c...
BSP\usartx.c(838): warning:  #188-D: enumerated type mixed with another type
  				OdriveData.AxisState[0] = 27;
BSP\usartx.c(959): warning:  #177-D: variable "ucRxBuffer"  was declared but never referenced
  	static unsigned char ucRxBuffer[250];
BSP\usartx.c: 2 warnings, 0 errors
compiling config.c...
linking...
Program Size: Code=62916 RO-data=1924 RW-data=1472 ZI-data=83180  
FromELF: creating hex file...
After Build - User command #1: fromelf --bin -o ".\bin_file\ModularReader.bin" "C:\Users\RUANYONGYI\Desktop\OdriveTrainRev2.0(241202)\OdriveTrainRev2.0(241202)\Objects\ModularReader.axf"
".\Objects\ModularReader.axf" - 0 Error(s), 19 Warning(s).

<h2>Software Packages used:</h2>

Package Vendor: Keil
                http://www.keil.com/pack/Keil.STM32F4xx_DFP.2.7.0.pack
                Keil.STM32F4xx_DFP.2.7.0
                STMicroelectronics STM32F4 Series Device Support, Drivers and Examples

<h2>Collection of Component include folders:</h2>
  C:\Users\RUANYONGYI\AppData\Local\Arm\Packs\Keil\STM32F4xx_DFP\2.7.0\Drivers\CMSIS\Device\ST\STM32F4xx\Include

<h2>Collection of Component Files used:</h2>
Build Time Elapsed:  00:00:18
</pre>
</body>
</html>
